###############################################################################
#
# IAR ELF Linker V8.22.2.15995/W32 for ARM                03/Mar/2020  19:09:07
# Copyright 2007-2018 IAR Systems AB.
#
#    Output file  =  
#        H:\cp_data\STM32\develop_stm32f405\BootLoad\project\Debug\Exe\boot_stm32f4xx.out
#    Map file     =  
#        H:\cp_data\STM32\develop_stm32f405\BootLoad\project\Debug\List\boot_stm32f4xx.map
#    Command line =  
#        -f C:\Users\admin\AppData\Local\Temp\EW3074.tmp
#        (H:\cp_data\STM32\develop_stm32f405\BootLoad\project\Debug\Obj\boot2.o
#        H:\cp_data\STM32\develop_stm32f405\BootLoad\project\Debug\Obj\delay.o
#        H:\cp_data\STM32\develop_stm32f405\BootLoad\project\Debug\Obj\led.o
#        H:\cp_data\STM32\develop_stm32f405\BootLoad\project\Debug\Obj\main.o
#        H:\cp_data\STM32\develop_stm32f405\BootLoad\project\Debug\Obj\misc.o
#        H:\cp_data\STM32\develop_stm32f405\BootLoad\project\Debug\Obj\startup_stm32f40_41xxx.o
#        H:\cp_data\STM32\develop_stm32f405\BootLoad\project\Debug\Obj\stm32_flash.o
#        H:\cp_data\STM32\develop_stm32f405\BootLoad\project\Debug\Obj\stm32f4xx_adc.o
#        H:\cp_data\STM32\develop_stm32f405\BootLoad\project\Debug\Obj\stm32f4xx_can.o
#        H:\cp_data\STM32\develop_stm32f405\BootLoad\project\Debug\Obj\stm32f4xx_crc.o
#        H:\cp_data\STM32\develop_stm32f405\BootLoad\project\Debug\Obj\stm32f4xx_cryp.o
#        H:\cp_data\STM32\develop_stm32f405\BootLoad\project\Debug\Obj\stm32f4xx_cryp_aes.o
#        H:\cp_data\STM32\develop_stm32f405\BootLoad\project\Debug\Obj\stm32f4xx_cryp_des.o
#        H:\cp_data\STM32\develop_stm32f405\BootLoad\project\Debug\Obj\stm32f4xx_cryp_tdes.o
#        H:\cp_data\STM32\develop_stm32f405\BootLoad\project\Debug\Obj\stm32f4xx_dac.o
#        H:\cp_data\STM32\develop_stm32f405\BootLoad\project\Debug\Obj\stm32f4xx_dbgmcu.o
#        H:\cp_data\STM32\develop_stm32f405\BootLoad\project\Debug\Obj\stm32f4xx_dcmi.o
#        H:\cp_data\STM32\develop_stm32f405\BootLoad\project\Debug\Obj\stm32f4xx_dma.o
#        H:\cp_data\STM32\develop_stm32f405\BootLoad\project\Debug\Obj\stm32f4xx_dma2d.o
#        H:\cp_data\STM32\develop_stm32f405\BootLoad\project\Debug\Obj\stm32f4xx_exti.o
#        H:\cp_data\STM32\develop_stm32f405\BootLoad\project\Debug\Obj\stm32f4xx_flash.o
#        H:\cp_data\STM32\develop_stm32f405\BootLoad\project\Debug\Obj\stm32f4xx_flash_ramfunc.o
#        H:\cp_data\STM32\develop_stm32f405\BootLoad\project\Debug\Obj\stm32f4xx_gpio.o
#        H:\cp_data\STM32\develop_stm32f405\BootLoad\project\Debug\Obj\stm32f4xx_hash.o
#        H:\cp_data\STM32\develop_stm32f405\BootLoad\project\Debug\Obj\stm32f4xx_hash_md5.o
#        H:\cp_data\STM32\develop_stm32f405\BootLoad\project\Debug\Obj\stm32f4xx_hash_sha1.o
#        H:\cp_data\STM32\develop_stm32f405\BootLoad\project\Debug\Obj\stm32f4xx_i2c.o
#        H:\cp_data\STM32\develop_stm32f405\BootLoad\project\Debug\Obj\stm32f4xx_it.o
#        H:\cp_data\STM32\develop_stm32f405\BootLoad\project\Debug\Obj\stm32f4xx_iwdg.o
#        H:\cp_data\STM32\develop_stm32f405\BootLoad\project\Debug\Obj\stm32f4xx_ltdc.o
#        H:\cp_data\STM32\develop_stm32f405\BootLoad\project\Debug\Obj\stm32f4xx_pwr.o
#        H:\cp_data\STM32\develop_stm32f405\BootLoad\project\Debug\Obj\stm32f4xx_rcc.o
#        H:\cp_data\STM32\develop_stm32f405\BootLoad\project\Debug\Obj\stm32f4xx_rng.o
#        H:\cp_data\STM32\develop_stm32f405\BootLoad\project\Debug\Obj\stm32f4xx_rtc.o
#        H:\cp_data\STM32\develop_stm32f405\BootLoad\project\Debug\Obj\stm32f4xx_sai.o
#        H:\cp_data\STM32\develop_stm32f405\BootLoad\project\Debug\Obj\stm32f4xx_sdio.o
#        H:\cp_data\STM32\develop_stm32f405\BootLoad\project\Debug\Obj\stm32f4xx_spi.o
#        H:\cp_data\STM32\develop_stm32f405\BootLoad\project\Debug\Obj\stm32f4xx_syscfg.o
#        H:\cp_data\STM32\develop_stm32f405\BootLoad\project\Debug\Obj\stm32f4xx_tim.o
#        H:\cp_data\STM32\develop_stm32f405\BootLoad\project\Debug\Obj\stm32f4xx_usart.o
#        H:\cp_data\STM32\develop_stm32f405\BootLoad\project\Debug\Obj\stm32f4xx_wwdg.o
#        H:\cp_data\STM32\develop_stm32f405\BootLoad\project\Debug\Obj\sys.o
#        H:\cp_data\STM32\develop_stm32f405\BootLoad\project\Debug\Obj\system_stm32f4xx.o
#        H:\cp_data\STM32\develop_stm32f405\BootLoad\project\Debug\Obj\usart.o
#        -o
#        H:\cp_data\STM32\develop_stm32f405\BootLoad\project\Debug\Exe\boot_stm32f4xx.out
#        --map
#        H:\cp_data\STM32\develop_stm32f405\BootLoad\project\Debug\List\boot_stm32f4xx.map
#        --config
#        H:\cp_data\STM32\develop_stm32f405\BootLoad\project\..\System\stm32f405xG.icf
#        --semihosting --entry __iar_program_start
#        E:\IAR_8_22\arm\CMSIS\Lib\IAR\iar_cortexM4lf_math.a --vfe --text_out
#        locale)
#
###############################################################################

*******************************************************************************
*** RUNTIME MODEL ATTRIBUTES
***

CppFlavor       = *
__SystemLibrary = DLib
__dlib_version  = 6


*******************************************************************************
*** HEAP SELECTION
***

The basic heap was selected because no calls to memory allocation
functions were found in the application outside of system library
functions, and there are calls to deallocation functions in the
application.


*******************************************************************************
*** PLACEMENT SUMMARY
***

"A0":  place at 0x08010000 { ro section .intvec };
"P1":  place in [from 0x08000000 to 0x0801ffff] { ro };
define block CSTACK with size = 8K, alignment = 8 { };
"P3":  place in [from 0x10000000 to 0x1000ffff] {
          block CSTACK, section .ccram };
define block HEAP with size = 8K, alignment = 8 { };
"P4":  place in [from 0x20000000 to 0x2001bfff] |
                [from 0x2001c000 to 0x2001ffff] { rw, block HEAP };
initialize by copy { rw };

No sections matched the following patterns:

  ro section application_specific_ro  in "P2"
  section .backup_sram                in "P5"
  section .ccram                      in "P3"


  Section            Kind        Address    Size  Object
  -------            ----        -------    ----  ------
"A0":                                      0x188
  .intvec            ro code  0x08010000   0x188  startup_stm32f40_41xxx.o [1]
                            - 0x08010188   0x188

"P1":                                     0x26b8
  .text              ro code  0x08010188   0xe22  xprintffull_nomb.o [3]
  .rodata            const    0x08010faa     0x1  boot2.o [1]
  .text              ro code  0x08010fac    0x16  strchr.o [5]
  .text              ro code  0x08010fc4    0x40  xfail_s.o [3]
  .text              ro code  0x08011004    0x36  strlen.o [5]
  .text              ro code  0x0801103c    0x58  memchr.o [5]
  .text              ro code  0x08011094   0x22e  I64DivMod.o [5]
  .text              ro code  0x080112c4   0x1a2  DblMul.o [4]
  .text              ro code  0x08011468    0xa6  ABImemcpy.o [5]
  .text              ro code  0x08011510    0x70  frexp.o [4]
  .text              ro code  0x08011580    0x2e  DblCmpLe.o [4]
  .text              ro code  0x080115b0    0x2e  DblCmpGe.o [4]
  .text              ro code  0x080115e0   0x13a  ldexp.o [4]
  .text              ro code  0x0801171c    0x3a  DblToS32.o [4]
  .text              ro code  0x08011758    0x22  S32ToDbl.o [4]
  .text              ro code  0x0801177c    0xe2  DblSub.o [4]
  .text              ro code  0x08011860   0x246  DblDiv.o [4]
  .text              ro code  0x08011aa8    0x28  DblToU32.o [4]
  .text              ro code  0x08011ad0    0x1a  U32ToDbl.o [4]
  .text              ro code  0x08011aec     0x8  xlocale_c.o [3]
  .text              ro code  0x08011af4     0x6  abort.o [3]
  .text              ro code  0x08011afc     0x2  I64DivZer.o [5]
  .text              ro code  0x08011b00   0x168  DblAdd.o [4]
  .text              ro code  0x08011c68    0x14  exit.o [6]
  .text              ro code  0x08011c7c   0x208  stm32f4xx_rcc.o [1]
  .text              ro code  0x08011e84   0x154  system_stm32f4xx.o [1]
  .text              ro code  0x08011fd8   0x104  usart.o [1]
  .text              ro code  0x080120dc    0x84  stm32f4xx_usart.o [1]
  .text              ro code  0x08012160    0x20  vprintf.o [3]
  .text              ro code  0x08012180    0xca  delay.o [1]
  .text              ro code  0x0801224c    0x38  misc.o [1]
  .text              ro code  0x08012284    0xac  stm32f4xx_gpio.o [1]
  .text              ro code  0x08012330    0xac  sys.o [1]
  .text              ro code  0x080123dc    0x48  boot2.o [1]
  .text              ro code  0x08012424    0x40  main.o [1]
  .text              ro code  0x08012464    0x3c  led.o [1]
  .text              ro code  0x080124a0    0x40  zero_init3.o [5]
  .text              ro code  0x080124e0    0x2c  copy_init3.o [5]
  .text              ro code  0x0801250c    0x28  data_init.o [5]
  .text              ro code  0x08012534    0x22  fpinit_M.o [4]
  .iar.init_table    const    0x08012558    0x24  - Linker created -
  .text              ro code  0x0801257c    0x1e  cmain.o [5]
  .text              ro code  0x0801259a     0x4  low_level_init.o [3]
  .text              ro code  0x0801259e     0x4  exit.o [3]
  .text              ro code  0x080125a4     0xa  cexit.o [5]
  .rodata            const    0x080125b0    0x18  boot2.o [1]
  .text              ro code  0x080125c8    0x16  xprout.o [3]
  .text              ro code  0x080125e0     0xc  putchar.o [3]
  .rodata            const    0x080125ec    0x10  boot2.o [1]
  .text              ro code  0x080125fc    0x10  startup_stm32f40_41xxx.o [1]
  .text              ro code  0x0801260c     0xc  stm32f4xx_it.o [1]
  .text              ro code  0x08012618     0xc  cstartup_M.o [5]
  .rodata            const    0x08012624     0x8  usart.o [1]
  .rodata            const    0x0801262c     0x8  usart.o [1]
  .rodata            const    0x08012634     0x8  usart.o [1]
  .rodata            const    0x0801263c     0x8  usart.o [1]
  .rodata            const    0x08012644     0x8  usart.o [1]
  .rodata            const    0x0801264c     0x8  usart.o [1]
  .rodata            const    0x08012654     0x8  usart.o [1]
  .rodata            const    0x0801265c     0x8  usart.o [1]
  .rodata            const    0x08012664     0x8  usart.o [1]
  .rodata            const    0x0801266c     0x4  xlocale_c.o [3]
  .text              ro code  0x08012670     0x4  startup_stm32f40_41xxx.o [1]
  .text              ro code  0x08012674     0x4  startup_stm32f40_41xxx.o [1]
  .text              ro code  0x08012678     0x4  startup_stm32f40_41xxx.o [1]
  .text              ro code  0x0801267c     0x4  startup_stm32f40_41xxx.o [1]
  .text              ro code  0x08012680     0x4  startup_stm32f40_41xxx.o [1]
  .text              ro code  0x08012684     0x4  startup_stm32f40_41xxx.o [1]
  .text              ro code  0x08012688     0x4  startup_stm32f40_41xxx.o [1]
  .text              ro code  0x0801268c     0x4  startup_stm32f40_41xxx.o [1]
  .text              ro code  0x08012690     0x4  startup_stm32f40_41xxx.o [1]
  .text              ro code  0x08012694     0x4  startup_stm32f40_41xxx.o [1]
  .text              ro code  0x08012698     0x4  startup_stm32f40_41xxx.o [1]
  .text              ro code  0x0801269c     0x4  startup_stm32f40_41xxx.o [1]
  .text              ro code  0x080126a0     0x4  startup_stm32f40_41xxx.o [1]
  .text              ro code  0x080126a4     0x4  startup_stm32f40_41xxx.o [1]
  .text              ro code  0x080126a8     0x4  startup_stm32f40_41xxx.o [1]
  .text              ro code  0x080126ac     0x4  startup_stm32f40_41xxx.o [1]
  .text              ro code  0x080126b0     0x4  startup_stm32f40_41xxx.o [1]
  .text              ro code  0x080126b4     0x4  startup_stm32f40_41xxx.o [1]
  .text              ro code  0x080126b8     0x4  startup_stm32f40_41xxx.o [1]
  .text              ro code  0x080126bc     0x4  startup_stm32f40_41xxx.o [1]
  .text              ro code  0x080126c0     0x4  startup_stm32f40_41xxx.o [1]
  .text              ro code  0x080126c4     0x4  startup_stm32f40_41xxx.o [1]
  .text              ro code  0x080126c8     0x4  startup_stm32f40_41xxx.o [1]
  .text              ro code  0x080126cc     0x4  startup_stm32f40_41xxx.o [1]
  .text              ro code  0x080126d0     0x4  startup_stm32f40_41xxx.o [1]
  .text              ro code  0x080126d4     0x4  startup_stm32f40_41xxx.o [1]
  .text              ro code  0x080126d8     0x4  startup_stm32f40_41xxx.o [1]
  .text              ro code  0x080126dc     0x4  startup_stm32f40_41xxx.o [1]
  .text              ro code  0x080126e0     0x4  startup_stm32f40_41xxx.o [1]
  .text              ro code  0x080126e4     0x4  startup_stm32f40_41xxx.o [1]
  .text              ro code  0x080126e8     0x4  startup_stm32f40_41xxx.o [1]
  .text              ro code  0x080126ec     0x4  startup_stm32f40_41xxx.o [1]
  .text              ro code  0x080126f0     0x4  startup_stm32f40_41xxx.o [1]
  .text              ro code  0x080126f4     0x4  startup_stm32f40_41xxx.o [1]
  .text              ro code  0x080126f8     0x4  startup_stm32f40_41xxx.o [1]
  .text              ro code  0x080126fc     0x4  startup_stm32f40_41xxx.o [1]
  .text              ro code  0x08012700     0x4  startup_stm32f40_41xxx.o [1]
  .text              ro code  0x08012704     0x4  startup_stm32f40_41xxx.o [1]
  .text              ro code  0x08012708     0x4  startup_stm32f40_41xxx.o [1]
  .text              ro code  0x0801270c     0x4  startup_stm32f40_41xxx.o [1]
  .text              ro code  0x08012710     0x4  startup_stm32f40_41xxx.o [1]
  .text              ro code  0x08012714     0x4  startup_stm32f40_41xxx.o [1]
  .text              ro code  0x08012718     0x4  startup_stm32f40_41xxx.o [1]
  .text              ro code  0x0801271c     0x4  startup_stm32f40_41xxx.o [1]
  .text              ro code  0x08012720     0x4  startup_stm32f40_41xxx.o [1]
  .text              ro code  0x08012724     0x4  startup_stm32f40_41xxx.o [1]
  .text              ro code  0x08012728     0x4  startup_stm32f40_41xxx.o [1]
  .text              ro code  0x0801272c     0x4  startup_stm32f40_41xxx.o [1]
  .text              ro code  0x08012730     0x4  startup_stm32f40_41xxx.o [1]
  .text              ro code  0x08012734     0x4  startup_stm32f40_41xxx.o [1]
  .text              ro code  0x08012738     0x4  startup_stm32f40_41xxx.o [1]
  .text              ro code  0x0801273c     0x4  startup_stm32f40_41xxx.o [1]
  .text              ro code  0x08012740     0x4  startup_stm32f40_41xxx.o [1]
  .text              ro code  0x08012744     0x4  startup_stm32f40_41xxx.o [1]
  .text              ro code  0x08012748     0x4  startup_stm32f40_41xxx.o [1]
  .text              ro code  0x0801274c     0x4  startup_stm32f40_41xxx.o [1]
  .text              ro code  0x08012750     0x4  startup_stm32f40_41xxx.o [1]
  .text              ro code  0x08012754     0x4  startup_stm32f40_41xxx.o [1]
  .text              ro code  0x08012758     0x4  startup_stm32f40_41xxx.o [1]
  .text              ro code  0x0801275c     0x4  startup_stm32f40_41xxx.o [1]
  .text              ro code  0x08012760     0x4  startup_stm32f40_41xxx.o [1]
  .text              ro code  0x08012764     0x4  startup_stm32f40_41xxx.o [1]
  .text              ro code  0x08012768     0x4  startup_stm32f40_41xxx.o [1]
  .text              ro code  0x0801276c     0x4  startup_stm32f40_41xxx.o [1]
  .text              ro code  0x08012770     0x4  startup_stm32f40_41xxx.o [1]
  .text              ro code  0x08012774     0x4  startup_stm32f40_41xxx.o [1]
  .text              ro code  0x08012778     0x4  startup_stm32f40_41xxx.o [1]
  .text              ro code  0x0801277c     0x4  startup_stm32f40_41xxx.o [1]
  .text              ro code  0x08012780     0x4  startup_stm32f40_41xxx.o [1]
  .text              ro code  0x08012784     0x4  startup_stm32f40_41xxx.o [1]
  .text              ro code  0x08012788     0x4  startup_stm32f40_41xxx.o [1]
  .text              ro code  0x0801278c     0x4  startup_stm32f40_41xxx.o [1]
  .text              ro code  0x08012790     0x4  startup_stm32f40_41xxx.o [1]
  .text              ro code  0x08012794     0x4  startup_stm32f40_41xxx.o [1]
  .text              ro code  0x08012798     0x4  startup_stm32f40_41xxx.o [1]
  .text              ro code  0x0801279c     0x4  startup_stm32f40_41xxx.o [1]
  .text              ro code  0x080127a0     0x4  startup_stm32f40_41xxx.o [1]
  .text              ro code  0x080127a4     0x4  startup_stm32f40_41xxx.o [1]
  .text              ro code  0x080127a8     0x4  startup_stm32f40_41xxx.o [1]
  .text              ro code  0x080127ac     0x4  startup_stm32f40_41xxx.o [1]
  .text              ro code  0x080127b0     0x4  startup_stm32f40_41xxx.o [1]
  .text              ro code  0x080127b4     0x4  startup_stm32f40_41xxx.o [1]
  .text              ro code  0x080127b8     0x4  startup_stm32f40_41xxx.o [1]
  .text              ro code  0x080127bc     0x4  startup_stm32f40_41xxx.o [1]
  .rodata            const    0x080127c0     0x0  zero_init3.o [5]
  .rodata            const    0x080127c0     0x0  copy_init3.o [5]
  Initializer bytes  const    0x080127c0    0x80  <for P4 s0>
                            - 0x08012840  0x26b8

"P3":                                     0x2000
  CSTACK                      0x10000000  0x2000  <Block>
    CSTACK           uninit   0x10000000  0x2000  <Block tail>
                            - 0x10002000  0x2000

"P4", part 1 of 2:                          0x80
  P4 s0                       0x20000000    0x80  <Init block>
    .data            inited   0x20000000    0x48  xfiles.o [3]
    .data            inited   0x20000048    0x38  xlocale_c.o [3]
                            - 0x20000080    0x80

"P4", part 2 of 2:                          0x60
  .bss               zero     0x20000080    0x50  xfiles.o [3]
  .bss               zero     0x200000d0     0x4  boot2.o [1]
  .bss               zero     0x200000d4     0x4  main.o [1]
  .bss               zero     0x200000d8     0x4  xfail_s.o [3]
  .bss               zero     0x200000dc     0x2  delay.o [1]
  .bss               zero     0x200000de     0x1  delay.o [1]
                            - 0x200000df    0x5f


*******************************************************************************
*** INIT TABLE
***

          Address     Size
          -------     ----
Zero (__iar_zero_init3)
    1 destination range, total size 0x5f:
          0x20000080  0x5f

Copy (__iar_copy_init3)
    1 source range, total size 0x80:
          0x080127c0  0x80
    1 destination range, total size 0x80:
          0x20000000  0x80



*******************************************************************************
*** MODULE SUMMARY
***

    Module                    ro code  ro data  rw data
    ------                    -------  -------  -------
H:\cp_data\STM32\develop_stm32f405\BootLoad\project\Debug\Obj: [1]
    boot2.o                        72       41        4
    delay.o                       202                 3
    led.o                          60
    main.o                         64                 4
    misc.o                         56
    startup_stm32f40_41xxx.o      744
    stm32f4xx_gpio.o              172
    stm32f4xx_it.o                 12
    stm32f4xx_rcc.o               520
    stm32f4xx_usart.o             132
    sys.o                         172
    system_stm32f4xx.o            340
    usart.o                       260       72
    ---------------------------------------------------
    Total:                      2 806      113       11

command line: [2]
    ---------------------------------------------------
    Total:

dl7M_tlf.a: [3]
    abort.o                         6
    exit.o                          4
    low_level_init.o                4
    putchar.o                      12
    vprintf.o                      32
    xfail_s.o                      64                 4
    xfiles.o                                72      152
    xlocale_c.o                     8       60       56
    xprintffull_nomb.o          3 618
    xprout.o                       22
    ---------------------------------------------------
    Total:                      3 770      132      212

m7M_tls.a: [4]
    DblAdd.o                      360
    DblCmpGe.o                     46
    DblCmpLe.o                     46
    DblDiv.o                      582
    DblMul.o                      418
    DblSub.o                      226
    DblToS32.o                     58
    DblToU32.o                     40
    S32ToDbl.o                     34
    U32ToDbl.o                     26
    fpinit_M.o                     34
    frexp.o                       112
    ldexp.o                       314
    ---------------------------------------------------
    Total:                      2 296

rt7M_tl.a: [5]
    ABImemcpy.o                   166
    I64DivMod.o                   558
    I64DivZer.o                     2
    cexit.o                        10
    cmain.o                        30
    copy_init3.o                   44
    cstartup_M.o                   12
    data_init.o                    40
    memchr.o                       88
    strchr.o                       22
    strlen.o                       54
    zero_init3.o                   64
    ---------------------------------------------------
    Total:                      1 090

shb_l.a: [6]
    exit.o                         20
    ---------------------------------------------------
    Total:                         20

    Gaps                           37        4
    Linker created                          36    8 192
-------------------------------------------------------
    Grand Total:               10 019      285    8 415


*******************************************************************************
*** ENTRY LIST
***

Entry                      Address   Size  Type      Object
-----                      -------   ----  ----      ------
.iar.init_table$$Base   0x08012558          --   Gb  - Linker created -
.iar.init_table$$Limit  0x0801257c          --   Gb  - Linker created -
?main                   0x0801257d         Code  Gb  cmain.o [5]
BusFault_Handler        0x08012613    0x2  Code  Gb  stm32f4xx_it.o [1]
CSTACK$$Base            0x10000000          --   Gb  - Linker created -
CSTACK$$Limit           0x10002000          --   Gb  - Linker created -
DebugMon_Handler        0x08012617    0x2  Code  Gb  stm32f4xx_it.o [1]
Dprintf                 0x08012011   0x9e  Code  Gb  usart.o [1]
Driver_MCU_Init         0x08012331   0xac  Code  Gb  sys.o [1]
EN_LOG                  0x08010faa    0x1  Data  Lc  boot2.o [1]
GPIO_Init               0x08012285   0xa8  Code  Gb  stm32f4xx_gpio.o [1]
GPIO_ResetBits          0x0801232d    0x4  Code  Gb  stm32f4xx_gpio.o [1]
HardFault_Handler       0x0801260f    0x2  Code  Gb  stm32f4xx_it.o [1]
Jump_To_App             0x080123dd   0x48  Code  Gb  boot2.o [1]
Jump_To_Application     0x200000d0    0x4  Data  Gb  boot2.o [1]
LED_Init                0x08012465   0x3c  Code  Gb  led.o [1]
LoadInt                 0x0801033b   0x7a  Code  Lc  xprintffull_nomb.o [3]
MemManage_Handler       0x08012611    0x2  Code  Gb  stm32f4xx_it.o [1]
NMI_Handler             0x0801260d    0x2  Code  Gb  stm32f4xx_it.o [1]
NVIC_PriorityGroupConfig
                        0x0801224d    0xa  Code  Gb  misc.o [1]
RCC_AHB1PeriphClockCmd  0x08011dd3   0x28  Code  Gb  stm32f4xx_rcc.o [1]
RCC_DeInit              0x08011c7d   0x6a  Code  Gb  stm32f4xx_rcc.o [1]
RCC_GetFlagStatus       0x08011dfb   0x46  Code  Gb  stm32f4xx_rcc.o [1]
RCC_GetSYSCLKSource     0x08011d83    0xc  Code  Gb  stm32f4xx_rcc.o [1]
RCC_HCLKConfig          0x08011d8f   0x16  Code  Gb  stm32f4xx_rcc.o [1]
RCC_HSEConfig           0x08011ce7   0x10  Code  Gb  stm32f4xx_rcc.o [1]
RCC_HSICmd              0x08011d33    0xc  Code  Gb  stm32f4xx_rcc.o [1]
RCC_PCLK1Config         0x08011da5   0x16  Code  Gb  stm32f4xx_rcc.o [1]
RCC_PCLK2Config         0x08011dbb   0x18  Code  Gb  stm32f4xx_rcc.o [1]
RCC_PLLCmd              0x08011d61    0xc  Code  Gb  stm32f4xx_rcc.o [1]
RCC_PLLConfig           0x08011d3f   0x22  Code  Gb  stm32f4xx_rcc.o [1]
RCC_SYSCLKConfig        0x08011d6d   0x16  Code  Gb  stm32f4xx_rcc.o [1]
RCC_WaitForHSEStartUp   0x08011cf7   0x3c  Code  Gb  stm32f4xx_rcc.o [1]
Region$$Table$$Base     0x08012558          --   Gb  - Linker created -
Region$$Table$$Limit    0x0801257c          --   Gb  - Linker created -
SetSysClock             0x08011ed5   0xce  Code  Lc  system_stm32f4xx.o [1]
SysTick_CLKSourceConfig
                        0x08012257   0x20  Code  Gb  misc.o [1]
SystemInit              0x08011e85   0x50  Code  Gb  system_stm32f4xx.o [1]
TAG                     0x080125ec   0x10  Data  Lc  boot2.o [1]
USART1_IRQHandler       0x08011fd9   0x26  Code  Gb  usart.o [1]
USART_ClearFlag         0x080120e5   0x10  Code  Gb  stm32f4xx_usart.o [1]
USART_GetITStatus       0x080120f5   0x6c  Code  Gb  stm32f4xx_usart.o [1]
USART_ReceiveData       0x080120dd    0x8  Code  Gb  stm32f4xx_usart.o [1]
UsageFault_Handler      0x08012615    0x2  Code  Gb  stm32f4xx_it.o [1]
_GenldFullNoMb          0x08010ca9  0x274  Code  Lc  xprintffull_nomb.o [3]
_LdtobFullNoMb          0x0801087d  0x3fe  Code  Lc  xprintffull_nomb.o [3]
_LitobFullNoMb          0x08010725  0x112  Code  Lc  xprintffull_nomb.o [3]
_Locale_lconv           0x20000048   0x38  Data  Lc  xlocale_c.o [3]
_PrintfFullNoMb         0x08010189  0x1a4  Code  Gb  xprintffull_nomb.o [3]
_Prout                  0x080125c9   0x16  Code  Gb  xprout.o [3]
_PutcharsFullNoMb       0x08010f1d   0x2e  Code  Lc  xprintffull_nomb.o [3]
_PutfldFullNoMb         0x080103b5  0x264  Code  Lc  xprintffull_nomb.o [3]
_PuttxtFullNoMb         0x08010619  0x10c  Code  Lc  xprintffull_nomb.o [3]
__aeabi_cdcmple         0x08011581         Code  Gb  DblCmpLe.o [4]
__aeabi_cdrcmple        0x080115b1         Code  Gb  DblCmpGe.o [4]
__aeabi_d2iz            0x0801171d         Code  Gb  DblToS32.o [4]
__aeabi_d2uiz           0x08011aa9         Code  Gb  DblToU32.o [4]
__aeabi_ddiv            0x08011861         Code  Gb  DblDiv.o [4]
__aeabi_dmul            0x080112c5         Code  Gb  DblMul.o [4]
__aeabi_dsub            0x0801177d         Code  Gb  DblSub.o [4]
__aeabi_i2d             0x08011759         Code  Gb  S32ToDbl.o [4]
__aeabi_ldiv0           0x08011afd         Code  Gb  I64DivZer.o [5]
__aeabi_memcpy          0x08011469         Code  Gb  ABImemcpy.o [5]
__aeabi_memcpy4         0x08011489         Code  Gb  ABImemcpy.o [5]
__aeabi_memcpy8         0x08011489         Code  Gb  ABImemcpy.o [5]
__aeabi_ui2d            0x08011ad1         Code  Gb  U32ToDbl.o [4]
__aeabi_uldivmod        0x08011095         Code  Gb  I64DivMod.o [5]
__cmain                 0x0801257d         Code  Gb  cmain.o [5]
__exit                  0x08011c69   0x14  Code  Gb  exit.o [6]
__iar_Fail_s            0x08010fc5   0x1c  Code  Gb  xfail_s.o [3]
__iar_Memchr            0x0801103d         Code  Gb  memchr.o [5]
__iar_Stdout            0x20000000   0x48  Data  Gb  xfiles.o [3]
__iar_Strchr            0x08010fad         Code  Gb  strchr.o [5]
__iar_copy_init3        0x080124e1   0x2c  Code  Gb  copy_init3.o [5]
__iar_dadd              0x0801178d         Code  Gb  DblSub.o [4]
__iar_data_init3        0x0801250d   0x28  Code  Gb  data_init.o [5]
__iar_dsub              0x08011b01         Code  Gb  DblAdd.o [4]
__iar_dsubStart         0x08011b13         Code  Gb  DblAdd.o [4]
__iar_frexp             0x0801151d         Code  Gb  frexp.o [4]
__iar_frexpl            0x0801151d         Code  Gb  frexp.o [4]
__iar_init_vfp          0x08012535         Code  Gb  fpinit_M.o [4]
__iar_ldexp64           0x080115e1         Code  Gb  ldexp.o [4]
__iar_program_start     0x08012619         Code  Gb  cstartup_M.o [5]
__iar_scalbln64         0x080115e1         Code  Gb  ldexp.o [4]
__iar_scalbn64          0x080115e1         Code  Gb  ldexp.o [4]
__iar_softfp___iar_frexp64
                        0x08011511         Code  Gb  frexp.o [4]
__iar_softfp_frexp      0x08011511         Code  Gb  frexp.o [4]
__iar_softfp_frexpl     0x08011511         Code  Gb  frexp.o [4]
__iar_systems$$module {Abs}
                        0x00000001         Data  Gb  command line/config [2]
__iar_zero_init3        0x080124a1   0x40  Code  Gb  zero_init3.o [5]
__low_level_init        0x0801259b    0x4  Code  Gb  low_level_init.o [3]
__vector_table          0x08010000         Data  Gb  startup_stm32f40_41xxx.o [1]
_call_main              0x08012589         Code  Gb  cmain.o [5]
_exit                   0x080125a5         Code  Gb  cexit.o [5]
_main                   0x08012597         Code  Gb  cmain.o [5]
abort                   0x08011af5    0x6  Code  Gb  abort.o [3]
delay_init              0x08012181   0x2c  Code  Gb  delay.o [1]
delay_ms                0x08012205   0x46  Code  Gb  delay.o [1]
delay_xms               0x080121ad   0x42  Code  Gb  delay.o [1]
exit                    0x0801259f    0x4  Code  Gb  exit.o [3]
fac_ms                  0x200000dc    0x2  Data  Lc  delay.o [1]
fac_us                  0x200000de    0x1  Data  Lc  delay.o [1]
fputc                   0x08011fff   0x12  Code  Gb  usart.o [1]
ldexp                   0x080115e1         Code  Gb  ldexp.o [4]
ldexpl                  0x080115e1         Code  Gb  ldexp.o [4]
localeconv              0x08011aed    0x4  Code  Gb  xlocale_c.o [3]
main                    0x08012425   0x40  Code  Gb  main.o [1]
main::i                 0x200000d4    0x4  Data  Lc  main.o [1]
memchr                  0x0801103d         Code  Gb  memchr.o [5]
obuf                    0x20000080   0x50  Data  Lc  xfiles.o [3]
putchar                 0x080125e1    0xc  Code  Gb  putchar.o [3]
scalbln                 0x080115e1         Code  Gb  ldexp.o [4]
scalblnl                0x080115e1         Code  Gb  ldexp.o [4]
scalbn                  0x080115e1         Code  Gb  ldexp.o [4]
scalbnl                 0x080115e1         Code  Gb  ldexp.o [4]
scale                   0x08010837   0x46  Code  Lc  xprintffull_nomb.o [3]
sec_hand                0x200000d8    0x4  Data  Lc  xfail_s.o [3]
strchr                  0x08010fad         Code  Gb  strchr.o [5]
strlen                  0x08011005         Code  Gb  strlen.o [5]
vprintf                 0x08012161   0x20  Code  Gb  vprintf.o [3]


[1] = H:\cp_data\STM32\develop_stm32f405\BootLoad\project\Debug\Obj
[2] = command line
[3] = dl7M_tlf.a
[4] = m7M_tls.a
[5] = rt7M_tl.a
[6] = shb_l.a

  10 019 bytes of readonly  code memory
     285 bytes of readonly  data memory
   8 415 bytes of readwrite data memory

Errors: none
Warnings: none
