################################################################################
#                                                                              #
#      IAR Universal Linker V6.4.6.89                                          #
#                                                                              #
#           Link time     =  25/May/2017  20:16:54                             #
#           Target CPU    =  MSP430                                            #
#           List file     =  D:\程序\Rtx_430\Debug\List\rtx.map                #
#           Output file 1 =  D:\程序\Rtx_430\Debug\Exe\rtx.txt                 #
#                            Format: msp430_txt                                #
#           Command line  =  D:\程序\Rtx_430\Debug\Obj\Clock.r43               #
#                            D:\程序\Rtx_430\Debug\Obj\Interrupt.r43           #
#                            D:\程序\Rtx_430\Debug\Obj\lcd12864.r43            #
#                            D:\程序\Rtx_430\Debug\Obj\main.r43                #
#                            D:\程序\Rtx_430\Debug\Obj\pid.r43                 #
#                            D:\程序\Rtx_430\Debug\Obj\Rtx430.r43              #
#                            D:\程序\Rtx_430\Debug\Obj\Rtx_in.r43              #
#                            D:\程序\Rtx_430\Debug\Obj\Source.r43              #
#                            D:\程序\Rtx_430\Debug\Obj\Task.r43 -o             #
#                            D:\程序\Rtx_430\Debug\Exe\rtx.txt -Fmsp430_txt    #
#                            -l D:\程序\Rtx_430\Debug\List\rtx.map -xms        #
#                            -IE:\软件安装包\IAR_430\430\LIB\ -f               #
#                            E:\软件安装包\IAR_430\430\config\linker\lnk430f14 #
#                            9.xcl                                             #
#                            (-cmsp430 -QCODE_I=CODE_ID -QTLS16_I=TLS16_ID     #
#                            -D__iar_HWMUL=130 -Z(CONST)INFO=1000-10FF         #
#                            -Z(CONST)INFOA=1080-10FF                          #
#                            -Z(CONST)INFOB=1000-107F                          #
#                            -Z(DATA)DATA16_I,DATA16_Z,DATA16_N,TLS16_I=0200-0 #
#                            9FF                                               #
#                            -Z(DATA)DATA16_HEAP+_DATA16_HEAP_SIZE             #
#                            -Z(DATA)CODE_I -Z(DATA)CSTACK+_STACK_SIZE#        #
#                            -Z(CONST)DATA16_C,DATA16_ID,TLS16_ID,DIFUNCT,CHEC #
#                            KSUM=1100-FFDF                                    #
#                            -Z(CODE)CSTART,ISR_CODE,CODE_ID=1100-FFDF         #
#                            -P(CODE)CODE=1100-FFDF -Z(CODE)INTVEC=FFE0-FFFF   #
#                            -Z(CODE)RESET=FFFE-FFFF) -D_STACK_SIZE=50         #
#                            E:\软件安装包\IAR_430\430\lib\dlib\dl430fn.r43    #
#                            -D_DATA16_HEAP_SIZE=50 -s __program_start         #
#                            -D_DATA20_HEAP_SIZE=50                            #
#                                                                              #
#                           Copyright (C) 1987-2016 IAR Systems AB.            #
################################################################################





                ****************************************
                *                                      *
                *           CROSS REFERENCE            *
                *                                      *
                ****************************************

       Program entry at :           197E  Relocatable, from module : ?cstart




                ****************************************
                *                                      *
                *            RUNTIME MODEL             *
                *                                      *
                ****************************************

  __Heap_Handler             = Basic
  __SystemLibrary            = DLib
  __core                     = 430
  __dlib_file_descriptor     = 0
  __dlib_full_locale_support = 0
  __double_size              = 32
  __pic                      = no
  __reg_r4                   = free
  __reg_r5                   = free
  __rt_version               = 3

                ****************************************
                *                                      *
                *    AUTOMATIC SYMBOL REDIRECTIONS     *
                *                                      *
                ****************************************

                  There are no automatic symbol redirections.



                ****************************************
                *                                      *
                *              MODULE MAP              *
                *                                      *
                ****************************************


  DEFINED ABSOLUTE ENTRIES
    *************************************************************************

  DEFINED ABSOLUTE ENTRIES
  PROGRAM MODULE, NAME : ?ABS_ENTRY_MOD

Absolute parts
           ENTRY                   ADDRESS         REF BY
           =====                   =======         ======
           _DATA20_HEAP_SIZE       0050 
           _DATA16_HEAP_SIZE       0050 
           _STACK_SIZE             0050 
           __iar_HWMUL             0130 
    *************************************************************************

  FILE NAME : D:\程序\Rtx_430\Debug\Obj\Clock.r43
  PROGRAM MODULE, NAME : Clock

  SEGMENTS IN THE MODULE
  ======================
DATA16_AN
  Relative segment, address: 0000 - 0000 (0x1 bytes), align: 0
  Segment part 1. ROOT        Intra module refs:   InitUART
                                                   Wdt_1s
           ENTRY                   ADDRESS         REF BY
           =====                   =======         ======
           IE1                     0000 
    -------------------------------------------------------------------------
DATA16_AN
  Relative segment, address: 0002 - 0002 (0x1 bytes), align: 0
  Segment part 2. ROOT        Intra module refs:   Clock_Init
                                                   WDT_ISR (Interrupt)
                                                   Wdt_1s
           ENTRY                   ADDRESS         REF BY
           =====                   =======         ======
           IFG1                    0002 
    -------------------------------------------------------------------------
DATA16_AN
  Relative segment, address: 0004 - 0004 (0x1 bytes), align: 0
  Segment part 3. ROOT        Intra module refs:   InitUART
           ENTRY                   ADDRESS         REF BY
           =====                   =======         ======
           ME1                     0004 
    -------------------------------------------------------------------------
DATA16_AN
  Relative segment, address: 0120 - 0121 (0x2 bytes), align: 0
  Segment part 4. ROOT        Intra module refs:   Clock_Init
                                                   WDT_ISR (Interrupt)
                                                   Wdt_1s
                                                   clear_watchdog (Rtx430)
           ENTRY                   ADDRESS         REF BY
           =====                   =======         ======
           WDTCTL                  0120 
    -------------------------------------------------------------------------
DATA16_AN
  Relative segment, address: 0021 - 0021 (0x1 bytes), align: 0
  Segment part 5. ROOT        Intra module refs:   P1_Init
           ENTRY                   ADDRESS         REF BY
           =====                   =======         ======
           P1OUT                   0021 
    -------------------------------------------------------------------------
DATA16_AN
  Relative segment, address: 0022 - 0022 (0x1 bytes), align: 0
  Segment part 6. ROOT        Intra module refs:   P1_Init
                                                   main (main)
           ENTRY                   ADDRESS         REF BY
           =====                   =======         ======
           P1DIR                   0022 
    -------------------------------------------------------------------------
DATA16_AN
  Relative segment, address: 0023 - 0023 (0x1 bytes), align: 0
  Segment part 7. ROOT        Intra module refs:   P1_Init
                                                   PORT1_ISR (Interrupt)
           ENTRY                   ADDRESS         REF BY
           =====                   =======         ======
           P1IFG                   0023 
    -------------------------------------------------------------------------
DATA16_AN
  Relative segment, address: 0024 - 0024 (0x1 bytes), align: 0
  Segment part 8. ROOT        Intra module refs:   P1_Init
           ENTRY                   ADDRESS         REF BY
           =====                   =======         ======
           P1IES                   0024 
    -------------------------------------------------------------------------
DATA16_AN
  Relative segment, address: 0025 - 0025 (0x1 bytes), align: 0
  Segment part 9. ROOT        Intra module refs:   P1_Init
           ENTRY                   ADDRESS         REF BY
           =====                   =======         ======
           P1IE                    0025 
    -------------------------------------------------------------------------
DATA16_AN
  Relative segment, address: 0026 - 0026 (0x1 bytes), align: 0
  Segment part 10. ROOT       Intra module refs:   main (main)
           ENTRY                   ADDRESS         REF BY
           =====                   =======         ======
           P1SEL                   0026 
    -------------------------------------------------------------------------
DATA16_AN
  Relative segment, address: 002A - 002A (0x1 bytes), align: 0
  Segment part 11. ROOT       Intra module refs:   OLED_Init (lcd12864)
           ENTRY                   ADDRESS         REF BY
           =====                   =======         ======
           P2DIR                   002A 
    -------------------------------------------------------------------------
DATA16_AN
  Relative segment, address: 002E - 002E (0x1 bytes), align: 0
  Segment part 12. ROOT 
           ENTRY                   ADDRESS         REF BY
           =====                   =======         ======
           P2SEL                   002E 
    -------------------------------------------------------------------------
DATA16_AN
  Relative segment, address: 001A - 001A (0x1 bytes), align: 0
  Segment part 13. ROOT       Intra module refs:   InitUART
                                                   PORT1_ISR (Interrupt)
           ENTRY                   ADDRESS         REF BY
           =====                   =======         ======
           P3DIR                   001A 
    -------------------------------------------------------------------------
DATA16_AN
  Relative segment, address: 001B - 001B (0x1 bytes), align: 0
  Segment part 14. ROOT       Intra module refs:   InitUART
           ENTRY                   ADDRESS         REF BY
           =====                   =======         ======
           P3SEL                   001B 
    -------------------------------------------------------------------------
DATA16_AN
  Relative segment, address: 001E - 001E (0x1 bytes), align: 0
  Segment part 15. ROOT       Intra module refs:   main (main)
           ENTRY                   ADDRESS         REF BY
           =====                   =======         ======
           P4DIR                   001E 
    -------------------------------------------------------------------------
DATA16_AN
  Relative segment, address: 001F - 001F (0x1 bytes), align: 0
  Segment part 16. ROOT       Intra module refs:   main (main)
           ENTRY                   ADDRESS         REF BY
           =====                   =======         ======
           P4SEL                   001F 
    -------------------------------------------------------------------------
DATA16_AN
  Relative segment, address: 0032 - 0032 (0x1 bytes), align: 0
  Segment part 17. ROOT       Intra module refs:   main (main)
           ENTRY                   ADDRESS         REF BY
           =====                   =======         ======
           P5DIR                   0032 
    -------------------------------------------------------------------------
DATA16_AN
  Relative segment, address: 0033 - 0033 (0x1 bytes), align: 0
  Segment part 18. ROOT       Intra module refs:   main (main)
           ENTRY                   ADDRESS         REF BY
           =====                   =======         ======
           P5SEL                   0033 
    -------------------------------------------------------------------------
DATA16_AN
  Relative segment, address: 0037 - 0037 (0x1 bytes), align: 0
  Segment part 19. ROOT 
           ENTRY                   ADDRESS         REF BY
           =====                   =======         ======
           P6SEL                   0037 
    -------------------------------------------------------------------------
DATA16_AN
  Relative segment, address: 0070 - 0070 (0x1 bytes), align: 0
  Segment part 20. ROOT       Intra module refs:   InitUART
           ENTRY                   ADDRESS         REF BY
           =====                   =======         ======
           U0CTL                   0070 
    -------------------------------------------------------------------------
DATA16_AN
  Relative segment, address: 0071 - 0071 (0x1 bytes), align: 0
  Segment part 21. ROOT       Intra module refs:   InitUART
           ENTRY                   ADDRESS         REF BY
           =====                   =======         ======
           U0TCTL                  0071 
    -------------------------------------------------------------------------
DATA16_AN
  Relative segment, address: 0073 - 0073 (0x1 bytes), align: 0
  Segment part 22. ROOT       Intra module refs:   InitUART
           ENTRY                   ADDRESS         REF BY
           =====                   =======         ======
           U0MCTL                  0073 
    -------------------------------------------------------------------------
DATA16_AN
  Relative segment, address: 0074 - 0074 (0x1 bytes), align: 0
  Segment part 23. ROOT       Intra module refs:   InitUART
           ENTRY                   ADDRESS         REF BY
           =====                   =======         ======
           U0BR0                   0074 
    -------------------------------------------------------------------------
DATA16_AN
  Relative segment, address: 0075 - 0075 (0x1 bytes), align: 0
  Segment part 24. ROOT       Intra module refs:   InitUART
           ENTRY                   ADDRESS         REF BY
           =====                   =======         ======
           U0BR1                   0075 
    -------------------------------------------------------------------------
DATA16_AN
  Relative segment, address: 0057 - 0057 (0x1 bytes), align: 0
  Segment part 25. ROOT       Intra module refs:   Clock_Init
           ENTRY                   ADDRESS         REF BY
           =====                   =======         ======
           BCSCTL1                 0057 
    -------------------------------------------------------------------------
DATA16_AN
  Relative segment, address: 0058 - 0058 (0x1 bytes), align: 0
  Segment part 26. ROOT       Intra module refs:   Clock_Init
           ENTRY                   ADDRESS         REF BY
           =====                   =======         ======
           BCSCTL2                 0058 
    -------------------------------------------------------------------------
DATA16_AN
  Relative segment, address: 0059 - 0059 (0x1 bytes), align: 0
  Segment part 27. ROOT 
           ENTRY                   ADDRESS         REF BY
           =====                   =======         ======
           CACTL1                  0059 
    -------------------------------------------------------------------------
DATA16_AN
  Relative segment, address: 005A - 005A (0x1 bytes), align: 0
  Segment part 28. ROOT 
           ENTRY                   ADDRESS         REF BY
           =====                   =======         ======
           CACTL2                  005A 
    -------------------------------------------------------------------------
DATA16_AN
  Relative segment, address: 005B - 005B (0x1 bytes), align: 0
  Segment part 29. ROOT 
           ENTRY                   ADDRESS         REF BY
           =====                   =======         ======
           CAPD                    005B 
    -------------------------------------------------------------------------
DATA16_AN
  Relative segment, address: 01A0 - 01A1 (0x2 bytes), align: 0
  Segment part 30. ROOT 
           ENTRY                   ADDRESS         REF BY
           =====                   =======         ======
           ADC12CTL0               01A0 
    -------------------------------------------------------------------------
DATA16_AN
  Relative segment, address: 01A2 - 01A3 (0x2 bytes), align: 0
  Segment part 31. ROOT 
           ENTRY                   ADDRESS         REF BY
           =====                   =======         ======
           ADC12CTL1               01A2 
    -------------------------------------------------------------------------
DATA16_AN
  Relative segment, address: 01A6 - 01A7 (0x2 bytes), align: 0
  Segment part 32. ROOT 
           ENTRY                   ADDRESS         REF BY
           =====                   =======         ======
           ADC12IE                 01A6 
    -------------------------------------------------------------------------
<CODE> 1 (was CODE)
  Relative segment, address: 2D72 - 2D9D (0x2c bytes), align: 1
  Segment part 39.
           ENTRY                   ADDRESS         REF BY
           =====                   =======         ======
           Clock_Init              2D72            main (main)
    -------------------------------------------------------------------------
<CODE> 1 (was CODE)
  Relative segment, address: 2F2A - 2F39 (0x10 bytes), align: 1
  Segment part 40.
           ENTRY                   ADDRESS         REF BY
           =====                   =======         ======
           Wdt_1s                  2F2A            main (main)
    -------------------------------------------------------------------------
<CODE> 1 (was CODE)
  Relative segment, address: 2E6E - 2E89 (0x1c bytes), align: 1
  Segment part 41.
           ENTRY                   ADDRESS         REF BY
           =====                   =======         ======
           P1_Init                 2E6E            main (main)
    -------------------------------------------------------------------------
<CODE> 1 (was CODE)
  Relative segment, address: 2C02 - 2C3B (0x3a bytes), align: 1
  Segment part 42.
           ENTRY                   ADDRESS         REF BY
           =====                   =======         ======
           InitUART                2C02            main (main)

    *************************************************************************

  FILE NAME : D:\程序\Rtx_430\Debug\Obj\Interrupt.r43
  PROGRAM MODULE, NAME : Interrupt

  SEGMENTS IN THE MODULE
  ======================
DATA16_AN
  Relative segment, address: 0019 - 0019 (0x1 bytes), align: 0
  Segment part 4. ROOT        Intra module refs:   PORT1_ISR
           ENTRY                   ADDRESS         REF BY
           =====                   =======         ======
           P3OUT                   0019 
    -------------------------------------------------------------------------
DATA16_AN
  Relative segment, address: 0076 - 0076 (0x1 bytes), align: 0
  Segment part 6. ROOT        Intra module refs:   UART0_RXISR
           ENTRY                   ADDRESS         REF BY
           =====                   =======         ======
           U0RXBUF                 0076 
    -------------------------------------------------------------------------
DATA16_AN
  Relative segment, address: 0077 - 0077 (0x1 bytes), align: 0
  Segment part 7. ROOT        Intra module refs:   UART0_RXISR
           ENTRY                   ADDRESS         REF BY
           =====                   =======         ======
           U0TXBUF                 0077 
    -------------------------------------------------------------------------
DATA16_AN
  Relative segment, address: 0160 - 0161 (0x2 bytes), align: 0
  Segment part 8. ROOT        Intra module refs:   PORT1_ISR
                                                   TB_1_ISR
                                                   WDT_ISR
           ENTRY                   ADDRESS         REF BY
           =====                   =======         ======
           TACTL                   0160 
    -------------------------------------------------------------------------
DATA16_AN
  Relative segment, address: 0170 - 0171 (0x2 bytes), align: 0
  Segment part 9. ROOT        Intra module refs:   WDT_ISR
           ENTRY                   ADDRESS         REF BY
           =====                   =======         ======
           TAR                     0170 
    -------------------------------------------------------------------------
DATA16_AN
  Relative segment, address: 0180 - 0181 (0x2 bytes), align: 0
  Segment part 10. ROOT       Intra module refs:   PORT1_ISR
           ENTRY                   ADDRESS         REF BY
           =====                   =======         ======
           TBCTL                   0180 
    -------------------------------------------------------------------------
DATA16_AN
  Relative segment, address: 0184 - 0185 (0x2 bytes), align: 0
  Segment part 11. ROOT       Intra module refs:   PORT1_ISR
           ENTRY                   ADDRESS         REF BY
           =====                   =======         ======
           TBCCTL1                 0184 
    -------------------------------------------------------------------------
DATA16_AN
  Relative segment, address: 0192 - 0193 (0x2 bytes), align: 0
  Segment part 12. ROOT       Intra module refs:   PORT1_ISR
           ENTRY                   ADDRESS         REF BY
           =====                   =======         ======
           TBCCR0                  0192 
    -------------------------------------------------------------------------
DATA16_AN
  Relative segment, address: 0194 - 0195 (0x2 bytes), align: 0
  Segment part 13. ROOT       Intra module refs:   PORT1_ISR
                                                   work_pid (Source)
           ENTRY                   ADDRESS         REF BY
           =====                   =======         ======
           TBCCR1                  0194 
    -------------------------------------------------------------------------
DATA16_AN
  Relative segment, address: 0140 - 0141 (0x2 bytes), align: 0
  Segment part 14. ROOT       Intra module refs:   ADC12ISR
           ENTRY                   ADDRESS         REF BY
           =====                   =======         ======
           ADC12MEM0               0140 
    -------------------------------------------------------------------------
DATA16_Z
  Relative segment, address: 0204 - 0207 (0x4 bytes), align: 1
  Segment part 23.            Intra module refs:   TB_1_ISR
                                                   WDT_ISR
           LOCAL                   ADDRESS         
           =====                   =======         
           fag                     0204 
    -------------------------------------------------------------------------
DATA16_Z
  Relative segment, address: 0208 - 0209 (0x2 bytes), align: 1
  Segment part 24.            Intra module refs:   PORT1_ISR
                                                   WDT_ISR
           LOCAL                   ADDRESS         
           =====                   =======         
           set_Speed               0208 
    -------------------------------------------------------------------------
DATA16_Z
  Relative segment, address: 0270 - 0270 (0x1 bytes), align: 0
  Segment part 25.            Intra module refs:   PORT1_ISR
           LOCAL                   ADDRESS         
           =====                   =======         
           pwm_on                  0270 
    -------------------------------------------------------------------------
DATA16_Z
  Relative segment, address: 020A - 0249 (0x40 bytes), align: 1
  Segment part 26.            Intra module refs:   ADC12ISR
           LOCAL                   ADDRESS         
           =====                   =======         
           results                 020A 
    -------------------------------------------------------------------------
<CODE> 1 (was CODE)
  Relative segment, address: 27D8 - 284D (0x76 bytes), align: 1
  Segment part 28.            Intra module refs:   UART0_RXISR::??INTVEC 18
           ENTRY                   ADDRESS         REF BY
           =====                   =======         ======
           UART0_RXISR             27D8 
               interrupt function
               calls direct
    -------------------------------------------------------------------------
<CODE> 1 (was CODE)
  Relative segment, address: 2234 - 2315 (0xe2 bytes), align: 1
  Segment part 29.            Intra module refs:   PORT1_ISR::??INTVEC 8
           ENTRY                   ADDRESS         REF BY
           =====                   =======         ======
           PORT1_ISR               2234 
               interrupt function
               calls direct
    -------------------------------------------------------------------------
<CODE> 1 (was CODE)
  Relative segment, address: 28BC - 2917 (0x5c bytes), align: 1
  Segment part 30.            Intra module refs:   ADC12ISR::??INTVEC 14
           ENTRY                   ADDRESS         REF BY
           =====                   =======         ======
           ADC12ISR                28BC 
               interrupt function
               calls direct
    -------------------------------------------------------------------------
DATA16_Z
  Relative segment, address: 024A - 024B (0x2 bytes), align: 1
  Segment part 27.            Intra module refs:   ADC12ISR
           LOCAL                   ADDRESS         
           =====                   =======         
           ADC12ISR::index         024A 
    -------------------------------------------------------------------------
<CODE> 1 (was CODE)
  Relative segment, address: 2316 - 23F5 (0xe0 bytes), align: 1
  Segment part 31.            Intra module refs:   WDT_ISR::??INTVEC 20
           ENTRY                   ADDRESS         REF BY
           =====                   =======         ======
           WDT_ISR                 2316 
               interrupt function
               calls direct
    -------------------------------------------------------------------------
<CODE> 1 (was CODE)
  Relative segment, address: 2F4A - 2F57 (0xe bytes), align: 1
  Segment part 32.            Intra module refs:   TB_1_ISR::??INTVEC 10
           ENTRY                   ADDRESS         REF BY
           =====                   =======         ======
           TB_1_ISR                2F4A 
               interrupt function
    -------------------------------------------------------------------------
INTVEC
  Common segment, address: FFE0 - FFE9 (0xa bytes), align: 1
  Segment part 15. ROOT 
           ENTRY                   ADDRESS         REF BY
           =====                   =======         ======
           PORT1_ISR::??INTVEC 8   FFE8 
    -------------------------------------------------------------------------
INTVEC
  Common segment, address: FFE0 - FFEB (0xc bytes), align: 1
  Segment part 16. ROOT 
           ENTRY                   ADDRESS         REF BY
           =====                   =======         ======
           TB_1_ISR::??INTVEC 10   FFEA 
    -------------------------------------------------------------------------
INTVEC
  Common segment, address: FFE0 - FFEF (0x10 bytes), align: 1
  Segment part 17. ROOT 
           ENTRY                   ADDRESS         REF BY
           =====                   =======         ======
           ADC12ISR::??INTVEC 14   FFEE 
    -------------------------------------------------------------------------
INTVEC
  Common segment, address: FFE0 - FFF3 (0x14 bytes), align: 1
  Segment part 18. ROOT 
           ENTRY                   ADDRESS         REF BY
           =====                   =======         ======
           UART0_RXISR::??INTVEC 18
                                   FFF2 
    -------------------------------------------------------------------------
INTVEC
  Common segment, address: FFE0 - FFF5 (0x16 bytes), align: 1
  Segment part 19. ROOT 
           ENTRY                   ADDRESS         REF BY
           =====                   =======         ======
           WDT_ISR::??INTVEC 20    FFF4 
    -------------------------------------------------------------------------
DATA16_C
  Relative segment, address: 1100 - 1107 (0x8 bytes), align: 0
  Segment part 21.            Intra module refs:   PORT1_ISR
                                                   WDT_ISR
    -------------------------------------------------------------------------
DATA16_C
  Relative segment, address: 1108 - 110E (0x7 bytes), align: 0
  Segment part 22.            Intra module refs:   PORT1_ISR

    *************************************************************************

  FILE NAME : D:\程序\Rtx_430\Debug\Obj\lcd12864.r43
  PROGRAM MODULE, NAME : lcd12864

  SEGMENTS IN THE MODULE
  ======================
DATA16_AN
  Relative segment, address: 0029 - 0029 (0x1 bytes), align: 0
  Segment part 1. ROOT        Intra module refs:   IIC_Start
                                                   IIC_Stop
                                                   OLED_Init
                                                   Write_IIC_Byte
           ENTRY                   ADDRESS         REF BY
           =====                   =======         ======
           P2OUT                   0029 
    -------------------------------------------------------------------------
DATA16_C
  Relative segment, address: 110F - 1336 (0x228 bytes), align: 0
  Segment part 5.             Intra module refs:   OLED_ShowChar
           ENTRY                   ADDRESS         REF BY
           =====                   =======         ======
           F6x8                    110F 
    -------------------------------------------------------------------------
DATA16_C
  Relative segment, address: 1337 - 1926 (0x5f0 bytes), align: 0
  Segment part 6.             Intra module refs:   OLED_ShowChar
           ENTRY                   ADDRESS         REF BY
           =====                   =======         ======
           F8X16                   1337 
    -------------------------------------------------------------------------
<CODE> 1 (was CODE)
  Relative segment, address: 2E8A - 2EA3 (0x1a bytes), align: 1
  Segment part 7.             Intra module refs:   Write_IIC_Command
                                                   Write_IIC_Data
           ENTRY                   ADDRESS         REF BY
           =====                   =======         ======
           IIC_Start               2E8A 
    -------------------------------------------------------------------------
<CODE> 1 (was CODE)
  Relative segment, address: 2EBE - 2ED7 (0x1a bytes), align: 1
  Segment part 8.             Intra module refs:   Write_IIC_Command
                                                   Write_IIC_Data
           ENTRY                   ADDRESS         REF BY
           =====                   =======         ======
           IIC_Stop                2EBE 
    -------------------------------------------------------------------------
<CODE> 1 (was CODE)
  Relative segment, address: 2B88 - 2BC5 (0x3e bytes), align: 1
  Segment part 9.             Intra module refs:   Write_IIC_Command
                                                   Write_IIC_Data
           ENTRY                   ADDRESS         REF BY
           =====                   =======         ======
           Write_IIC_Byte          2B88 
    -------------------------------------------------------------------------
<CODE> 1 (was CODE)
  Relative segment, address: 2E32 - 2E4F (0x1e bytes), align: 1
  Segment part 10.            Intra module refs:   OLED_WR_Byte
           ENTRY                   ADDRESS         REF BY
           =====                   =======         ======
           Write_IIC_Command       2E32 
               calls direct
    -------------------------------------------------------------------------
<CODE> 1 (was CODE)
  Relative segment, address: 2E12 - 2E31 (0x20 bytes), align: 1
  Segment part 11.            Intra module refs:   OLED_WR_Byte
           ENTRY                   ADDRESS         REF BY
           =====                   =======         ======
           Write_IIC_Data          2E12 
               calls direct
    -------------------------------------------------------------------------
<CODE> 1 (was CODE)
  Relative segment, address: 2F64 - 2F6F (0xc bytes), align: 1
  Segment part 15.            Intra module refs:   OLED_Clear
                                                   OLED_Init
                                                   OLED_Set_Pos
                                                   OLED_ShowChar
           ENTRY                   ADDRESS         REF BY
           =====                   =======         ======
           OLED_WR_Byte            2F64 
               calls direct
    -------------------------------------------------------------------------
<CODE> 1 (was CODE)
  Relative segment, address: 2C3C - 2C75 (0x3a bytes), align: 1
  Segment part 16.            Intra module refs:   OLED_ShowChar
           ENTRY                   ADDRESS         REF BY
           =====                   =======         ======
           OLED_Set_Pos            2C3C 
               calls direct
    -------------------------------------------------------------------------
<CODE> 1 (was CODE)
  Relative segment, address: 2B42 - 2B87 (0x46 bytes), align: 1
  Segment part 23.            Intra module refs:   OLED_Init
           ENTRY                   ADDRESS         REF BY
           =====                   =======         ======
           OLED_Clear              2B42 
               calls direct
    -------------------------------------------------------------------------
<CODE> 1 (was CODE)
  Relative segment, address: 2570 - 2621 (0xb2 bytes), align: 1
  Segment part 25.            Intra module refs:   OLED_Show0Num
                                                   OLED_ShowFloat
                                                   OLED_ShowNum
                                                   OLED_ShowString
           ENTRY                   ADDRESS         REF BY
           =====                   =======         ======
           OLED_ShowChar           2570            Trans_val (Source)
               calls direct
    -------------------------------------------------------------------------
<CODE> 1 (was CODE)
  Relative segment, address: 2DC8 - 2DED (0x26 bytes), align: 1
  Segment part 26.            Intra module refs:   OLED_Show0Num
                                                   OLED_ShowFloat
                                                   OLED_ShowNum
           ENTRY                   ADDRESS         REF BY
           =====                   =======         ======
           oled_pow                2DC8 
               calls direct
    -------------------------------------------------------------------------
<CODE> 1 (was CODE)
  Relative segment, address: 2D9E - 2DC7 (0x2a bytes), align: 1
  Segment part 27.            Intra module refs:   OLED_ShowFloat
                                                   OLED_ShowNum
           ENTRY                   ADDRESS         REF BY
           =====                   =======         ======
           oled_len                2D9E 
               calls direct
    -------------------------------------------------------------------------
<CODE> 1 (was CODE)
  Relative segment, address: 23F6 - 24B9 (0xc4 bytes), align: 1
  Segment part 28.            Intra module refs:   OLED_ShowFloat
           ENTRY                   ADDRESS         REF BY
           =====                   =======         ======
           OLED_ShowNum            23F6            PORT1_ISR (Interrupt)
                                                   UART0_RXISR (Interrupt)
                                                   WDT_ISR (Interrupt)
                                                   work_pid (Source)
               calls direct
    -------------------------------------------------------------------------
<CODE> 1 (was CODE)
  Relative segment, address: 2758 - 27D7 (0x80 bytes), align: 1
  Segment part 29.            Intra module refs:   OLED_ShowFloat
           ENTRY                   ADDRESS         REF BY
           =====                   =======         ======
           OLED_Show0Num           2758 
               calls direct
    -------------------------------------------------------------------------
<CODE> 1 (was CODE)
  Relative segment, address: 1CD0 - 1E03 (0x134 bytes), align: 1
  Segment part 30.
           ENTRY                   ADDRESS         REF BY
           =====                   =======         ======
           OLED_ShowFloat          1CD0            PID_con (Source)
                                                   work_pid (Source)
               calls direct
    -------------------------------------------------------------------------
<CODE> 1 (was CODE)
  Relative segment, address: 2AFC - 2B41 (0x46 bytes), align: 1
  Segment part 31.
           ENTRY                   ADDRESS         REF BY
           =====                   =======         ======
           OLED_ShowString         2AFC            Osc_Init (Source)
                                                   PID_con (Source)
                                                   PORT1_ISR (Interrupt)
                                                   WDT_ISR (Interrupt)
                                                   work_pid (Source)
               calls direct
    -------------------------------------------------------------------------
<CODE> 1 (was CODE)
  Relative segment, address: 1E04 - 1F23 (0x120 bytes), align: 1
  Segment part 32.
           ENTRY                   ADDRESS         REF BY
           =====                   =======         ======
           OLED_Init               1E04            main (main)
               calls direct

    *************************************************************************

  FILE NAME : D:\程序\Rtx_430\Debug\Obj\main.r43
  PROGRAM MODULE, NAME : main

  SEGMENTS IN THE MODULE
  ======================
<CODE> 1 (was CODE)
  Relative segment, address: 2BC6 - 2C01 (0x3c bytes), align: 1
  Segment part 8.
           ENTRY                   ADDRESS         REF BY
           =====                   =======         ======
           main                    2BC6            Segment part 18 (?cstart)
               calls direct

    *************************************************************************

  FILE NAME : D:\程序\Rtx_430\Debug\Obj\pid.r43
    *************************************************************************

  FILE NAME : D:\程序\Rtx_430\Debug\Obj\Rtx430.r43
  PROGRAM MODULE, NAME : Rtx430

  SEGMENTS IN THE MODULE
  ======================
DATA16_AN
  Relative segment, address: 0162 - 0163 (0x2 bytes), align: 0
  Segment part 3. ROOT 
           ENTRY                   ADDRESS         REF BY
           =====                   =======         ======
           TACCTL0                 0162 
    -------------------------------------------------------------------------
DATA16_AN
  Relative segment, address: 0172 - 0173 (0x2 bytes), align: 0
  Segment part 4. ROOT        Intra module refs:   timer0_comm
           ENTRY                   ADDRESS         REF BY
           =====                   =======         ======
           TACCR0                  0172 
    -------------------------------------------------------------------------
DATA16_Z
  Relative segment, address: 024C - 025F (0x14 bytes), align: 1
  Segment part 7.             Intra module refs:   task_switch
                                                   timer0_comm
           ENTRY                   ADDRESS         REF BY
           =====                   =======         ======
           STKP                    024C 
    -------------------------------------------------------------------------
DATA16_Z
  Relative segment, address: 0271 - 0271 (0x1 bytes), align: 0
  Segment part 8.             Intra module refs:   task_switch
                                                   timer0_comm
           ENTRY                   ADDRESS         REF BY
           =====                   =======         ======
           RTX_RobinTime           0271 
    -------------------------------------------------------------------------
DATA16_Z
  Relative segment, address: 0272 - 0272 (0x1 bytes), align: 0
  Segment part 9.             Intra module refs:   task_switch
                                                   timer0_comm
           ENTRY                   ADDRESS         REF BY
           =====                   =======         ======
           TASK_Current            0272 
    -------------------------------------------------------------------------
DATA16_Z
  Relative segment, address: 0273 - 0273 (0x1 bytes), align: 0
  Segment part 10.            Intra module refs:   task_switch
                                                   timer0_comm
           ENTRY                   ADDRESS         REF BY
           =====                   =======         ======
           RTX_TS                  0273 
    -------------------------------------------------------------------------
DATA16_Z
  Relative segment, address: 0260 - 0261 (0x2 bytes), align: 1
  Segment part 11.            Intra module refs:   task_switch
           ENTRY                   ADDRESS         REF BY
           =====                   =======         ======
           RTX_SP                  0260 
    -------------------------------------------------------------------------
DATA16_Z
  Relative segment, address: 0262 - 0263 (0x2 bytes), align: 1
  Segment part 12.            Intra module refs:   WD
           ENTRY                   ADDRESS         REF BY
           =====                   =======         ======
           SAVE_SR                 0262            Segment part 0 (Rtx_in)
    -------------------------------------------------------------------------
DATA16_Z
  Relative segment, address: 0264 - 0265 (0x2 bytes), align: 1
  Segment part 13.
           ENTRY                   ADDRESS         REF BY
           =====                   =======         ======
           SAVE_PC                 0264            Segment part 0 (Rtx_in)
    -------------------------------------------------------------------------
DATA16_Z
  Relative segment, address: 0274 - 0287 (0x14 bytes), align: 0
  Segment part 14.            Intra module refs:   task_switch
                                                   timer0_comm
           ENTRY                   ADDRESS         REF BY
           =====                   =======         ======
           STATE                   0274 
    -------------------------------------------------------------------------
<CODE> 1 (was CODE)
  Relative segment, address: 284E - 28BB (0x6e bytes), align: 1
  Segment part 16.            Intra module refs:   WD::??INTVEC 12
           ENTRY                   ADDRESS         REF BY
           =====                   =======         ======
           WD                      284E 
               interrupt function
               calls direct
    -------------------------------------------------------------------------
<CODE> 1 (was CODE)
  Relative segment, address: 24BA - 256F (0xb6 bytes), align: 1
  Segment part 18.            Intra module refs:   WD
           ENTRY                   ADDRESS         REF BY
           =====                   =======         ======
           timer0_comm             24BA 
               calls direct
    -------------------------------------------------------------------------
<CODE> 1 (was CODE)
  Relative segment, address: 19A6 - 1B6B (0x1c6 bytes), align: 1
  Segment part 17.            Intra module refs:   timer0_comm
           ENTRY                   ADDRESS         REF BY
           =====                   =======         ======
           task_switch             19A6 
               calls direct
    -------------------------------------------------------------------------
<CODE> 1 (was CODE)
  Relative segment, address: 2F70 - 2F77 (0x8 bytes), align: 1
  Segment part 15.            Intra module refs:   WD
                                                   task_switch
                                                   timer0_comm
           ENTRY                   ADDRESS         REF BY
           =====                   =======         ======
           clear_watchdog          2F70 
    -------------------------------------------------------------------------
INTVEC
  Common segment, address: FFE0 - FFED (0xe bytes), align: 1
  Segment part 5. ROOT 
           ENTRY                   ADDRESS         REF BY
           =====                   =======         ======
           WD::??INTVEC 12         FFEC 

    *************************************************************************

  FILE NAME : D:\程序\Rtx_430\Debug\Obj\Rtx_in.r43
  PROGRAM MODULE, NAME : Rtx_in

  SEGMENTS IN THE MODULE
  ======================
<CODE> 1 (was CODE)
  Relative segment, address: 2918 - 296F (0x58 bytes), align: 1
  Segment part 0. ROOT 
           ENTRY                   ADDRESS         REF BY
           =====                   =======         ======
           getsp                   2918            WD (Rtx430)
                                                   task_switch (Rtx430)
                                                   timer0_comm (Rtx430)
           putsp                   291E            WD (Rtx430)
                                                   task_switch (Rtx430)
           save_pop                294A            task_switch (Rtx430)
           save_push               292A            timer0_comm (Rtx430)
           restore_sr              296A            timer0_comm (Rtx430)

    *************************************************************************

  FILE NAME : D:\程序\Rtx_430\Debug\Obj\Source.r43
  PROGRAM MODULE, NAME : Source

  SEGMENTS IN THE MODULE
  ======================
DATA16_I
  Relative segment, address: 0200 - 0200 (0x1 bytes), align: 0
  Segment part 13.            Intra module refs:   work_pid
           ENTRY                   ADDRESS         REF BY
           =====                   =======         ======
           Pi                      0200            UART0_RXISR (Interrupt)
    -------------------------------------------------------------------------
DATA16_I
  Relative segment, address: 0201 - 0201 (0x1 bytes), align: 0
  Segment part 15.            Intra module refs:   work_pid
           ENTRY                   ADDRESS         REF BY
           =====                   =======         ======
           Ii                      0201            UART0_RXISR (Interrupt)
    -------------------------------------------------------------------------
DATA16_I
  Relative segment, address: 0202 - 0202 (0x1 bytes), align: 0
  Segment part 17.            Intra module refs:   work_pid
           ENTRY                   ADDRESS         REF BY
           =====                   =======         ======
           Di                      0202            UART0_RXISR (Interrupt)
    -------------------------------------------------------------------------
<CODE> 1 (was CODE)
  Relative segment, address: 1F24 - 2037 (0x114 bytes), align: 1
  Segment part 26.
           ENTRY                   ADDRESS         REF BY
           =====                   =======         ======
           Trans_val               1F24            ADC12ISR (Interrupt)
               calls direct
    -------------------------------------------------------------------------
<CODE> 1 (was CODE)
  Relative segment, address: 2AB2 - 2AFB (0x4a bytes), align: 1
  Segment part 28.
           ENTRY                   ADDRESS         REF BY
           =====                   =======         ======
           Osc_Init                2AB2            main (main)
               calls direct
    -------------------------------------------------------------------------
<CODE> 1 (was CODE)
  Relative segment, address: 2622 - 26C5 (0xa4 bytes), align: 1
  Segment part 30.
           ENTRY                   ADDRESS         REF BY
           =====                   =======         ======
           work_pid                2622            WDT_ISR (Interrupt)
               calls direct
    -------------------------------------------------------------------------
DATA16_Z
  Relative segment, address: 0266 - 0267 (0x2 bytes), align: 1
  Segment part 19.            Intra module refs:   work_pid
           LOCAL                   ADDRESS         
           =====                   =======         
           work_pid::t             0266 
    -------------------------------------------------------------------------
<CODE> 1 (was CODE)
  Relative segment, address: 2148 - 2233 (0xec bytes), align: 1
  Segment part 29.            Intra module refs:   work_pid
           ENTRY                   ADDRESS         REF BY
           =====                   =======         ======
           PID_con                 2148 
               calls direct
    -------------------------------------------------------------------------
DATA16_Z
  Relative segment, address: 0268 - 0269 (0x2 bytes), align: 1
  Segment part 20.            Intra module refs:   PID_con
           LOCAL                   ADDRESS         
           =====                   =======         
           PID_con::SumError       0268 
    -------------------------------------------------------------------------
DATA16_Z
  Relative segment, address: 026A - 026B (0x2 bytes), align: 1
  Segment part 21.            Intra module refs:   PID_con
           LOCAL                   ADDRESS         
           =====                   =======         
           PID_con::dError         026A 
    -------------------------------------------------------------------------
DATA16_Z
  Relative segment, address: 026C - 026D (0x2 bytes), align: 1
  Segment part 22.            Intra module refs:   PID_con
           LOCAL                   ADDRESS         
           =====                   =======         
           PID_con::LastError      026C 
    -------------------------------------------------------------------------
DATA16_Z
  Relative segment, address: 026E - 026F (0x2 bytes), align: 1
  Segment part 23.            Intra module refs:   PID_con
           LOCAL                   ADDRESS         
           =====                   =======         
           PID_con::PrevError      026E 
    -------------------------------------------------------------------------
DATA16_I
  Relative segment, address: 0203 - 0203 (0x1 bytes), align: 0
  Segment part 24.            Intra module refs:   PID_con
           LOCAL                   ADDRESS         
           =====                   =======         
           PID_con::sum_f          0203 
    -------------------------------------------------------------------------
DATA16_ID
  Relative segment, address: 197A - 197A (0x1 bytes), align: 0
  Segment part 14.            Intra module refs:   Pi
    -------------------------------------------------------------------------
DATA16_ID
  Relative segment, address: 197B - 197B (0x1 bytes), align: 0
  Segment part 16.            Intra module refs:   Ii
    -------------------------------------------------------------------------
DATA16_ID
  Relative segment, address: 197C - 197C (0x1 bytes), align: 0
  Segment part 18.            Intra module refs:   Di
    -------------------------------------------------------------------------
DATA16_ID
  Relative segment, address: 197D - 197D (0x1 bytes), align: 0
  Segment part 25.            Intra module refs:   PID_con::sum_f
    -------------------------------------------------------------------------
DATA16_C
  Relative segment, address: 1927 - 1930 (0xa bytes), align: 0
  Segment part 5.             Intra module refs:   Osc_Init
    -------------------------------------------------------------------------
DATA16_C
  Relative segment, address: 1931 - 193A (0xa bytes), align: 0
  Segment part 6.             Intra module refs:   Osc_Init
    -------------------------------------------------------------------------
DATA16_C
  Relative segment, address: 193B - 194B (0x11 bytes), align: 0
  Segment part 7.             Intra module refs:   Osc_Init
    -------------------------------------------------------------------------
DATA16_C
  Relative segment, address: 194C - 1955 (0xa bytes), align: 0
  Segment part 8.             Intra module refs:   Osc_Init
    -------------------------------------------------------------------------
DATA16_C
  Relative segment, address: 1956 - 195F (0xa bytes), align: 0
  Segment part 9.             Intra module refs:   Osc_Init
    -------------------------------------------------------------------------
DATA16_C
  Relative segment, address: 1960 - 196B (0xc bytes), align: 0
  Segment part 10.            Intra module refs:   work_pid
    -------------------------------------------------------------------------
DATA16_C
  Relative segment, address: 196C - 1971 (0x6 bytes), align: 0
  Segment part 11.            Intra module refs:   work_pid
    -------------------------------------------------------------------------
DATA16_C
  Relative segment, address: 1972 - 1979 (0x8 bytes), align: 0
  Segment part 12.            Intra module refs:   PID_con

    *************************************************************************

  FILE NAME : D:\程序\Rtx_430\Debug\Obj\Task.r43
    *************************************************************************

  FILE NAME : E:\软件安装包\IAR_430\430\lib\dlib\dl430fn.r43
  LIBRARY MODULE, NAME : ?_exit

  SEGMENTS IN THE MODULE
  ======================
<CODE> 1 (was CODE)
  Relative segment, address: 2F80, align: 1
  Segment part 0.
           ENTRY                   ADDRESS         REF BY
           =====                   =======         ======
           _exit                   2F80            exit (?exit)
    -------------------------------------------------------------------------
<CODE> 1 (was CODE)
  Relative segment, address: 2F80 - 2F83 (0x4 bytes), align: 1
  Segment part 6.             Intra module refs:   _exit

    -------------------------------------------------------------------------
  LIBRARY MODULE, NAME : ?cstart

  SEGMENTS IN THE MODULE
  ======================
CSTACK
  Relative segment, address: 09B0, align: 1
  Segment part 1.
    -------------------------------------------------------------------------
DATA16_Z
  Relative segment, address: 0270, align: 1
  Segment part 2.
    -------------------------------------------------------------------------
DATA16_I
  Relative segment, address: 0200, align: 1
  Segment part 3.
    -------------------------------------------------------------------------
DATA16_ID
  Relative segment, address: 197A, align: 1
  Segment part 4.
    -------------------------------------------------------------------------
CSTART
  Relative segment, address: 197E - 1981 (0x4 bytes), align: 1
  Segment part 9.
           ENTRY                   ADDRESS         REF BY
           =====                   =======         ======
           __program_start         197E            ?reset_vector (?reset_vector)
                                                   Absolute parts (?ABS_ENTRY_MOD)
           ?cstart_begin           197E 
    -------------------------------------------------------------------------
CSTART
  Relative segment, address: 1982 - 198D (0xc bytes), align: 1
  Segment part 13.
           ENTRY                   ADDRESS         REF BY
           =====                   =======         ======
           ?cstart_init_zero       1982            ADC12ISR::index (Interrupt)
                                                   PID_con::LastError (Source)
                                                   PID_con::PrevError (Source)
                                                   PID_con::SumError (Source)
                                                   PID_con::dError (Source)
                                                   RTX_RobinTime (Rtx430)
                                                   RTX_SP (Rtx430)
                                                   RTX_TS (Rtx430)
                                                   SAVE_PC (Rtx430)
                                                   SAVE_SR (Rtx430)
                                                   STATE (Rtx430)
                                                   STKP (Rtx430)
                                                   TASK_Current (Rtx430)
                                                   fag (Interrupt)
                                                   pwm_on (Interrupt)
                                                   results (Interrupt)
                                                   set_Speed (Interrupt)
                                                   work_pid::t (Source)
    -------------------------------------------------------------------------
CSTART
  Relative segment, address: 198E - 199D (0x10 bytes), align: 1
  Segment part 14.
           ENTRY                   ADDRESS         REF BY
           =====                   =======         ======
           ?cstart_init_copy       198E            Di (Source)
                                                   Ii (Source)
                                                   PID_con::sum_f (Source)
                                                   Pi (Source)
    -------------------------------------------------------------------------
CSTART
  Relative segment, address: 199E - 19A5 (0x8 bytes), align: 1
  Segment part 18.            Intra module refs:   Segment part 9
           ENTRY                   ADDRESS         REF BY
           =====                   =======         ======
           ?cstart_call_main       199E 
           ?cstart_end             19A6 

    -------------------------------------------------------------------------
  LIBRARY MODULE, NAME : ?reset_vector

  SEGMENTS IN THE MODULE
  ======================
RESET
  Relative segment, address: FFFE - FFFF (0x2 bytes), align: 1
  Segment part 0.
           ENTRY                   ADDRESS         REF BY
           =====                   =======         ======
           ?reset_vector           FFFE            Segment part 9 (?cstart)

    -------------------------------------------------------------------------
  LIBRARY MODULE, NAME : ?Epilogue

  SEGMENTS IN THE MODULE
  ======================
<CODE> 1 (was CODE)
  Relative segment, address: 2F18 - 2F19 (0x2 bytes), align: 1
  Segment part 0.
           ENTRY                   ADDRESS         REF BY
           =====                   =======         ======
           ?Epilogue8              2F18            OLED_Show0Num (lcd12864)
                                                   OLED_ShowFloat (lcd12864)
                                                   OLED_ShowNum (lcd12864)
    -------------------------------------------------------------------------
<CODE> 1 (was CODE)
  Relative segment, address: 2F1A - 2F1B (0x2 bytes), align: 1
  Segment part 1.             Intra module refs:   ?Epilogue8
           ENTRY                   ADDRESS         REF BY
           =====                   =======         ======
           ?Epilogue7              2F1A 
    -------------------------------------------------------------------------
<CODE> 1 (was CODE)
  Relative segment, address: 2F1C - 2F1D (0x2 bytes), align: 1
  Segment part 2.             Intra module refs:   ?Epilogue7
           ENTRY                   ADDRESS         REF BY
           =====                   =======         ======
           ?Epilogue6              2F1C 
    -------------------------------------------------------------------------
<CODE> 1 (was CODE)
  Relative segment, address: 2F1E - 2F1F (0x2 bytes), align: 1
  Segment part 3.             Intra module refs:   ?Epilogue6
           ENTRY                   ADDRESS         REF BY
           =====                   =======         ======
           ?Epilogue5              2F1E            OLED_ShowString (lcd12864)
    -------------------------------------------------------------------------
<CODE> 1 (was CODE)
  Relative segment, address: 2F20 - 2F21 (0x2 bytes), align: 1
  Segment part 4.             Intra module refs:   ?Epilogue5
           ENTRY                   ADDRESS         REF BY
           =====                   =======         ======
           ?Epilogue4              2F20            OLED_ShowChar (lcd12864)
                                                   PID_con (Source)
                                                   task_switch (Rtx430)
    -------------------------------------------------------------------------
<CODE> 1 (was CODE)
  Relative segment, address: 2F22 - 2F29 (0x8 bytes), align: 1
  Segment part 5.             Intra module refs:   ?Epilogue4
           ENTRY                   ADDRESS         REF BY
           =====                   =======         ======
           ?Epilogue3              2F22 

    -------------------------------------------------------------------------
  LIBRARY MODULE, NAME : ?exit

  SEGMENTS IN THE MODULE
  ======================
<CODE> 1 (was CODE)
  Relative segment, address: 2F78 - 2F7B (0x4 bytes), align: 1
  Segment part 2.
           ENTRY                   ADDRESS         REF BY
           =====                   =======         ======
           exit                    2F78            Segment part 18 (?cstart)
               calls direct

    -------------------------------------------------------------------------
  LIBRARY MODULE, NAME : ?fabs

  SEGMENTS IN THE MODULE
  ======================
<CODE> 1 (was CODE)
  Relative segment, address: 2A18 - 2A65 (0x4e bytes), align: 1
  Segment part 2.
           ENTRY                   ADDRESS         REF BY
           =====                   =======         ======
           fabs                    2A18            OLED_ShowFloat (lcd12864)
               calls direct

    -------------------------------------------------------------------------
  LIBRARY MODULE, NAME : ?Cast32f32i

  SEGMENTS IN THE MODULE
  ======================
<CODE> 1 (was CODE)
  Relative segment, address: 26C6 - 26D9 (0x14 bytes), align: 1
  Segment part 0.
           ENTRY                   ADDRESS         REF BY
           =====                   =======         ======
           _Cast32sto32f           26C6            OLED_ShowFloat (lcd12864)
                                                   PID_con (Source)
                                                   work_pid (Source)
    -------------------------------------------------------------------------
<CODE> 1 (was CODE)
  Relative segment, address: 26DA - 2757 (0x7e bytes), align: 1
  Segment part 1.             Intra module refs:   _Cast32sto32f
           ENTRY                   ADDRESS         REF BY
           =====                   =======         ======
           _Cast32uto32f           26DA            OLED_ShowFloat (lcd12864)

    -------------------------------------------------------------------------
  LIBRARY MODULE, NAME : _Cast32fto32u

  SEGMENTS IN THE MODULE
  ======================
<CODE> 1 (was CODE)
  Relative segment, address: 2F58 - 2F63 (0xc bytes), align: 1
  Segment part 0.
           ENTRY                   ADDRESS         REF BY
           =====                   =======         ======
           _Cast32fto32u           2F58            OLED_ShowFloat (lcd12864)

    -------------------------------------------------------------------------
  LIBRARY MODULE, NAME : _Cast32fto32s

  SEGMENTS IN THE MODULE
  ======================
<CODE> 1 (was CODE)
  Relative segment, address: 2CE0 - 2D11 (0x32 bytes), align: 1
  Segment part 0.
           ENTRY                   ADDRESS         REF BY
           =====                   =======         ======
           _Cast32fto32s           2CE0            OLED_ShowFloat (lcd12864)

    -------------------------------------------------------------------------
  LIBRARY MODULE, NAME : ?FLT_Extract

  SEGMENTS IN THE MODULE
  ======================
<CODE> 1 (was CODE)
  Relative segment, address: 2A66 - 2AB1 (0x4c bytes), align: 1
  Segment part 0.
           ENTRY                   ADDRESS         REF BY
           =====                   =======         ======
           ?FLT_Extract            2A66            _Cast32fto32s (_Cast32fto32s)
                                                   _Cast32fto32u (_Cast32fto32u)

    -------------------------------------------------------------------------
  LIBRARY MODULE, NAME : ?FLT_GE

  SEGMENTS IN THE MODULE
  ======================
<CODE> 1 (was CODE)
  Relative segment, address: 2970 - 29C5 (0x56 bytes), align: 1
  Segment part 0.
           ENTRY                   ADDRESS         REF BY
           =====                   =======         ======
           ?FLT_GE                 2970            OLED_ShowFloat (lcd12864)

    -------------------------------------------------------------------------
  LIBRARY MODULE, NAME : ?FLT_LT

  SEGMENTS IN THE MODULE
  ======================
<CODE> 1 (was CODE)
  Relative segment, address: 29C6 - 2A17 (0x52 bytes), align: 1
  Segment part 0.
           ENTRY                   ADDRESS         REF BY
           =====                   =======         ======
           ?FLT_LT                 29C6            fabs (?fabs)

    -------------------------------------------------------------------------
  LIBRARY MODULE, NAME : _Mul32f

  SEGMENTS IN THE MODULE
  ======================
<CODE> 1 (was CODE)
  Relative segment, address: 2038 - 2147 (0x110 bytes), align: 1
  Segment part 0.
           ENTRY                   ADDRESS         REF BY
           =====                   =======         ======
           _Mul32f                 2038            OLED_ShowFloat (lcd12864)

    -------------------------------------------------------------------------
  LIBRARY MODULE, NAME : _Add32f

  SEGMENTS IN THE MODULE
  ======================
<CODE> 1 (was CODE)
  Relative segment, address: 1B6C - 1B6F (0x4 bytes), align: 1
  Segment part 0.
           ENTRY                   ADDRESS         REF BY
           =====                   =======         ======
           _Sub32f                 1B6C            OLED_ShowFloat (lcd12864)
    -------------------------------------------------------------------------
<CODE> 1 (was CODE)
  Relative segment, address: 1B70 - 1CCF (0x160 bytes), align: 1
  Segment part 1.             Intra module refs:   _Sub32f
           ENTRY                   ADDRESS         REF BY
           =====                   =======         ======
           _Add32f                 1B70 

    -------------------------------------------------------------------------
  LIBRARY MODULE, NAME : ?Mul816

  SEGMENTS IN THE MODULE
  ======================
<CODE> 1 (was CODE)
  Relative segment, address: 2CAE - 2CB1 (0x4 bytes), align: 1
  Segment part 0.
           ENTRY                   ADDRESS         REF BY
           =====                   =======         ======
           ?Mul8                   2CAE            OLED_Show0Num (lcd12864)
                                                   OLED_ShowNum (lcd12864)
    -------------------------------------------------------------------------
<CODE> 1 (was CODE)
  Relative segment, address: 2CB2 - 2CDF (0x2e bytes), align: 1
  Segment part 1.             Intra module refs:   ?Mul8
           ENTRY                   ADDRESS         REF BY
           =====                   =======         ======
           ?Mul16                  2CB2            PID_con (Source)
           ?Mul16to32u             2CB2 

    -------------------------------------------------------------------------
  LIBRARY MODULE, NAME : ?Mul32

  SEGMENTS IN THE MODULE
  ======================
<CODE> 1 (was CODE)
  Relative segment, address: 2D12 - 2D41 (0x30 bytes), align: 1
  Segment part 0.
           ENTRY                   ADDRESS         REF BY
           =====                   =======         ======
           ?Mul32                  2D12            oled_pow (lcd12864)

    -------------------------------------------------------------------------
  LIBRARY MODULE, NAME : ?DivMod816u

  SEGMENTS IN THE MODULE
  ======================
<CODE> 1 (was CODE)
  Relative segment, address: 2ED8 - 2EEF (0x18 bytes), align: 1
  Segment part 1.
           ENTRY                   ADDRESS         REF BY
           =====                   =======         ======
           ?DivMod16u              2ED8            ?DivMod16s (?DivMod816s)
                                                   Trans_val (Source)

    -------------------------------------------------------------------------
  LIBRARY MODULE, NAME : ?DivMod816s

  SEGMENTS IN THE MODULE
  ======================
<CODE> 1 (was CODE)
  Relative segment, address: 2D42 - 2D71 (0x30 bytes), align: 1
  Segment part 1.
           ENTRY                   ADDRESS         REF BY
           =====                   =======         ======
           ?DivMod16s              2D42            PID_con (Source)

    -------------------------------------------------------------------------
  LIBRARY MODULE, NAME : ?DivMod32u

  SEGMENTS IN THE MODULE
  ======================
<CODE> 1 (was CODE)
  Relative segment, address: 2C76 - 2CAD (0x38 bytes), align: 1
  Segment part 0.
           ENTRY                   ADDRESS         REF BY
           =====                   =======         ======
           ?DivMod32u              2C76            OLED_Show0Num (lcd12864)
                                                   OLED_ShowNum (lcd12864)
                                                   oled_len (lcd12864)

    -------------------------------------------------------------------------
  LIBRARY MODULE, NAME : ?ShiftLeft32_n

  SEGMENTS IN THE MODULE
  ======================
<CODE> 1 (was CODE)
  Relative segment, address: 2EF0 - 2EF3 (0x4 bytes), align: 1
  Segment part 2.
           ENTRY                   ADDRESS         REF BY
           =====                   =======         ======
           ?ShiftLeft32_5          2EF0            Trans_val (Source)
    -------------------------------------------------------------------------
<CODE> 1 (was CODE)
  Relative segment, address: 2EF4 - 2EF7 (0x4 bytes), align: 1
  Segment part 3.             Intra module refs:   ?ShiftLeft32_5
           ENTRY                   ADDRESS         REF BY
           =====                   =======         ======
           ?ShiftLeft32_4          2EF4 
    -------------------------------------------------------------------------
<CODE> 1 (was CODE)
  Relative segment, address: 2EF8 - 2F05 (0xe bytes), align: 1
  Segment part 4.             Intra module refs:   ?ShiftLeft32_4
           ENTRY                   ADDRESS         REF BY
           =====                   =======         ======
           ?ShiftLeft32_3          2EF8 

    -------------------------------------------------------------------------
  LIBRARY MODULE, NAME : ?ShiftRight16u_n

  SEGMENTS IN THE MODULE
  ======================
<CODE> 1 (was CODE)
  Relative segment, address: 2EA4 - 2EA7 (0x4 bytes), align: 1
  Segment part 0.
           ENTRY                   ADDRESS         REF BY
           =====                   =======         ======
           ?ShiftRight16u_7        2EA4            fabs (?fabs)
    -------------------------------------------------------------------------
<CODE> 1 (was CODE)
  Relative segment, address: 2EA8 - 2EAB (0x4 bytes), align: 1
  Segment part 1.             Intra module refs:   ?ShiftRight16u_7
           ENTRY                   ADDRESS         REF BY
           =====                   =======         ======
           ?ShiftRight16u_6        2EA8 
    -------------------------------------------------------------------------
<CODE> 1 (was CODE)
  Relative segment, address: 2EAC - 2EAF (0x4 bytes), align: 1
  Segment part 2.             Intra module refs:   ?ShiftRight16u_6
           ENTRY                   ADDRESS         REF BY
           =====                   =======         ======
           ?ShiftRight16u_5        2EAC 
    -------------------------------------------------------------------------
<CODE> 1 (was CODE)
  Relative segment, address: 2EB0 - 2EB3 (0x4 bytes), align: 1
  Segment part 3.             Intra module refs:   ?ShiftRight16u_5
           ENTRY                   ADDRESS         REF BY
           =====                   =======         ======
           ?ShiftRight16u_4        2EB0 
    -------------------------------------------------------------------------
<CODE> 1 (was CODE)
  Relative segment, address: 2EB4 - 2EBD (0xa bytes), align: 1
  Segment part 4.             Intra module refs:   ?ShiftRight16u_4
           ENTRY                   ADDRESS         REF BY
           =====                   =======         ======
           ?ShiftRight16u_3        2EB4 

    -------------------------------------------------------------------------
  LIBRARY MODULE, NAME : ?ShiftRight32u_n

  SEGMENTS IN THE MODULE
  ======================
<CODE> 1 (was CODE)
  Relative segment, address: 2E50 - 2E55 (0x6 bytes), align: 1
  Segment part 2.
           ENTRY                   ADDRESS         REF BY
           =====                   =======         ======
           ?ShiftRight32u_5        2E50            ADC12ISR (Interrupt)
    -------------------------------------------------------------------------
<CODE> 1 (was CODE)
  Relative segment, address: 2E56 - 2E5B (0x6 bytes), align: 1
  Segment part 3.             Intra module refs:   ?ShiftRight32u_5
           ENTRY                   ADDRESS         REF BY
           =====                   =======         ======
           ?ShiftRight32u_4        2E56 
    -------------------------------------------------------------------------
<CODE> 1 (was CODE)
  Relative segment, address: 2E5C - 2E61 (0x6 bytes), align: 1
  Segment part 4.             Intra module refs:   ?ShiftRight32u_4
           ENTRY                   ADDRESS         REF BY
           =====                   =======         ======
           ?ShiftRight32u_3        2E5C 
    -------------------------------------------------------------------------
<CODE> 1 (was CODE)
  Relative segment, address: 2E62 - 2E6D (0xc bytes), align: 1
  Segment part 5.             Intra module refs:   ?ShiftRight32u_3
           ENTRY                   ADDRESS         REF BY
           =====                   =======         ======
           ?ShiftRight32u_2        2E62 

    -------------------------------------------------------------------------
  LIBRARY MODULE, NAME : ?ShiftRight32u_8n

  SEGMENTS IN THE MODULE
  ======================
<CODE> 1 (was CODE)
  Relative segment, address: 2DEE - 2DF3 (0x6 bytes), align: 1
  Segment part 2.
           ENTRY                   ADDRESS         REF BY
           =====                   =======         ======
           ?ShiftRight32u_12       2DEE            Trans_val (Source)
    -------------------------------------------------------------------------
<CODE> 1 (was CODE)
  Relative segment, address: 2DF4 - 2DF9 (0x6 bytes), align: 1
  Segment part 3.             Intra module refs:   ?ShiftRight32u_12
           ENTRY                   ADDRESS         REF BY
           =====                   =======         ======
           ?ShiftRight32u_11       2DF4 
    -------------------------------------------------------------------------
<CODE> 1 (was CODE)
  Relative segment, address: 2DFA - 2DFF (0x6 bytes), align: 1
  Segment part 4.             Intra module refs:   ?ShiftRight32u_11
           ENTRY                   ADDRESS         REF BY
           =====                   =======         ======
           ?ShiftRight32u_10       2DFA 
    -------------------------------------------------------------------------
<CODE> 1 (was CODE)
  Relative segment, address: 2E00 - 2E05 (0x6 bytes), align: 1
  Segment part 5.             Intra module refs:   ?ShiftRight32u_10
           ENTRY                   ADDRESS         REF BY
           =====                   =======         ======
           ?ShiftRight32u_9        2E00 
    -------------------------------------------------------------------------
<CODE> 1 (was CODE)
  Relative segment, address: 2E06 - 2E11 (0xc bytes), align: 1
  Segment part 6.             Intra module refs:   ?ShiftRight32u_9
           ENTRY                   ADDRESS         REF BY
           =====                   =======         ======
           ?ShiftRight32u_8        2E06 

    -------------------------------------------------------------------------
  LIBRARY MODULE, NAME : ?memcpy

  SEGMENTS IN THE MODULE
  ======================
<CODE> 1 (was CODE)
  Relative segment, address: 2F06 - 2F17 (0x12 bytes), align: 1
  Segment part 2.
           ENTRY                   ADDRESS         REF BY
           =====                   =======         ======
           memcpy                  2F06            __data16_memcpy (?memzero)

    -------------------------------------------------------------------------
  LIBRARY MODULE, NAME : ?memzero

  SEGMENTS IN THE MODULE
  ======================
<CODE> 1 (was CODE)
  Relative segment, address: 2F3A - 2F49 (0x10 bytes), align: 1
  Segment part 2.
           ENTRY                   ADDRESS         REF BY
           =====                   =======         ======
           __data16_memzero        2F3A            ?cstart_init_zero (?cstart)
    -------------------------------------------------------------------------
<CODE> 1 (was CODE)
  Relative segment, address: 2F7C - 2F7F (0x4 bytes), align: 1
  Segment part 3.
           ENTRY                   ADDRESS         REF BY
           =====                   =======         ======
           __data16_memcpy         2F7C            ?cstart_init_copy (?cstart)
               calls direct

    -------------------------------------------------------------------------
  LIBRARY MODULE, NAME : ?__exit

  SEGMENTS IN THE MODULE
  ======================
<CODE> 1 (was CODE)
  Relative segment, address: 2F84 - 2F85 (0x2 bytes), align: 1
  Segment part 2.
           ENTRY                   ADDRESS         REF BY
           =====                   =======         ======
           __exit                  2F84            Segment part 6 (?_exit)
                                                   _exit (?_exit)




                ****************************************
                *                                      *
                *      SEGMENTS IN ADDRESS ORDER       *
                *                                      *
                ****************************************


SEGMENT              SPACE    START ADDRESS   END ADDRESS     SIZE  TYPE  ALIGN
=======              =====    =============   ===========     ====  ====  =====
DATA16_AN                              0000 - 0000               1   rel    0
                                       0002 - 0002               1 
                                       0004 - 0004               1 
                                       0019 - 001B               3 
                                       001E - 001F               2 
                                       0021 - 0026               6 
                                       0029 - 002A               2 
                                       002E - 002E               1 
                                       0032 - 0033               2 
                                       0037 - 0037               1 
                                       0057 - 005B               5 
                                       0070 - 0071               2 
                                       0073 - 0077               5 
                                       0120 - 0121               2 
                                       0140 - 0141               2 
                                       0160 - 0163               4 
                                       0170 - 0173               4 
                                       0180 - 0181               2 
                                       0184 - 0185               2 
                                       0192 - 0195               4 
                                       01A0 - 01A3               4 
                                       01A6 - 01A7               2 
DATA16_I                               0200 - 0203               4   rel    1
DATA16_Z                               0204 - 0287              84   rel    1
CSTACK                                 09B0 - 09FF              50   rel    1
DATA16_C                               1100 - 1979             87A   rel    0
DATA16_ID                              197A - 197D               4   rel    1
CSTART                                 197E - 19A5              28   rel    1
<CODE> 1                               19A6 - 2F85            15E0   rel    1
INTVEC                                 FFE0 - FFF5              16   com    1
RESET                                  FFFE - FFFF               2   rel    1

                ****************************************
                *                                      *
                *        END OF CROSS REFERENCE        *
                *                                      *
                ****************************************

 5 664 bytes of CODE  memory
   216 bytes of DATA  memory (+ 58 absolute )
 2 174 bytes of CONST memory

Errors: none
Warnings: none

