###############################################################################
#
# IAR ELF Linker V8.22.2.15995/W32 for ARM                03/Mar/2020  19:08:08
# Copyright 2007-2018 IAR Systems AB.
#
#    Output file  =  
#        H:\cp_data\STM32\develop_stm32f405\BootLoad\BOOT1\Debug\Exe\boot1_stm32f4xx.out
#    Map file     =  
#        H:\cp_data\STM32\develop_stm32f405\BootLoad\BOOT1\Debug\List\boot1_stm32f4xx.map
#    Command line =  
#        -f C:\Users\admin\AppData\Local\Temp\EW4AD2.tmp
#        (H:\cp_data\STM32\develop_stm32f405\BootLoad\BOOT1\Debug\Obj\boot1.o
#        H:\cp_data\STM32\develop_stm32f405\BootLoad\BOOT1\Debug\Obj\delay.o
#        H:\cp_data\STM32\develop_stm32f405\BootLoad\BOOT1\Debug\Obj\led.o
#        H:\cp_data\STM32\develop_stm32f405\BootLoad\BOOT1\Debug\Obj\main.o
#        H:\cp_data\STM32\develop_stm32f405\BootLoad\BOOT1\Debug\Obj\misc.o
#        H:\cp_data\STM32\develop_stm32f405\BootLoad\BOOT1\Debug\Obj\startup_stm32f40_41xxx.o
#        H:\cp_data\STM32\develop_stm32f405\BootLoad\BOOT1\Debug\Obj\stm32f4xx_gpio.o
#        H:\cp_data\STM32\develop_stm32f405\BootLoad\BOOT1\Debug\Obj\stm32f4xx_it.o
#        H:\cp_data\STM32\develop_stm32f405\BootLoad\BOOT1\Debug\Obj\stm32f4xx_rcc.o
#        H:\cp_data\STM32\develop_stm32f405\BootLoad\BOOT1\Debug\Obj\stm32f4xx_usart.o
#        H:\cp_data\STM32\develop_stm32f405\BootLoad\BOOT1\Debug\Obj\sys.o
#        H:\cp_data\STM32\develop_stm32f405\BootLoad\BOOT1\Debug\Obj\system_stm32f4xx.o
#        H:\cp_data\STM32\develop_stm32f405\BootLoad\BOOT1\Debug\Obj\usart.o -o
#        H:\cp_data\STM32\develop_stm32f405\BootLoad\BOOT1\Debug\Exe\boot1_stm32f4xx.out
#        --map
#        H:\cp_data\STM32\develop_stm32f405\BootLoad\BOOT1\Debug\List\boot1_stm32f4xx.map
#        --config
#        H:\cp_data\STM32\develop_stm32f405\BootLoad\BOOT1\System\stm32f405xG.icf
#        --semihosting --entry __iar_program_start
#        E:\IAR_8_22\arm\CMSIS\Lib\IAR\iar_cortexM4lf_math.a --vfe --text_out
#        locale)
#
###############################################################################

*******************************************************************************
*** RUNTIME MODEL ATTRIBUTES
***

CppFlavor       = *
__SystemLibrary = DLib
__dlib_version  = 6


*******************************************************************************
*** HEAP SELECTION
***

The basic heap was selected because no calls to memory allocation
functions were found in the application outside of system library
functions, and there are calls to deallocation functions in the
application.


*******************************************************************************
*** PLACEMENT SUMMARY
***

"A0":  place at 0x08000000 { ro section .intvec };
"P1":  place in [from 0x08000000 to 0x08003fff] { ro };
define block CSTACK with size = 8K, alignment = 8 { };
"P3":  place in [from 0x10000000 to 0x1000ffff] {
          block CSTACK, section .ccram };
define block HEAP with size = 8K, alignment = 8 { };
"P4":  place in [from 0x20000000 to 0x2001bfff] |
                [from 0x2001c000 to 0x2001ffff] { rw, block HEAP };
initialize by copy { rw };

No sections matched the following patterns:

  ro section application_specific_ro  in "P2"
  section .backup_sram                in "P5"
  section .ccram                      in "P3"


  Section            Kind        Address    Size  Object
  -------            ----        -------    ----  ------
"A0":                                      0x188
  .intvec            ro code  0x08000000   0x188  startup_stm32f40_41xxx.o [1]
                            - 0x08000188   0x188

"P1":                                     0x2990
  .text              ro code  0x08000188   0xe22  xprintffull_nomb.o [3]
  .rodata            const    0x08000faa     0x1  boot1.o [1]
  .rodata            const    0x08000fab     0x1  usart.o [1]
  .text              ro code  0x08000fac    0x16  strchr.o [5]
  .text              ro code  0x08000fc4    0x40  xfail_s.o [3]
  .text              ro code  0x08001004    0x36  strlen.o [5]
  .text              ro code  0x0800103c    0x58  memchr.o [5]
  .text              ro code  0x08001094   0x22e  I64DivMod.o [5]
  .text              ro code  0x080012c4   0x1a2  DblMul.o [4]
  .text              ro code  0x08001468    0xa6  ABImemcpy.o [5]
  .text              ro code  0x08001510    0x70  frexp.o [4]
  .text              ro code  0x08001580    0x2e  DblCmpLe.o [4]
  .text              ro code  0x080015b0    0x2e  DblCmpGe.o [4]
  .text              ro code  0x080015e0   0x13a  ldexp.o [4]
  .text              ro code  0x0800171c    0x3a  DblToS32.o [4]
  .text              ro code  0x08001758    0x22  S32ToDbl.o [4]
  .text              ro code  0x0800177c    0xe2  DblSub.o [4]
  .text              ro code  0x08001860   0x246  DblDiv.o [4]
  .text              ro code  0x08001aa8    0x28  DblToU32.o [4]
  .text              ro code  0x08001ad0    0x1a  U32ToDbl.o [4]
  .text              ro code  0x08001aec     0x8  xlocale_c.o [3]
  .text              ro code  0x08001af4     0x6  abort.o [3]
  .text              ro code  0x08001afc     0x2  I64DivZer.o [5]
  .text              ro code  0x08001b00   0x168  DblAdd.o [4]
  .text              ro code  0x08001c68    0x14  exit.o [6]
  .text              ro code  0x08001c7c   0x350  stm32f4xx_rcc.o [1]
  .text              ro code  0x08001fcc   0x17c  usart.o [1]
  .text              ro code  0x08002148   0x10e  stm32f4xx_gpio.o [1]
  .text              ro code  0x08002258   0x102  stm32f4xx_usart.o [1]
  .text              ro code  0x0800235c    0x20  vprintf.o [3]
  .text              ro code  0x0800237c   0x154  system_stm32f4xx.o [1]
  .text              ro code  0x080024d0    0xca  delay.o [1]
  .text              ro code  0x0800259c    0x38  misc.o [1]
  .text              ro code  0x080025d4    0xac  sys.o [1]
  .text              ro code  0x08002680    0x48  main.o [1]
  .text              ro code  0x080026c8    0x3c  led.o [1]
  .text              ro code  0x08002704    0x40  boot1.o [1]
  .text              ro code  0x08002744    0x40  zero_init3.o [5]
  .text              ro code  0x08002784    0x2c  copy_init3.o [5]
  .text              ro code  0x080027b0    0x28  data_init.o [5]
  .text              ro code  0x080027d8    0x22  fpinit_M.o [4]
  .iar.init_table    const    0x080027fc    0x24  - Linker created -
  .text              ro code  0x08002820    0x1e  cmain.o [5]
  .text              ro code  0x0800283e     0x4  low_level_init.o [3]
  .text              ro code  0x08002842     0x4  exit.o [3]
  .text              ro code  0x08002848     0xa  cexit.o [5]
  .rodata            const    0x08002854    0x18  boot1.o [1]
  .text              ro code  0x0800286c    0x16  xprout.o [3]
  .text              ro code  0x08002884     0xc  putchar.o [3]
  .rodata            const    0x08002890    0x10  boot1.o [1]
  .rodata            const    0x080028a0    0x10  usart.o [1]
  .rodata            const    0x080028b0    0x10  usart.o [1]
  .text              ro code  0x080028c0    0x10  startup_stm32f40_41xxx.o [1]
  .text              ro code  0x080028d0     0xc  stm32f4xx_it.o [1]
  .text              ro code  0x080028dc     0xc  cstartup_M.o [5]
  .rodata            const    0x080028e8     0x8  usart.o [1]
  .rodata            const    0x080028f0     0x8  usart.o [1]
  .rodata            const    0x080028f8     0x8  usart.o [1]
  .rodata            const    0x08002900     0x8  usart.o [1]
  .rodata            const    0x08002908     0x8  usart.o [1]
  .rodata            const    0x08002910     0x8  usart.o [1]
  .rodata            const    0x08002918     0x8  usart.o [1]
  .rodata            const    0x08002920     0x8  usart.o [1]
  .rodata            const    0x08002928     0x8  usart.o [1]
  .rodata            const    0x08002930     0x4  xlocale_c.o [3]
  .text              ro code  0x08002934     0x4  startup_stm32f40_41xxx.o [1]
  .text              ro code  0x08002938     0x4  startup_stm32f40_41xxx.o [1]
  .text              ro code  0x0800293c     0x4  startup_stm32f40_41xxx.o [1]
  .text              ro code  0x08002940     0x4  startup_stm32f40_41xxx.o [1]
  .text              ro code  0x08002944     0x4  startup_stm32f40_41xxx.o [1]
  .text              ro code  0x08002948     0x4  startup_stm32f40_41xxx.o [1]
  .text              ro code  0x0800294c     0x4  startup_stm32f40_41xxx.o [1]
  .text              ro code  0x08002950     0x4  startup_stm32f40_41xxx.o [1]
  .text              ro code  0x08002954     0x4  startup_stm32f40_41xxx.o [1]
  .text              ro code  0x08002958     0x4  startup_stm32f40_41xxx.o [1]
  .text              ro code  0x0800295c     0x4  startup_stm32f40_41xxx.o [1]
  .text              ro code  0x08002960     0x4  startup_stm32f40_41xxx.o [1]
  .text              ro code  0x08002964     0x4  startup_stm32f40_41xxx.o [1]
  .text              ro code  0x08002968     0x4  startup_stm32f40_41xxx.o [1]
  .text              ro code  0x0800296c     0x4  startup_stm32f40_41xxx.o [1]
  .text              ro code  0x08002970     0x4  startup_stm32f40_41xxx.o [1]
  .text              ro code  0x08002974     0x4  startup_stm32f40_41xxx.o [1]
  .text              ro code  0x08002978     0x4  startup_stm32f40_41xxx.o [1]
  .text              ro code  0x0800297c     0x4  startup_stm32f40_41xxx.o [1]
  .text              ro code  0x08002980     0x4  startup_stm32f40_41xxx.o [1]
  .text              ro code  0x08002984     0x4  startup_stm32f40_41xxx.o [1]
  .text              ro code  0x08002988     0x4  startup_stm32f40_41xxx.o [1]
  .text              ro code  0x0800298c     0x4  startup_stm32f40_41xxx.o [1]
  .text              ro code  0x08002990     0x4  startup_stm32f40_41xxx.o [1]
  .text              ro code  0x08002994     0x4  startup_stm32f40_41xxx.o [1]
  .text              ro code  0x08002998     0x4  startup_stm32f40_41xxx.o [1]
  .text              ro code  0x0800299c     0x4  startup_stm32f40_41xxx.o [1]
  .text              ro code  0x080029a0     0x4  startup_stm32f40_41xxx.o [1]
  .text              ro code  0x080029a4     0x4  startup_stm32f40_41xxx.o [1]
  .text              ro code  0x080029a8     0x4  startup_stm32f40_41xxx.o [1]
  .text              ro code  0x080029ac     0x4  startup_stm32f40_41xxx.o [1]
  .text              ro code  0x080029b0     0x4  startup_stm32f40_41xxx.o [1]
  .text              ro code  0x080029b4     0x4  startup_stm32f40_41xxx.o [1]
  .text              ro code  0x080029b8     0x4  startup_stm32f40_41xxx.o [1]
  .text              ro code  0x080029bc     0x4  startup_stm32f40_41xxx.o [1]
  .text              ro code  0x080029c0     0x4  startup_stm32f40_41xxx.o [1]
  .text              ro code  0x080029c4     0x4  startup_stm32f40_41xxx.o [1]
  .text              ro code  0x080029c8     0x4  startup_stm32f40_41xxx.o [1]
  .text              ro code  0x080029cc     0x4  startup_stm32f40_41xxx.o [1]
  .text              ro code  0x080029d0     0x4  startup_stm32f40_41xxx.o [1]
  .text              ro code  0x080029d4     0x4  startup_stm32f40_41xxx.o [1]
  .text              ro code  0x080029d8     0x4  startup_stm32f40_41xxx.o [1]
  .text              ro code  0x080029dc     0x4  startup_stm32f40_41xxx.o [1]
  .text              ro code  0x080029e0     0x4  startup_stm32f40_41xxx.o [1]
  .text              ro code  0x080029e4     0x4  startup_stm32f40_41xxx.o [1]
  .text              ro code  0x080029e8     0x4  startup_stm32f40_41xxx.o [1]
  .text              ro code  0x080029ec     0x4  startup_stm32f40_41xxx.o [1]
  .text              ro code  0x080029f0     0x4  startup_stm32f40_41xxx.o [1]
  .text              ro code  0x080029f4     0x4  startup_stm32f40_41xxx.o [1]
  .text              ro code  0x080029f8     0x4  startup_stm32f40_41xxx.o [1]
  .text              ro code  0x080029fc     0x4  startup_stm32f40_41xxx.o [1]
  .text              ro code  0x08002a00     0x4  startup_stm32f40_41xxx.o [1]
  .text              ro code  0x08002a04     0x4  startup_stm32f40_41xxx.o [1]
  .text              ro code  0x08002a08     0x4  startup_stm32f40_41xxx.o [1]
  .text              ro code  0x08002a0c     0x4  startup_stm32f40_41xxx.o [1]
  .text              ro code  0x08002a10     0x4  startup_stm32f40_41xxx.o [1]
  .text              ro code  0x08002a14     0x4  startup_stm32f40_41xxx.o [1]
  .text              ro code  0x08002a18     0x4  startup_stm32f40_41xxx.o [1]
  .text              ro code  0x08002a1c     0x4  startup_stm32f40_41xxx.o [1]
  .text              ro code  0x08002a20     0x4  startup_stm32f40_41xxx.o [1]
  .text              ro code  0x08002a24     0x4  startup_stm32f40_41xxx.o [1]
  .text              ro code  0x08002a28     0x4  startup_stm32f40_41xxx.o [1]
  .text              ro code  0x08002a2c     0x4  startup_stm32f40_41xxx.o [1]
  .text              ro code  0x08002a30     0x4  startup_stm32f40_41xxx.o [1]
  .text              ro code  0x08002a34     0x4  startup_stm32f40_41xxx.o [1]
  .text              ro code  0x08002a38     0x4  startup_stm32f40_41xxx.o [1]
  .text              ro code  0x08002a3c     0x4  startup_stm32f40_41xxx.o [1]
  .text              ro code  0x08002a40     0x4  startup_stm32f40_41xxx.o [1]
  .text              ro code  0x08002a44     0x4  startup_stm32f40_41xxx.o [1]
  .text              ro code  0x08002a48     0x4  startup_stm32f40_41xxx.o [1]
  .text              ro code  0x08002a4c     0x4  startup_stm32f40_41xxx.o [1]
  .text              ro code  0x08002a50     0x4  startup_stm32f40_41xxx.o [1]
  .text              ro code  0x08002a54     0x4  startup_stm32f40_41xxx.o [1]
  .text              ro code  0x08002a58     0x4  startup_stm32f40_41xxx.o [1]
  .text              ro code  0x08002a5c     0x4  startup_stm32f40_41xxx.o [1]
  .text              ro code  0x08002a60     0x4  startup_stm32f40_41xxx.o [1]
  .text              ro code  0x08002a64     0x4  startup_stm32f40_41xxx.o [1]
  .text              ro code  0x08002a68     0x4  startup_stm32f40_41xxx.o [1]
  .text              ro code  0x08002a6c     0x4  startup_stm32f40_41xxx.o [1]
  .text              ro code  0x08002a70     0x4  startup_stm32f40_41xxx.o [1]
  .text              ro code  0x08002a74     0x4  startup_stm32f40_41xxx.o [1]
  .text              ro code  0x08002a78     0x4  startup_stm32f40_41xxx.o [1]
  .text              ro code  0x08002a7c     0x4  startup_stm32f40_41xxx.o [1]
  .text              ro code  0x08002a80     0x4  startup_stm32f40_41xxx.o [1]
  .text              ro code  0x08002a84     0x4  startup_stm32f40_41xxx.o [1]
  .rodata            const    0x08002a88     0x0  zero_init3.o [5]
  .rodata            const    0x08002a88     0x0  copy_init3.o [5]
  Initializer bytes  const    0x08002a88    0x90  <for P4 s0>
                            - 0x08002b18  0x2990

"P3":                                     0x2000
  CSTACK                      0x10000000  0x2000  <Block>
    CSTACK           uninit   0x10000000  0x2000  <Block tail>
                            - 0x10002000  0x2000

"P4", part 1 of 2:                          0x90
  P4 s0                       0x20000000    0x90  <Init block>
    .data            inited   0x20000000    0x48  xfiles.o [3]
    .data            inited   0x20000048    0x38  xlocale_c.o [3]
    .data            inited   0x20000080    0x10  stm32f4xx_rcc.o [1]
                            - 0x20000090    0x90

"P4", part 2 of 2:                          0x60
  .bss               zero     0x20000090    0x50  xfiles.o [3]
  .bss               zero     0x200000e0     0x4  boot1.o [1]
  .bss               zero     0x200000e4     0x4  main.o [1]
  .bss               zero     0x200000e8     0x4  xfail_s.o [3]
  .bss               zero     0x200000ec     0x2  delay.o [1]
  .bss               zero     0x200000ee     0x1  delay.o [1]
                            - 0x200000ef    0x5f


*******************************************************************************
*** INIT TABLE
***

          Address     Size
          -------     ----
Zero (__iar_zero_init3)
    1 destination range, total size 0x5f:
          0x20000090  0x5f

Copy (__iar_copy_init3)
    1 source range, total size 0x90:
          0x08002a88  0x90
    1 destination range, total size 0x90:
          0x20000000  0x90



*******************************************************************************
*** MODULE SUMMARY
***

    Module                    ro code  ro data  rw data
    ------                    -------  -------  -------
H:\cp_data\STM32\develop_stm32f405\BootLoad\BOOT1\Debug\Obj: [1]
    boot1.o                        64       41        4
    delay.o                       202                 3
    led.o                          60
    main.o                         72                 4
    misc.o                         56
    startup_stm32f40_41xxx.o      748
    stm32f4xx_gpio.o              270
    stm32f4xx_it.o                 12
    stm32f4xx_rcc.o               848       16       16
    stm32f4xx_usart.o             258
    sys.o                         172
    system_stm32f4xx.o            340
    usart.o                       380      105
    ---------------------------------------------------
    Total:                      3 482      162       27

command line: [2]
    ---------------------------------------------------
    Total:

dl7M_tlf.a: [3]
    abort.o                         6
    exit.o                          4
    low_level_init.o                4
    putchar.o                      12
    vprintf.o                      32
    xfail_s.o                      64                 4
    xfiles.o                                72      152
    xlocale_c.o                     8       60       56
    xprintffull_nomb.o          3 618
    xprout.o                       22
    ---------------------------------------------------
    Total:                      3 770      132      212

m7M_tls.a: [4]
    DblAdd.o                      360
    DblCmpGe.o                     46
    DblCmpLe.o                     46
    DblDiv.o                      582
    DblMul.o                      418
    DblSub.o                      226
    DblToS32.o                     58
    DblToU32.o                     40
    S32ToDbl.o                     34
    U32ToDbl.o                     26
    fpinit_M.o                     34
    frexp.o                       112
    ldexp.o                       314
    ---------------------------------------------------
    Total:                      2 296

rt7M_tl.a: [5]
    ABImemcpy.o                   166
    I64DivMod.o                   558
    I64DivZer.o                     2
    cexit.o                        10
    cmain.o                        30
    copy_init3.o                   44
    cstartup_M.o                   12
    data_init.o                    40
    memchr.o                       88
    strchr.o                       22
    strlen.o                       54
    zero_init3.o                   64
    ---------------------------------------------------
    Total:                      1 090

shb_l.a: [6]
    exit.o                         20
    ---------------------------------------------------
    Total:                         20

    Gaps                           40        4
    Linker created                          36    8 192
-------------------------------------------------------
    Grand Total:               10 698      334    8 431


*******************************************************************************
*** ENTRY LIST
***

Entry                      Address   Size  Type      Object
-----                      -------   ----  ----      ------
.iar.init_table$$Base   0x080027fc          --   Gb  - Linker created -
.iar.init_table$$Limit  0x08002820          --   Gb  - Linker created -
?main                   0x08002821         Code  Gb  cmain.o [5]
APBAHBPrescTable        0x20000080   0x10  Data  Lc  stm32f4xx_rcc.o [1]
BusFault_Handler        0x080028d7    0x2  Code  Gb  stm32f4xx_it.o [1]
CSTACK$$Base            0x10000000          --   Gb  - Linker created -
CSTACK$$Limit           0x10002000          --   Gb  - Linker created -
DebugMon_Handler        0x080028db    0x2  Code  Gb  stm32f4xx_it.o [1]
Dprintf                 0x0800206f   0x9e  Code  Gb  usart.o [1]
Driver_MCU_Init         0x080025d5   0xac  Code  Gb  sys.o [1]
EN_LOG                  0x08000faa    0x1  Data  Lc  boot1.o [1]
EN_LOG                  0x08000fab    0x1  Data  Lc  usart.o [1]
GPIO_Init               0x08002149   0xa8  Code  Gb  stm32f4xx_gpio.o [1]
GPIO_PinAFConfig        0x080021f5   0x62  Code  Gb  stm32f4xx_gpio.o [1]
GPIO_ResetBits          0x080021f1    0x4  Code  Gb  stm32f4xx_gpio.o [1]
HardFault_Handler       0x080028d3    0x2  Code  Gb  stm32f4xx_it.o [1]
Jump_To_App             0x08002705   0x40  Code  Gb  boot1.o [1]
Jump_To_Application     0x200000e0    0x4  Data  Gb  boot1.o [1]
LED_Init                0x080026c9   0x3c  Code  Gb  led.o [1]
LoadInt                 0x0800033b   0x7a  Code  Lc  xprintffull_nomb.o [3]
MemManage_Handler       0x080028d5    0x2  Code  Gb  stm32f4xx_it.o [1]
NMI_Handler             0x080028d1    0x2  Code  Gb  stm32f4xx_it.o [1]
NVIC_PriorityGroupConfig
                        0x0800259d    0xa  Code  Gb  misc.o [1]
RCC_AHB1PeriphClockCmd  0x08001eeb   0x28  Code  Gb  stm32f4xx_rcc.o [1]
RCC_APB2PeriphClockCmd  0x08001f13   0x20  Code  Gb  stm32f4xx_rcc.o [1]
RCC_DeInit              0x08001c7d   0x6a  Code  Gb  stm32f4xx_rcc.o [1]
RCC_GetClocksFreq       0x08001dd3  0x118  Code  Gb  stm32f4xx_rcc.o [1]
RCC_GetFlagStatus       0x08001f33   0x46  Code  Gb  stm32f4xx_rcc.o [1]
RCC_GetSYSCLKSource     0x08001d83    0xc  Code  Gb  stm32f4xx_rcc.o [1]
RCC_HCLKConfig          0x08001d8f   0x16  Code  Gb  stm32f4xx_rcc.o [1]
RCC_HSEConfig           0x08001ce7   0x10  Code  Gb  stm32f4xx_rcc.o [1]
RCC_HSICmd              0x08001d33    0xc  Code  Gb  stm32f4xx_rcc.o [1]
RCC_PCLK1Config         0x08001da5   0x16  Code  Gb  stm32f4xx_rcc.o [1]
RCC_PCLK2Config         0x08001dbb   0x18  Code  Gb  stm32f4xx_rcc.o [1]
RCC_PLLCmd              0x08001d61    0xc  Code  Gb  stm32f4xx_rcc.o [1]
RCC_PLLConfig           0x08001d3f   0x22  Code  Gb  stm32f4xx_rcc.o [1]
RCC_SYSCLKConfig        0x08001d6d   0x16  Code  Gb  stm32f4xx_rcc.o [1]
RCC_WaitForHSEStartUp   0x08001cf7   0x3c  Code  Gb  stm32f4xx_rcc.o [1]
Region$$Table$$Base     0x080027fc          --   Gb  - Linker created -
Region$$Table$$Limit    0x08002820          --   Gb  - Linker created -
SetSysClock             0x080023cf   0xce  Code  Lc  system_stm32f4xx.o [1]
SysTick_CLKSourceConfig
                        0x080025a7   0x20  Code  Gb  misc.o [1]
SystemInit              0x0800237d   0x52  Code  Gb  system_stm32f4xx.o [1]
TAG                     0x08002890   0x10  Data  Lc  boot1.o [1]
TAG                     0x080028b0   0x10  Data  Lc  usart.o [1]
USART_Cmd               0x0800233d   0x1e  Code  Gb  stm32f4xx_usart.o [1]
USART_Init              0x08002259   0xd6  Code  Gb  stm32f4xx_usart.o [1]
UsageFault_Handler      0x080028d9    0x2  Code  Gb  stm32f4xx_it.o [1]
_GenldFullNoMb          0x08000ca9  0x274  Code  Lc  xprintffull_nomb.o [3]
_LdtobFullNoMb          0x0800087d  0x3fe  Code  Lc  xprintffull_nomb.o [3]
_LitobFullNoMb          0x08000725  0x112  Code  Lc  xprintffull_nomb.o [3]
_Locale_lconv           0x20000048   0x38  Data  Lc  xlocale_c.o [3]
_PrintfFullNoMb         0x08000189  0x1a4  Code  Gb  xprintffull_nomb.o [3]
_Prout                  0x0800286d   0x16  Code  Gb  xprout.o [3]
_PutcharsFullNoMb       0x08000f1d   0x2e  Code  Lc  xprintffull_nomb.o [3]
_PutfldFullNoMb         0x080003b5  0x264  Code  Lc  xprintffull_nomb.o [3]
_PuttxtFullNoMb         0x08000619  0x10c  Code  Lc  xprintffull_nomb.o [3]
__aeabi_cdcmple         0x08001581         Code  Gb  DblCmpLe.o [4]
__aeabi_cdrcmple        0x080015b1         Code  Gb  DblCmpGe.o [4]
__aeabi_d2iz            0x0800171d         Code  Gb  DblToS32.o [4]
__aeabi_d2uiz           0x08001aa9         Code  Gb  DblToU32.o [4]
__aeabi_ddiv            0x08001861         Code  Gb  DblDiv.o [4]
__aeabi_dmul            0x080012c5         Code  Gb  DblMul.o [4]
__aeabi_dsub            0x0800177d         Code  Gb  DblSub.o [4]
__aeabi_i2d             0x08001759         Code  Gb  S32ToDbl.o [4]
__aeabi_ldiv0           0x08001afd         Code  Gb  I64DivZer.o [5]
__aeabi_memcpy          0x08001469         Code  Gb  ABImemcpy.o [5]
__aeabi_memcpy4         0x08001489         Code  Gb  ABImemcpy.o [5]
__aeabi_memcpy8         0x08001489         Code  Gb  ABImemcpy.o [5]
__aeabi_ui2d            0x08001ad1         Code  Gb  U32ToDbl.o [4]
__aeabi_uldivmod        0x08001095         Code  Gb  I64DivMod.o [5]
__cmain                 0x08002821         Code  Gb  cmain.o [5]
__exit                  0x08001c69   0x14  Code  Gb  exit.o [6]
__iar_Fail_s            0x08000fc5   0x1c  Code  Gb  xfail_s.o [3]
__iar_Memchr            0x0800103d         Code  Gb  memchr.o [5]
__iar_Stdout            0x20000000   0x48  Data  Gb  xfiles.o [3]
__iar_Strchr            0x08000fad         Code  Gb  strchr.o [5]
__iar_copy_init3        0x08002785   0x2c  Code  Gb  copy_init3.o [5]
__iar_dadd              0x0800178d         Code  Gb  DblSub.o [4]
__iar_data_init3        0x080027b1   0x28  Code  Gb  data_init.o [5]
__iar_dsub              0x08001b01         Code  Gb  DblAdd.o [4]
__iar_dsubStart         0x08001b13         Code  Gb  DblAdd.o [4]
__iar_frexp             0x0800151d         Code  Gb  frexp.o [4]
__iar_frexpl            0x0800151d         Code  Gb  frexp.o [4]
__iar_init_vfp          0x080027d9         Code  Gb  fpinit_M.o [4]
__iar_ldexp64           0x080015e1         Code  Gb  ldexp.o [4]
__iar_program_start     0x080028dd         Code  Gb  cstartup_M.o [5]
__iar_scalbln64         0x080015e1         Code  Gb  ldexp.o [4]
__iar_scalbn64          0x080015e1         Code  Gb  ldexp.o [4]
__iar_softfp___iar_frexp64
                        0x08001511         Code  Gb  frexp.o [4]
__iar_softfp_frexp      0x08001511         Code  Gb  frexp.o [4]
__iar_softfp_frexpl     0x08001511         Code  Gb  frexp.o [4]
__iar_systems$$module {Abs}
                        0x00000001         Data  Gb  command line/config [2]
__iar_zero_init3        0x08002745   0x40  Code  Gb  zero_init3.o [5]
__low_level_init        0x0800283f    0x4  Code  Gb  low_level_init.o [3]
__vector_table          0x08000000         Data  Gb  startup_stm32f40_41xxx.o [1]
_call_main              0x0800282d         Code  Gb  cmain.o [5]
_exit                   0x08002849         Code  Gb  cexit.o [5]
_main                   0x0800283b         Code  Gb  cmain.o [5]
abort                   0x08001af5    0x6  Code  Gb  abort.o [3]
delay_init              0x080024d1   0x2c  Code  Gb  delay.o [1]
delay_ms                0x08002555   0x46  Code  Gb  delay.o [1]
delay_xms               0x080024fd   0x42  Code  Gb  delay.o [1]
exit                    0x08002843    0x4  Code  Gb  exit.o [3]
fac_ms                  0x200000ec    0x2  Data  Lc  delay.o [1]
fac_us                  0x200000ee    0x1  Data  Lc  delay.o [1]
fputc                   0x0800205d   0x12  Code  Gb  usart.o [1]
ldexp                   0x080015e1         Code  Gb  ldexp.o [4]
ldexpl                  0x080015e1         Code  Gb  ldexp.o [4]
localeconv              0x08001aed    0x4  Code  Gb  xlocale_c.o [3]
main                    0x08002681   0x48  Code  Gb  main.o [1]
main::i                 0x200000e4    0x4  Data  Lc  main.o [1]
memchr                  0x0800103d         Code  Gb  memchr.o [5]
obuf                    0x20000090   0x50  Data  Lc  xfiles.o [3]
putchar                 0x08002885    0xc  Code  Gb  putchar.o [3]
scalbln                 0x080015e1         Code  Gb  ldexp.o [4]
scalblnl                0x080015e1         Code  Gb  ldexp.o [4]
scalbn                  0x080015e1         Code  Gb  ldexp.o [4]
scalbnl                 0x080015e1         Code  Gb  ldexp.o [4]
scale                   0x08000837   0x46  Code  Lc  xprintffull_nomb.o [3]
sec_hand                0x200000e8    0x4  Data  Lc  xfail_s.o [3]
strchr                  0x08000fad         Code  Gb  strchr.o [5]
strlen                  0x08001005         Code  Gb  strlen.o [5]
uart_init               0x08001fcd   0x90  Code  Gb  usart.o [1]
vprintf                 0x0800235d   0x20  Code  Gb  vprintf.o [3]


[1] = H:\cp_data\STM32\develop_stm32f405\BootLoad\BOOT1\Debug\Obj
[2] = command line
[3] = dl7M_tlf.a
[4] = m7M_tls.a
[5] = rt7M_tl.a
[6] = shb_l.a

  10 698 bytes of readonly  code memory
     334 bytes of readonly  data memory
   8 431 bytes of readwrite data memory

Errors: none
Warnings: none
