###############################################################################
#
# IAR ELF Linker V8.22.2.15995/W32 for ARM                04/Mar/2020  20:53:54
# Copyright 2007-2018 IAR Systems AB.
#
#    Output file  =  
#        H:\cp_data\STM32\develop_stm32f405\project\Debug\Exe\stm32f4xx_405_demo.out
#    Map file     =  
#        H:\cp_data\STM32\develop_stm32f405\project\Debug\List\stm32f4xx_405_demo.map
#    Command line =  
#        -f C:\Users\admin\AppData\Local\Temp\EW7911.tmp
#        (H:\cp_data\STM32\develop_stm32f405\project\Debug\Obj\CNetManagement.o
#        H:\cp_data\STM32\develop_stm32f405\project\Debug\Obj\croutine.o
#        H:\cp_data\STM32\develop_stm32f405\project\Debug\Obj\CTool.o
#        H:\cp_data\STM32\develop_stm32f405\project\Debug\Obj\CUartProtocol.o
#        H:\cp_data\STM32\develop_stm32f405\project\Debug\Obj\CUdpProtocol.o
#        H:\cp_data\STM32\develop_stm32f405\project\Debug\Obj\delay.o
#        H:\cp_data\STM32\develop_stm32f405\project\Debug\Obj\driver.o
#        H:\cp_data\STM32\develop_stm32f405\project\Debug\Obj\event_groups.o
#        H:\cp_data\STM32\develop_stm32f405\project\Debug\Obj\heap_4.o
#        H:\cp_data\STM32\develop_stm32f405\project\Debug\Obj\Hmac_sha1.o
#        H:\cp_data\STM32\develop_stm32f405\project\Debug\Obj\IGPRS.o
#        H:\cp_data\STM32\develop_stm32f405\project\Debug\Obj\IRJ45.o
#        H:\cp_data\STM32\develop_stm32f405\project\Debug\Obj\IUarts.o
#        H:\cp_data\STM32\develop_stm32f405\project\Debug\Obj\led.o
#        H:\cp_data\STM32\develop_stm32f405\project\Debug\Obj\list.o
#        H:\cp_data\STM32\develop_stm32f405\project\Debug\Obj\main.o
#        H:\cp_data\STM32\develop_stm32f405\project\Debug\Obj\misc.o
#        H:\cp_data\STM32\develop_stm32f405\project\Debug\Obj\port.o
#        H:\cp_data\STM32\develop_stm32f405\project\Debug\Obj\portasm.o
#        H:\cp_data\STM32\develop_stm32f405\project\Debug\Obj\queue.o
#        H:\cp_data\STM32\develop_stm32f405\project\Debug\Obj\startup_stm32f40_41xxx.o
#        H:\cp_data\STM32\develop_stm32f405\project\Debug\Obj\stm32f4xx_adc.o
#        H:\cp_data\STM32\develop_stm32f405\project\Debug\Obj\stm32f4xx_can.o
#        H:\cp_data\STM32\develop_stm32f405\project\Debug\Obj\stm32f4xx_crc.o
#        H:\cp_data\STM32\develop_stm32f405\project\Debug\Obj\stm32f4xx_cryp.o
#        H:\cp_data\STM32\develop_stm32f405\project\Debug\Obj\stm32f4xx_cryp_aes.o
#        H:\cp_data\STM32\develop_stm32f405\project\Debug\Obj\stm32f4xx_cryp_des.o
#        H:\cp_data\STM32\develop_stm32f405\project\Debug\Obj\stm32f4xx_cryp_tdes.o
#        H:\cp_data\STM32\develop_stm32f405\project\Debug\Obj\stm32f4xx_dac.o
#        H:\cp_data\STM32\develop_stm32f405\project\Debug\Obj\stm32f4xx_dbgmcu.o
#        H:\cp_data\STM32\develop_stm32f405\project\Debug\Obj\stm32f4xx_dcmi.o
#        H:\cp_data\STM32\develop_stm32f405\project\Debug\Obj\stm32f4xx_dma.o
#        H:\cp_data\STM32\develop_stm32f405\project\Debug\Obj\stm32f4xx_dma2d.o
#        H:\cp_data\STM32\develop_stm32f405\project\Debug\Obj\stm32f4xx_exti.o
#        H:\cp_data\STM32\develop_stm32f405\project\Debug\Obj\stm32f4xx_flash.o
#        H:\cp_data\STM32\develop_stm32f405\project\Debug\Obj\stm32f4xx_flash_ramfunc.o
#        H:\cp_data\STM32\develop_stm32f405\project\Debug\Obj\stm32f4xx_gpio.o
#        H:\cp_data\STM32\develop_stm32f405\project\Debug\Obj\stm32f4xx_hash.o
#        H:\cp_data\STM32\develop_stm32f405\project\Debug\Obj\stm32f4xx_hash_md5.o
#        H:\cp_data\STM32\develop_stm32f405\project\Debug\Obj\stm32f4xx_hash_sha1.o
#        H:\cp_data\STM32\develop_stm32f405\project\Debug\Obj\stm32f4xx_i2c.o
#        H:\cp_data\STM32\develop_stm32f405\project\Debug\Obj\stm32f4xx_it.o
#        H:\cp_data\STM32\develop_stm32f405\project\Debug\Obj\stm32f4xx_iwdg.o
#        H:\cp_data\STM32\develop_stm32f405\project\Debug\Obj\stm32f4xx_ltdc.o
#        H:\cp_data\STM32\develop_stm32f405\project\Debug\Obj\stm32f4xx_pwr.o
#        H:\cp_data\STM32\develop_stm32f405\project\Debug\Obj\stm32f4xx_rcc.o
#        H:\cp_data\STM32\develop_stm32f405\project\Debug\Obj\stm32f4xx_rng.o
#        H:\cp_data\STM32\develop_stm32f405\project\Debug\Obj\stm32f4xx_rtc.o
#        H:\cp_data\STM32\develop_stm32f405\project\Debug\Obj\stm32f4xx_sai.o
#        H:\cp_data\STM32\develop_stm32f405\project\Debug\Obj\stm32f4xx_sdio.o
#        H:\cp_data\STM32\develop_stm32f405\project\Debug\Obj\stm32f4xx_spi.o
#        H:\cp_data\STM32\develop_stm32f405\project\Debug\Obj\stm32f4xx_syscfg.o
#        H:\cp_data\STM32\develop_stm32f405\project\Debug\Obj\stm32f4xx_tim.o
#        H:\cp_data\STM32\develop_stm32f405\project\Debug\Obj\stm32f4xx_usart.o
#        H:\cp_data\STM32\develop_stm32f405\project\Debug\Obj\stm32f4xx_wwdg.o
#        H:\cp_data\STM32\develop_stm32f405\project\Debug\Obj\sys.o
#        H:\cp_data\STM32\develop_stm32f405\project\Debug\Obj\system_stm32f4xx.o
#        H:\cp_data\STM32\develop_stm32f405\project\Debug\Obj\tasks.o
#        H:\cp_data\STM32\develop_stm32f405\project\Debug\Obj\timers.o
#        H:\cp_data\STM32\develop_stm32f405\project\Debug\Obj\usart.o -o
#        H:\cp_data\STM32\develop_stm32f405\project\Debug\Exe\stm32f4xx_405_demo.out
#        --map
#        H:\cp_data\STM32\develop_stm32f405\project\Debug\List\stm32f4xx_405_demo.map
#        --log call_graph --log_file
#        H:\cp_data\STM32\develop_stm32f405\project\Debug\List\stm32f4xx_405_demo.log
#        --config
#        H:\cp_data\STM32\develop_stm32f405\project\..\System\stm32f405xG.icf
#        --semihosting --entry __iar_program_start
#        E:\IAR_8_22\arm\CMSIS\Lib\IAR\iar_cortexM4lf_math.a --vfe
#        --enable_stack_usage --text_out locale)
#
###############################################################################

*******************************************************************************
*** MESSAGES
***

Warning[Ls014]: [stack usage analysis] at least one function does not have
          stack usage information. Example: "vPortStartFirstTask". A complete
          list of such functions is in the map file.
Warning[Ls016]: [stack usage analysis] the program contains at least one
          indirect call. Example: from "prvProcessExpiredTimer" in timers.o
          [1]. A complete list of such functions is in the map file.


*******************************************************************************
*** RUNTIME MODEL ATTRIBUTES
***

CppFlavor                     = *
__CPP_Exceptions              = Disabled
__CPP_Language                = C++14
__Heap_Handler                = DLMalloc
__SystemLibrary               = DLib
__dlib_dynamic_initialization = normal
__dlib_version                = 6


*******************************************************************************
*** HEAP SELECTION
***

The advanced heap was selected because the application calls memory
allocation functions outside of system library functions, and there
are calls to deallocation functions in the application.


*******************************************************************************
*** PLACEMENT SUMMARY
***

"A0":  place at 0x08020000 { ro section .intvec };
"P1":  place in [from 0x08020000 to 0x080fffff] { ro };
define block CSTACK with size = 28K, alignment = 8 { };
"P3":  place in [from 0x10000000 to 0x1000ffff] {
          block CSTACK, section .ccram };
define block HEAP with size = 20K, alignment = 8 { };
"P4":  place in [from 0x20000000 to 0x2001bfff] |
                [from 0x2001c000 to 0x2001ffff] { rw, block HEAP };
initialize by copy { rw };

No sections matched the following patterns:

  ro section application_specific_ro  in "P2"
  section .backup_sram                in "P5"
  section .ccram                      in "P3"


  Section                Kind        Address    Size  Object
  -------                ----        -------    ----  ------
"A0":                                          0x188
  .intvec                ro code  0x08020000   0x188  startup_stm32f40_41xxx.o [1]
                                - 0x08020188   0x188

"P1":                                         0x7a9c
  .text                  ro code  0x08020188  0x14d4  dlmalloc.o [3]
  .text                  ro code  0x0802165c     0x6  abort.o [3]
  .rodata                const    0x08021662     0x1  CUartProtocol.o [1]
  .rodata                const    0x08021663     0x1  CUartProtocol.o [1]
  .text                  ro code  0x08021664    0x2c  xgetmemchunk.o [3]
  .text                  ro code  0x08021690    0x14  exit.o [7]
  .text                  ro code  0x080216a4   0xe22  xprintffull_nomb.o [3]
  .rodata                const    0x080224c6     0x1  usart.o [1]
  .rodata                const    0x080224c7     0x1  unwind_debug.o [7]
  .text                  ro code  0x080224c8    0x16  strchr.o [6]
  .text                  ro code  0x080224e0    0x40  xfail_s.o [3]
  .text                  ro code  0x08022520    0x36  strlen.o [6]
  .text                  ro code  0x08022558    0x58  memchr.o [6]
  .text                  ro code  0x080225b0   0x22e  I64DivMod.o [6]
  .text                  ro code  0x080227e0   0x1a2  DblMul.o [5]
  .text                  ro code  0x08022984    0xa6  ABImemcpy.o [6]
  .text                  ro code  0x08022a2c    0x70  frexp.o [5]
  .text                  ro code  0x08022a9c    0x2e  DblCmpLe.o [5]
  .text                  ro code  0x08022acc    0x2e  DblCmpGe.o [5]
  .text                  ro code  0x08022afc   0x13a  ldexp.o [5]
  .text                  ro code  0x08022c38    0x3a  DblToS32.o [5]
  .text                  ro code  0x08022c74    0x22  S32ToDbl.o [5]
  .text                  ro code  0x08022c98    0xe2  DblSub.o [5]
  .text                  ro code  0x08022d7c   0x246  DblDiv.o [5]
  .text                  ro code  0x08022fc4    0x28  DblToU32.o [5]
  .text                  ro code  0x08022fec    0x1a  U32ToDbl.o [5]
  .text                  ro code  0x08023008     0x8  xlocale_c.o [3]
  .text                  ro code  0x08023010     0x2  I64DivZer.o [6]
  .text                  ro code  0x08023014   0x168  DblAdd.o [5]
  .text                  ro code  0x0802317c   0xab0  tasks.o [1]
  .text                  ro code  0x08023c2c   0x218  heap_4.o [1]
  .text                  ro code  0x08023e44    0x66  ABImemset.o [6]
  .text                  ro code  0x08023eaa    0x9a  list.o [1]
  .text                  ro code  0x08023f44   0x1a8  port.o [1]
  .text                  ro code  0x080240ec   0x3c8  timers.o [1]
  CODE                   ro code  0x080244b4    0xa8  portasm.o [1]
  .text                  ro code  0x0802455c   0x738  queue.o [1]
  .text                  ro code  0x08024c94   0x3bc  stm32f4xx_rcc.o [1]
  .text                  ro code  0x08025050   0x348  IUarts.o [1]
  .text                  ro code  0x08025398     0xc  IUarts.o [1]
  .text                  ro code  0x080253a4   0x2f2  stm32f4xx_usart.o [1]
  .text                  ro code  0x08025698   0x10e  stm32f4xx_gpio.o [1]
  .text                  ro code  0x080257a8    0xac  misc.o [1]
  .text                  ro code  0x08025854   0x1dc  usart.o [1]
  .text                  ro code  0x08025a30     0x2  IUarts.o [1]
  .text                  ro code  0x08025a34    0x20  vprintf.o [3]
  .text                  ro code  0x08025a54   0x2c2  CUartProtocol.o [1]
  .text                  ro code  0x08025d16     0xe  CUartProtocol.o [1]
  .text                  ro code  0x08025d24     0xe  CUartProtocol.o [1]
  .text                  ro code  0x08025d32     0x2  CUartProtocol.o [1]
  .text                  ro code  0x08025d34     0xc  CUartProtocol.o [1]
  .text                  ro code  0x08025d40   0x2b4  CUartProtocol.o [1]
  .text                  ro code  0x08025ff4    0x20  CUartProtocol.o [1]
  .text                  ro code  0x08026014    0x12  CUartProtocol.o [1]
  .text                  ro code  0x08026026     0x4  CUartProtocol.o [1]
  .text                  ro code  0x0802602a    0x16  CUartProtocol.o [1]
  .text                  ro code  0x08026040     0xe  CUartProtocol.o [1]
  .text                  ro code  0x0802604e     0xc  CUartProtocol.o [1]
  .text                  ro code  0x0802605a    0x12  CUdpProtocol.o [1]
  .text                  ro code  0x0802606c    0x20  CUartProtocol.o [1]
  .text                  ro code  0x0802608c    0x12  CUartProtocol.o [1]
  .text                  ro code  0x0802609e     0xe  CUartProtocol.o [1]
  .text                  ro code  0x080260ac     0xc  CUartProtocol.o [1]
  .text                  ro code  0x080260b8     0xc  CUartProtocol.o [1]
  .text                  ro code  0x080260c4     0xe  CUartProtocol.o [1]
  .text                  ro code  0x080260d2   0x1a6  CUartProtocol.o [1]
  .text                  ro code  0x08026278     0xc  CUartProtocol.o [1]
  .text                  ro code  0x08026284     0xe  CUartProtocol.o [1]
  .text                  ro code  0x08026292    0x10  CUartProtocol.o [1]
  .text                  ro code  0x080262a2     0xe  CUartProtocol.o [1]
  .text                  ro code  0x080262b0    0x12  CUartProtocol.o [1]
  .text                  ro code  0x080262c2    0x2e  CUartProtocol.o [1]
  .text                  ro code  0x080262f0     0x6  CUartProtocol.o [1]
  .text                  ro code  0x080262f6    0x12  CUartProtocol.o [1]
  .text                  ro code  0x08026308    0x12  CUartProtocol.o [1]
  .text                  ro code  0x0802631a     0xc  CUartProtocol.o [1]
  .text                  ro code  0x08026326     0xc  CUartProtocol.o [1]
  .text                  ro code  0x08026332     0xc  CUartProtocol.o [1]
  .text                  ro code  0x0802633e    0xaa  CUartProtocol.o [1]
  .text                  ro code  0x080263e8    0xaa  CUartProtocol.o [1]
  .text                  ro code  0x08026492    0x16  CUartProtocol.o [1]
  .text                  ro code  0x080264a8     0xc  CUartProtocol.o [1]
  .text                  ro code  0x080264b4     0x2  CUartProtocol.o [1]
  .text                  ro code  0x080264b6     0x2  CUartProtocol.o [1]
  .text                  ro code  0x080264b8     0xc  CUartProtocol.o [1]
  .text                  ro code  0x080264c4    0x78  CUartProtocol.o [1]
  .text                  ro code  0x0802653c     0x4  CUartProtocol.o [1]
  .text                  ro code  0x08026540     0x4  CUartProtocol.o [1]
  .text                  ro code  0x08026544    0x60  CUartProtocol.o [1]
  .text                  ro code  0x080265a4    0x20  CUartProtocol.o [1]
  .text                  ro code  0x080265c4     0xe  CUartProtocol.o [1]
  .text                  ro code  0x080265d2    0x20  CUartProtocol.o [1]
  .text                  ro code  0x080265f2     0x6  CUartProtocol.o [1]
  .text                  ro code  0x080265f8    0x10  CUartProtocol.o [1]
  .text                  ro code  0x08026608     0x2  CUartProtocol.o [1]
  .text                  ro code  0x0802660a     0x2  CUartProtocol.o [1]
  .text                  ro code  0x0802660c    0x10  CUartProtocol.o [1]
  .text                  ro code  0x0802661c     0xc  CUartProtocol.o [1]
  .text                  ro code  0x08026628     0xc  CUartProtocol.o [1]
  .text                  ro code  0x08026634    0x10  CUartProtocol.o [1]
  .text                  ro code  0x08026644    0x10  CUartProtocol.o [1]
  .text                  ro code  0x08026654    0x14  CUartProtocol.o [1]
  .text                  ro code  0x08026668     0x2  CUartProtocol.o [1]
  .text                  ro code  0x0802666a     0x4  CUartProtocol.o [1]
  .text                  ro code  0x0802666e     0x4  CUartProtocol.o [1]
  .text                  ro code  0x08026672     0xc  CUartProtocol.o [1]
  .text                  ro code  0x0802667e     0x4  CUartProtocol.o [1]
  .text                  ro code  0x08026682    0x26  CUartProtocol.o [1]
  .text                  ro code  0x080266a8    0x26  CUartProtocol.o [1]
  .text                  ro code  0x080266ce     0x2  CUartProtocol.o [1]
  .text                  ro code  0x080266d0     0x2  CUdpProtocol.o [1]
  .text                  ro code  0x080266d2     0x2  CUartProtocol.o [1]
  .text                  ro code  0x080266d4     0x2  CUartProtocol.o [1]
  .text                  ro code  0x080266d6     0x2  CUartProtocol.o [1]
  .text                  ro code  0x080266d8     0x2  CUartProtocol.o [1]
  .text                  ro code  0x080266da     0xc  CUartProtocol.o [1]
  .text                  ro code  0x080266e6     0x2  CUartProtocol.o [1]
  .text                  ro code  0x080266e8     0x2  CUartProtocol.o [1]
  .text                  ro code  0x080266ea    0x10  CUartProtocol.o [1]
  .text                  ro code  0x080266fa    0x12  CUartProtocol.o [1]
  .text                  ro code  0x0802670c    0x16  CUartProtocol.o [1]
  .text                  ro code  0x08026724     0xc  CUartProtocol.o [1]
  .text                  ro code  0x08026730     0x2  CUartProtocol.o [1]
  .text                  ro code  0x08026732     0xe  CUartProtocol.o [1]
  .text                  ro code  0x08026740     0xc  CUartProtocol.o [1]
  .text                  ro code  0x0802674c     0xa  delop_0.o [4]
  .text                  ro code  0x08026756    0x16  CUartProtocol.o [1]
  .text                  ro code  0x0802676c     0x4  heaptramp0.o [3]
  .text                  ro code  0x08026770     0x2  CUdpProtocol.o [1]
  .text                  ro code  0x08026774   0x1e0  main.o [1]
  .text                  ro code  0x08026954    0xac  sys.o [1]
  .text                  ro code  0x08026a00    0x5c  delay.o [1]
  .text                  ro code  0x08026a5c    0x3c  led.o [1]
  .text                  ro code  0x08026a98    0x24  newop_0.o [4]
  .text                  ro code  0x08026abc   0x134  CUartProtocol.o [1]
  .text                  ro code  0x08026bf0    0xae  CNetManagement.o [1]
  .text                  ro code  0x08026c9e     0x4  nomemory.o [4]
  .text                  ro code  0x08026ca2    0x14  CUartProtocol.o [1]
  .text                  ro code  0x08026cb6     0xc  CUdpProtocol.o [1]
  .text                  ro code  0x08026cc4    0x8c  CUartProtocol.o [1]
  .text                  ro code  0x08026d50     0xc  CUartProtocol.o [1]
  .text                  ro code  0x08026d5c     0x2  CUdpProtocol.o [1]
  .text                  ro code  0x08026d5e    0x24  CUartProtocol.o [1]
  .text                  ro code  0x08026d82    0x16  CUdpProtocol.o [1]
  .text                  ro code  0x08026d98    0x4a  CUartProtocol.o [1]
  .text                  ro code  0x08026de2    0x10  CUartProtocol.o [1]
  .text                  ro code  0x08026df2    0x16  CUartProtocol.o [1]
  .text                  ro code  0x08026e08    0x56  CUartProtocol.o [1]
  .text                  ro code  0x08026e5e     0x2  CUdpProtocol.o [1]
  .text                  ro code  0x08026e60    0x12  CUdpProtocol.o [1]
  .text                  ro code  0x08026e72     0x2  CUdpProtocol.o [1]
  .text                  ro code  0x08026e74     0x2  CUdpProtocol.o [1]
  .text                  ro code  0x08026e76     0x2  CUdpProtocol.o [1]
  .text                  ro code  0x08026e78    0x66  CUartProtocol.o [1]
  .text                  ro code  0x08026ede     0xc  CUartProtocol.o [1]
  .text                  ro code  0x08026eea     0xc  CUartProtocol.o [1]
  .text                  ro code  0x08026ef6     0xc  CUartProtocol.o [1]
  .text                  ro code  0x08026f02    0x18  CUartProtocol.o [1]
  .text                  ro code  0x08026f1a    0x12  CUdpProtocol.o [1]
  .text                  ro code  0x08026f2c    0x88  CUartProtocol.o [1]
  .text                  ro code  0x08026fb4    0x3a  CUartProtocol.o [1]
  .text                  ro code  0x08026fee     0xc  CUartProtocol.o [1]
  .text                  ro code  0x08026ffa    0x20  CUartProtocol.o [1]
  .text                  ro code  0x0802701a     0xc  CUartProtocol.o [1]
  .text                  ro code  0x08027026    0x10  CUartProtocol.o [1]
  .text                  ro code  0x08027036     0xc  CUartProtocol.o [1]
  .text                  ro code  0x08027042     0x4  CUdpProtocol.o [1]
  .text                  ro code  0x08027046    0x3a  CUartProtocol.o [1]
  .text                  ro code  0x08027080    0x30  CUartProtocol.o [1]
  .text                  ro code  0x080270b0    0x16  CUartProtocol.o [1]
  .text                  ro code  0x080270c6     0x2  CUartProtocol.o [1]
  .text                  ro code  0x080270c8    0x12  CUartProtocol.o [1]
  .text                  ro code  0x080270da     0x2  CUartProtocol.o [1]
  .text                  ro code  0x080270dc    0x58  CUartProtocol.o [1]
  .text                  ro code  0x08027134     0x2  CUdpProtocol.o [1]
  .text                  ro code  0x08027136     0x2  CUartProtocol.o [1]
  .text                  ro code  0x08027138     0x2  CUdpProtocol.o [1]
  .text                  ro code  0x0802713a    0x1e  CUartProtocol.o [1]
  .text                  ro code  0x08027158    0x7e  CUartProtocol.o [1]
  .text                  ro code  0x080271d8    0x2c  CUartProtocol.o [1]
  .text                  ro code  0x08027204     0x2  CUdpProtocol.o [1]
  .text                  ro code  0x08027206     0x6  CUdpProtocol.o [1]
  .text                  ro code  0x0802720c    0x20  CUartProtocol.o [1]
  .text                  ro code  0x0802722c     0xc  CUartProtocol.o [1]
  .text                  ro code  0x08027238     0xa  CUartProtocol.o [1]
  .text                  ro code  0x08027242    0x1e  CUartProtocol.o [1]
  .text                  ro code  0x08027260     0x2  CUartProtocol.o [1]
  .text                  ro code  0x08027262     0x2  CUdpProtocol.o [1]
  .text                  ro code  0x08027264     0xc  CUdpProtocol.o [1]
  .text                  ro code  0x08027270   0x154  system_stm32f4xx.o [1]
  .text                  ro code  0x080273c4    0x7e  CUdpProtocol.o [1]
  .text                  ro code  0x08027442    0x10  CUdpProtocol.o [1]
  .text                  ro code  0x08027452    0x10  CUdpProtocol.o [1]
  .text                  ro code  0x08027462     0xc  CUdpProtocol.o [1]
  .text                  ro code  0x0802746e     0xc  CUdpProtocol.o [1]
  .text                  ro code  0x0802747a     0xc  CUdpProtocol.o [1]
  .text                  ro code  0x08027486     0xc  CUdpProtocol.o [1]
  .text                  ro code  0x08027492     0xc  CUdpProtocol.o [1]
  .text                  ro code  0x0802749e     0xc  CUdpProtocol.o [1]
  .text                  ro code  0x080274aa     0x2  CUdpProtocol.o [1]
  .text                  ro code  0x080274ac     0x2  CUdpProtocol.o [1]
  .text                  ro code  0x080274ae    0x12  CUdpProtocol.o [1]
  .text                  ro code  0x080274c0     0x2  CUdpProtocol.o [1]
  .text                  ro code  0x080274c2     0x2  CUdpProtocol.o [1]
  .text                  ro code  0x080274c4     0x4  CUdpProtocol.o [1]
  .text                  ro code  0x080274c8     0x4  CUdpProtocol.o [1]
  .text                  ro code  0x080274cc     0x4  CUdpProtocol.o [1]
  .text                  ro code  0x080274d0     0x4  CUdpProtocol.o [1]
  .text                  ro code  0x080274d4    0x2c  CUdpProtocol.o [1]
  .text                  ro code  0x08027500    0x40  zero_init3.o [6]
  .text                  ro code  0x08027540    0x30  CUdpProtocol.o [1]
  .text                  ro code  0x08027570     0x2  CUdpProtocol.o [1]
  .text                  ro code  0x08027572    0x1e  CUdpProtocol.o [1]
  .text                  ro code  0x08027590     0xc  CUdpProtocol.o [1]
  .text                  ro code  0x0802759c     0xa  CUdpProtocol.o [1]
  .text                  ro code  0x080275a6     0x2  CUdpProtocol.o [1]
  .text                  ro code  0x080275a8    0x2c  copy_init3.o [6]
  .text                  ro code  0x080275d4    0x28  data_init.o [6]
  .text                  ro code  0x080275fc    0x22  fpinit_M.o [5]
  .iar.init_table        const    0x08027620    0x28  - Linker created -
  .rodata                const    0x08027648    0x20  CUartProtocol.o [1]
  .rodata                const    0x08027668    0x20  IUarts.o [1]
  .text                  ro code  0x08027688    0x20  CUdpProtocol.o [1]
  .text                  ro code  0x080276a8    0x16  CUdpProtocol.o [1]
  .text                  ro code  0x080276be     0xc  CUdpProtocol.o [1]
  .text                  ro code  0x080276ca    0x10  CUdpProtocol.o [1]
  .text                  ro code  0x080276da     0x2  CUdpProtocol.o [1]
  .text                  ro code  0x080276dc    0x20  cmain_call_ctors.o [6]
  .text                  ro code  0x080276fc    0x18  cppinit.o [3]
  .text                  ro code  0x08027714    0x1e  cmain.o [6]
  .text                  ro code  0x08027732     0x4  low_level_init.o [3]
  .text                  ro code  0x08027736     0x4  exit.o [3]
  .text                  ro code  0x0802773c     0xa  cexit.o [6]
  .rodata                const    0x08027748    0x1c  CUartProtocol.o [1]
  .rodata                const    0x08027764    0x1c  IUarts.o [1]
  .rodata                const    0x08027780    0x1c  IUarts.o [1]
  .rodata                const    0x0802779c    0x1c  IUarts.o [1]
  .rodata                const    0x080277b8    0x18  CNetManagement.o [1]
  .rodata                const    0x080277d0    0x18  CNetManagement.o [1]
  .rodata                const    0x080277e8    0x18  CUartProtocol.o [1]
  .rodata                const    0x08027800    0x18  main.o [1]
  .rodata                const    0x08027818    0x18  main.o [1]
  .text                  ro code  0x08027830    0x16  CUdpProtocol.o [1]
  .text                  ro code  0x08027846     0xc  CUdpProtocol.o [1]
  .text                  ro code  0x08027852    0x16  xprout.o [3]
  .text                  ro code  0x08027868     0xc  putchar.o [3]
  .rodata                const    0x08027874    0x14  IUarts.o [1]
  .rodata                const    0x08027888    0x14  main.o [1]
  .rodata                const    0x0802789c    0x14  main.o [1]
  .text                  ro code  0x080278b0    0x14  CUdpProtocol.o [1]
  .text                  ro code  0x080278c4     0xc  CUdpProtocol.o [1]
  .rodata                const    0x080278d0    0x10  main.o [1]
  .rodata                const    0x080278e0    0x10  main.o [1]
  .rodata                const    0x080278f0    0x10  usart.o [1]
  .rodata                const    0x08027900    0x10  usart.o [1]
  .text                  ro code  0x08027910    0x10  CUdpProtocol.o [1]
  .text                  ro code  0x08027920    0x10  startup_stm32f40_41xxx.o [1]
  .rodata                const    0x08027930     0xc  CUartProtocol.o [1]
  .rodata                const    0x0802793c     0xc  IUarts.o [1]
  .rodata                const    0x08027948     0xc  main.o [1]
  .rodata                const    0x08027954     0xc  main.o [1]
  .rodata                const    0x08027960     0xc  main.o [1]
  .rodata                const    0x0802796c     0xc  main.o [1]
  .rodata                const    0x08027978     0xc  main.o [1]
  .text                  ro code  0x08027984     0xc  stm32f4xx_it.o [1]
  .text                  ro code  0x08027990     0xc  cstartup_M.o [6]
  .rodata                const    0x0802799c     0x8  CNetManagement.o [1]
  .rodata                const    0x080279a4     0x8  IUarts.o [1]
  .rodata                const    0x080279ac     0x8  tasks.o [1]
  .rodata                const    0x080279b4     0x8  timers.o [1]
  .rodata                const    0x080279bc     0x8  timers.o [1]
  .rodata                const    0x080279c4     0x8  usart.o [1]
  .rodata                const    0x080279cc     0x8  usart.o [1]
  .rodata                const    0x080279d4     0x8  usart.o [1]
  .rodata                const    0x080279dc     0x8  usart.o [1]
  .rodata                const    0x080279e4     0x8  usart.o [1]
  .rodata                const    0x080279ec     0x8  usart.o [1]
  .rodata                const    0x080279f4     0x8  usart.o [1]
  .rodata                const    0x080279fc     0x8  usart.o [1]
  .rodata                const    0x08027a04     0x8  usart.o [1]
  SHT$$PREINIT_ARRAY              0x08027a0c     0x0  <Block>
  SHT$$INIT_ARRAY                 0x08027a0c     0x8  <Block>
    .init_array          const    0x08027a0c     0x4  CUartProtocol.o [1]
    .init_array          const    0x08027a10     0x4  CUdpProtocol.o [1]
  __iar_tls$$INIT_ARRAY           0x08027a14     0x0  <Block>
  .rodata                const    0x08027a14     0x4  heap_4.o [1]
  .rodata                const    0x08027a18     0x4  port.o [1]
  .rodata                const    0x08027a1c     0x4  xlocale_c.o [3]
  .text                  ro code  0x08027a20     0x4  startup_stm32f40_41xxx.o [1]
  .text                  ro code  0x08027a24     0x4  startup_stm32f40_41xxx.o [1]
  .text                  ro code  0x08027a28     0x4  startup_stm32f40_41xxx.o [1]
  .text                  ro code  0x08027a2c     0x4  startup_stm32f40_41xxx.o [1]
  .text                  ro code  0x08027a30     0x4  startup_stm32f40_41xxx.o [1]
  .text                  ro code  0x08027a34     0x4  startup_stm32f40_41xxx.o [1]
  .text                  ro code  0x08027a38     0x4  startup_stm32f40_41xxx.o [1]
  .text                  ro code  0x08027a3c     0x4  startup_stm32f40_41xxx.o [1]
  .text                  ro code  0x08027a40     0x4  startup_stm32f40_41xxx.o [1]
  .text                  ro code  0x08027a44     0x4  startup_stm32f40_41xxx.o [1]
  .text                  ro code  0x08027a48     0x4  startup_stm32f40_41xxx.o [1]
  .text                  ro code  0x08027a4c     0x4  startup_stm32f40_41xxx.o [1]
  .text                  ro code  0x08027a50     0x4  startup_stm32f40_41xxx.o [1]
  .text                  ro code  0x08027a54     0x4  startup_stm32f40_41xxx.o [1]
  .text                  ro code  0x08027a58     0x4  startup_stm32f40_41xxx.o [1]
  .text                  ro code  0x08027a5c     0x4  startup_stm32f40_41xxx.o [1]
  .text                  ro code  0x08027a60     0x4  startup_stm32f40_41xxx.o [1]
  .text                  ro code  0x08027a64     0x4  startup_stm32f40_41xxx.o [1]
  .text                  ro code  0x08027a68     0x4  startup_stm32f40_41xxx.o [1]
  .text                  ro code  0x08027a6c     0x4  startup_stm32f40_41xxx.o [1]
  .text                  ro code  0x08027a70     0x4  startup_stm32f40_41xxx.o [1]
  .text                  ro code  0x08027a74     0x4  startup_stm32f40_41xxx.o [1]
  .text                  ro code  0x08027a78     0x4  startup_stm32f40_41xxx.o [1]
  .text                  ro code  0x08027a7c     0x4  startup_stm32f40_41xxx.o [1]
  .text                  ro code  0x08027a80     0x4  startup_stm32f40_41xxx.o [1]
  .text                  ro code  0x08027a84     0x4  startup_stm32f40_41xxx.o [1]
  .text                  ro code  0x08027a88     0x4  startup_stm32f40_41xxx.o [1]
  .text                  ro code  0x08027a8c     0x4  startup_stm32f40_41xxx.o [1]
  .text                  ro code  0x08027a90     0x4  startup_stm32f40_41xxx.o [1]
  .text                  ro code  0x08027a94     0x4  startup_stm32f40_41xxx.o [1]
  .text                  ro code  0x08027a98     0x4  startup_stm32f40_41xxx.o [1]
  .text                  ro code  0x08027a9c     0x4  startup_stm32f40_41xxx.o [1]
  .text                  ro code  0x08027aa0     0x4  startup_stm32f40_41xxx.o [1]
  .text                  ro code  0x08027aa4     0x4  startup_stm32f40_41xxx.o [1]
  .text                  ro code  0x08027aa8     0x4  startup_stm32f40_41xxx.o [1]
  .text                  ro code  0x08027aac     0x4  startup_stm32f40_41xxx.o [1]
  .text                  ro code  0x08027ab0     0x4  startup_stm32f40_41xxx.o [1]
  .text                  ro code  0x08027ab4     0x4  startup_stm32f40_41xxx.o [1]
  .text                  ro code  0x08027ab8     0x4  startup_stm32f40_41xxx.o [1]
  .text                  ro code  0x08027abc     0x4  startup_stm32f40_41xxx.o [1]
  .text                  ro code  0x08027ac0     0x4  startup_stm32f40_41xxx.o [1]
  .text                  ro code  0x08027ac4     0x4  startup_stm32f40_41xxx.o [1]
  .text                  ro code  0x08027ac8     0x4  startup_stm32f40_41xxx.o [1]
  .text                  ro code  0x08027acc     0x4  startup_stm32f40_41xxx.o [1]
  .text                  ro code  0x08027ad0     0x4  startup_stm32f40_41xxx.o [1]
  .text                  ro code  0x08027ad4     0x4  startup_stm32f40_41xxx.o [1]
  .text                  ro code  0x08027ad8     0x4  startup_stm32f40_41xxx.o [1]
  .text                  ro code  0x08027adc     0x4  startup_stm32f40_41xxx.o [1]
  .text                  ro code  0x08027ae0     0x4  startup_stm32f40_41xxx.o [1]
  .text                  ro code  0x08027ae4     0x4  startup_stm32f40_41xxx.o [1]
  .text                  ro code  0x08027ae8     0x4  startup_stm32f40_41xxx.o [1]
  .text                  ro code  0x08027aec     0x4  startup_stm32f40_41xxx.o [1]
  .text                  ro code  0x08027af0     0x4  startup_stm32f40_41xxx.o [1]
  .text                  ro code  0x08027af4     0x4  startup_stm32f40_41xxx.o [1]
  .text                  ro code  0x08027af8     0x4  startup_stm32f40_41xxx.o [1]
  .text                  ro code  0x08027afc     0x4  startup_stm32f40_41xxx.o [1]
  .text                  ro code  0x08027b00     0x4  startup_stm32f40_41xxx.o [1]
  .text                  ro code  0x08027b04     0x4  startup_stm32f40_41xxx.o [1]
  .text                  ro code  0x08027b08     0x4  startup_stm32f40_41xxx.o [1]
  .text                  ro code  0x08027b0c     0x4  startup_stm32f40_41xxx.o [1]
  .text                  ro code  0x08027b10     0x4  startup_stm32f40_41xxx.o [1]
  .text                  ro code  0x08027b14     0x4  startup_stm32f40_41xxx.o [1]
  .text                  ro code  0x08027b18     0x4  startup_stm32f40_41xxx.o [1]
  .text                  ro code  0x08027b1c     0x4  startup_stm32f40_41xxx.o [1]
  .text                  ro code  0x08027b20     0x4  startup_stm32f40_41xxx.o [1]
  .text                  ro code  0x08027b24     0x4  startup_stm32f40_41xxx.o [1]
  .text                  ro code  0x08027b28     0x4  startup_stm32f40_41xxx.o [1]
  .text                  ro code  0x08027b2c     0x4  startup_stm32f40_41xxx.o [1]
  .text                  ro code  0x08027b30     0x4  startup_stm32f40_41xxx.o [1]
  .text                  ro code  0x08027b34     0x4  startup_stm32f40_41xxx.o [1]
  .text                  ro code  0x08027b38     0x4  startup_stm32f40_41xxx.o [1]
  .text                  ro code  0x08027b3c     0x4  startup_stm32f40_41xxx.o [1]
  .text                  ro code  0x08027b40     0x4  startup_stm32f40_41xxx.o [1]
  .text                  ro code  0x08027b44     0x4  startup_stm32f40_41xxx.o [1]
  .text                  ro code  0x08027b48     0x4  startup_stm32f40_41xxx.o [1]
  .text                  ro code  0x08027b4c     0x4  startup_stm32f40_41xxx.o [1]
  .text                  ro code  0x08027b50     0x4  startup_stm32f40_41xxx.o [1]
  .text                  ro code  0x08027b54     0x4  startup_stm32f40_41xxx.o [1]
  .text                  ro code  0x08027b58     0x4  startup_stm32f40_41xxx.o [1]
  .text                  ro code  0x08027b5c     0x4  startup_stm32f40_41xxx.o [1]
  .rodata                const    0x08027b60     0x0  zero_init3.o [6]
  .rodata                const    0x08027b60     0x0  copy_init3.o [6]
  Initializer bytes      const    0x08027b60    0xc4  <for P4 s0>
                                - 0x08027c24  0x7a9c

"P3":                                         0x7000
  CSTACK                          0x10000000  0x7000  <Block>
    CSTACK               uninit   0x10000000  0x7000  <Block tail>
                                - 0x10007000  0x7000

"P4", part 1 of 3:                              0xc4
  P4 s0                           0x20000000    0xc4  <Init block>
    .data                inited   0x20000000    0x48  xfiles.o [3]
    .data                inited   0x20000048    0x38  xlocale_c.o [3]
    .data                inited   0x20000080    0x14  main.o [1]
    .data                inited   0x20000094    0x14  main.o [1]
    .data                inited   0x200000a8    0x10  stm32f4xx_rcc.o [1]
    .data                inited   0x200000b8     0x4  port.o [1]
    .data                inited   0x200000bc     0x4  system_stm32f4xx.o [1]
    .data                inited   0x200000c0     0x2  IUarts.o [1]
                                - 0x200000c4    0xc4

"P4", part 2 of 3:                            0x5e48
  .bss                   zero     0x200000c4  0x5000  heap_4.o [1]
  .bss                   zero     0x200050c4   0x280  tasks.o [1]
  .bss                   zero     0x20005344   0x200  main.o [1]
  .bss                   zero     0x20005544   0x200  main.o [1]
  .bss                   zero     0x20005744   0x200  main.o [1]
  .bss                   zero     0x20005944   0x200  main.o [1]
  .bss                   zero     0x20005b44   0x1d8  dlmalloc.o [3]
  .bss                   zero     0x20005d1c    0x50  xfiles.o [3]
  .bss                   zero     0x20005d6c    0x40  queue.o [1]
  .bss                   zero     0x20005dac    0x18  dlmalloc.o [3]
  .bss                   zero     0x20005dc4    0x14  tasks.o [1]
  .bss                   zero     0x20005dd8    0x14  tasks.o [1]
  .bss                   zero     0x20005dec    0x14  tasks.o [1]
  .bss                   zero     0x20005e00    0x14  tasks.o [1]
  .bss                   zero     0x20005e14    0x14  tasks.o [1]
  .bss                   zero     0x20005e28    0x14  timers.o [1]
  .bss                   zero     0x20005e3c    0x14  timers.o [1]
  .bss                   zero     0x20005e50     0x8  CUartProtocol.o [1]
  .bss                   zero     0x20005e58     0x8  CUdpProtocol.o [1]
  .bss                   zero     0x20005e60     0x8  heap_4.o [1]
  .bss                   zero     0x20005e68     0x8  IUarts.o [1]
  .bss                   zero     0x20005e70     0x8  IUarts.o [1]
  .bss                   zero     0x20005e78     0x4  heap_4.o [1]
  .bss                   zero     0x20005e7c     0x4  heap_4.o [1]
  .bss                   zero     0x20005e80     0x4  heap_4.o [1]
  .bss                   zero     0x20005e84     0x4  heap_4.o [1]
  .bss                   zero     0x20005e88     0x4  main.o [1]
  .bss                   zero     0x20005e8c     0x4  main.o [1]
  .bss                   zero     0x20005e90     0x4  main.o [1]
  .bss                   zero     0x20005e94     0x4  main.o [1]
  .bss                   zero     0x20005e98     0x4  main.o [1]
  .bss                   zero     0x20005e9c     0x4  main.o [1]
  .bss                   zero     0x20005ea0     0x4  port.o [1]
  .bss                   zero     0x20005ea4     0x4  tasks.o [1]
  .bss                   zero     0x20005ea8     0x4  tasks.o [1]
  .bss                   zero     0x20005eac     0x4  tasks.o [1]
  .bss                   zero     0x20005eb0     0x4  tasks.o [1]
  .bss                   zero     0x20005eb4     0x4  tasks.o [1]
  .bss                   zero     0x20005eb8     0x4  tasks.o [1]
  .bss                   zero     0x20005ebc     0x4  tasks.o [1]
  .bss                   zero     0x20005ec0     0x4  tasks.o [1]
  .bss                   zero     0x20005ec4     0x4  tasks.o [1]
  .bss                   zero     0x20005ec8     0x4  tasks.o [1]
  .bss                   zero     0x20005ecc     0x4  tasks.o [1]
  .bss                   zero     0x20005ed0     0x4  tasks.o [1]
  .bss                   zero     0x20005ed4     0x4  tasks.o [1]
  .bss                   zero     0x20005ed8     0x4  tasks.o [1]
  .bss                   zero     0x20005edc     0x4  tasks.o [1]
  .bss                   zero     0x20005ee0     0x4  timers.o [1]
  .bss                   zero     0x20005ee4     0x4  timers.o [1]
  .bss                   zero     0x20005ee8     0x4  timers.o [1]
  .bss                   zero     0x20005eec     0x4  timers.o [1]
  .bss                   zero     0x20005ef0     0x4  timers.o [1]
  .bss                   zero     0x20005ef4     0x4  new.o [4]
  .bss                   zero     0x20005ef8     0x4  xgetmemchunk.o [3]
  .bss                   zero     0x20005efc     0x4  xfail_s.o [3]
  .bss                   zero     0x20005f00     0x2  delay.o [1]
  .bss                   zero     0x20005f02     0x2  IUarts.o [1]
  .bss                   zero     0x20005f04     0x2  IUarts.o [1]
  .bss                   zero     0x20005f06     0x2  IUarts.o [1]
  .bss                   zero     0x20005f08     0x1  delay.o [1]
  .bss                   zero     0x20005f09     0x1  IUarts.o [1]
  .bss                   zero     0x20005f0a     0x1  IUarts.o [1]
  .bss                   zero     0x20005f0b     0x1  port.o [1]
                                - 0x20005f0c  0x5e48

"P4", part 3 of 3:                            0x5000
  HEAP                            0x20005f10  0x5000  <Block>
    HEAP                 uninit   0x20005f10  0x5000  <Block tail>
                                - 0x2000af10  0x5000


*******************************************************************************
*** INIT TABLE
***

          Address     Size
          -------     ----
Zero (__iar_zero_init3)
    1 destination range, total size 0x5e48:
          0x200000c4  0x5e48

Copy (__iar_copy_init3)
    1 source range, total size 0xc4 (101% of destination):
          0x08027b60    0xc4
    1 destination range, total size 0xc2:
          0x20000000    0xc2

Extra (__iar_cstart_call_ctors)


*******************************************************************************
*** STACK USAGE
***

  Call Graph Root Category  Max Use  Total Use
  ------------------------  -------  ---------
  Program entry                416        416
  Uncalled function            512      2 224


Program entry
  "__iar_program_start": 0x08027991

  Maximum call chain                            *?* 416  bytes
    (** call graph contains functions with no stack usage info (example: "vPortEnableVFP") **)

    "__iar_program_start"                             0
    "__cmain"                                         0
    "main"                                           16
    "uart_init"                                      40
    "Dprintf"                                        24
    "vprintf"                                        16
    "_PrintfFullNoMb"                               152
    "_PutfldFullNoMb" in xprintffull_nomb.o [3]      16
    "_LdtobFullNoMb" in xprintffull_nomb.o [3]       96
    "_GenldFullNoMb" in xprintffull_nomb.o [3]       48
    "__aeabi_memcpy"                                  0
    "__aeabi_memcpy4"                                 8

Uncalled function
  "SysTick_Handler": 0x08026a01

  Maximum call chain                               40  bytes

    "SysTick_Handler"                               8
    "xPortSysTickHandler"                           8
    "xTaskIncrementTick"                           24
    "prvResetNextTaskUnblockTime" in tasks.o [1]
                                                    0

Uncalled function
  "USART2_IRQHandler": 0x08025293

  Maximum call chain                               24  bytes

    "USART2_IRQHandler"                             8
    "USART_GetITStatus"                            16

Uncalled function
  "float_task(void *)": 0x08026875

  Maximum call chain                              368  bytes

    "float_task(void *)"                            8
    "Dprintf"                                      24
    "vprintf"                                      16
    "_PrintfFullNoMb"                             152
    "_PutfldFullNoMb" in xprintffull_nomb.o [3]    16
    "_LdtobFullNoMb" in xprintffull_nomb.o [3]     96
    "_GenldFullNoMb" in xprintffull_nomb.o [3]     48
    "__aeabi_memcpy"                                0
    "__aeabi_memcpy4"                               8

Uncalled function
  "start_task(void *)": 0x080267bd

  Maximum call chain                              136  bytes

    "start_task(void *)"                           16
    "xTaskCreate"                                  56
    "pvPortMalloc"                                 24
    "xTaskResumeAll"                               16
    "xTaskIncrementTick"                           24
    "prvResetNextTaskUnblockTime" in tasks.o [1]
                                                    0

Uncalled function
  "connect_task(void *)": 0x080268a1

  Maximum call chain                              512  bytes

    "connect_task(void *)"                         24
    "CNetManagement::Agreement()"                  16
    "CUartProtocol::Agreement()"                    8
    "CUartProtocol::TestReturnInfo(RECEIVE_FRAME *)"
                                                   16
    "CUartProtocol::SendFrame(unsigned short, unsigned char *, unsigned char)"
                                                   32
    "CUartProtocol::ComSend()"                      8
    "CNetManagement::ComSend()"                    16
    "IUarts::SendData(NetPackageStruct_t *)"       32
    "Dprintf"                                      24
    "vprintf"                                      16
    "_PrintfFullNoMb"                             152
    "_PutfldFullNoMb" in xprintffull_nomb.o [3]    16
    "_LdtobFullNoMb" in xprintffull_nomb.o [3]     96
    "_GenldFullNoMb" in xprintffull_nomb.o [3]     48
    "__aeabi_memcpy"                                0
    "__aeabi_memcpy4"                               8

Uncalled function
  "led0_task(void *)": 0x08026831

  Maximum call chain                              368  bytes

    "led0_task(void *)"                             8
    "Dprintf"                                      24
    "vprintf"                                      16
    "_PrintfFullNoMb"                             152
    "_PutfldFullNoMb" in xprintffull_nomb.o [3]    16
    "_LdtobFullNoMb" in xprintffull_nomb.o [3]     96
    "_GenldFullNoMb" in xprintffull_nomb.o [3]     48
    "__aeabi_memcpy"                                0
    "__aeabi_memcpy4"                               8

Uncalled function
  "led1_task(void *)": 0x08026855

  Maximum call chain                              368  bytes

    "led1_task(void *)"                             8
    "Dprintf"                                      24
    "vprintf"                                      16
    "_PrintfFullNoMb"                             152
    "_PutfldFullNoMb" in xprintffull_nomb.o [3]    16
    "_LdtobFullNoMb" in xprintffull_nomb.o [3]     96
    "_GenldFullNoMb" in xprintffull_nomb.o [3]     48
    "__aeabi_memcpy"                                0
    "__aeabi_memcpy4"                               8

Uncalled function
  "prvTaskExitError" in port.o [1]: 0x08023f6d

  Maximum call chain                                0  bytes

    "prvTaskExitError" in port.o [1]                0

Uncalled function
  "BusFault_Handler": 0x0802798b

  Maximum call chain                                0  bytes

    "BusFault_Handler"                              0

Uncalled function
  "DebugMon_Handler": 0x0802798f

  Maximum call chain                                0  bytes

    "DebugMon_Handler"                              0

Uncalled function
  "HardFault_Handler": 0x08027987

  Maximum call chain                                0  bytes

    "HardFault_Handler"                             0

Uncalled function
  "MemManage_Handler": 0x08027989

  Maximum call chain                                0  bytes

    "MemManage_Handler"                             0

Uncalled function
  "NMI_Handler": 0x08027985

  Maximum call chain                                0  bytes

    "NMI_Handler"                                   0

Uncalled function
  "UsageFault_Handler": 0x0802798d

  Maximum call chain                                0  bytes

    "UsageFault_Handler"                            0

Uncalled function
  "SystemInit": 0x08027271

  Maximum call chain                               16  bytes

    "SystemInit"                                    8
    "SetSysClock" in system_stm32f4xx.o [1]         8

Uncalled function
  "prvIdleTask" in tasks.o [1]: 0x0802388d

  Maximum call chain                               88  bytes

    "prvIdleTask" in tasks.o [1]                    8
    "prvCheckTasksWaitingTermination" in tasks.o [1]
                                                   16
    "prvDeleteTCB" in tasks.o [1]                   8
    "vPortFree"                                    16
    "xTaskResumeAll"                               16
    "xTaskIncrementTick"                           24
    "prvResetNextTaskUnblockTime" in tasks.o [1]
                                                    0

Uncalled function
  "vTaskSwitchContext": 0x080236f5

  Maximum call chain                                0  bytes

    "vTaskSwitchContext"                            0

Uncalled function
  "prvTimerTask" in timers.o [1]: 0x080241dd

  Maximum call chain                            *?* 280  bytes
    (** call graph contains indirect calls (example: "prvProcessExpiredTimer" in timers.o [1]) **)

    "prvTimerTask" in timers.o [1]                   16
    "prvProcessReceivedCommands" in timers.o [1]
                                                     48
    "prvSampleTimeNow" in timers.o [1]               16
    "prvSwitchTimerLists" in timers.o [1]            24
    "xTimerGenericCommand"                           48
    "xQueueGenericSend"                              40
    "prvUnlockQueue" in queue.o [1]                  16
    "prvNotifyQueueSetContainer" in queue.o [1]      24
    "prvCopyDataToQueue" in queue.o [1]              32
    "xTaskPriorityDisinherit"                        16
    "uxListRemove"                                    0

Uncalled function
  "USART1_IRQHandler": 0x0802591d

  Maximum call chain                               24  bytes

    "USART1_IRQHandler"                             8
    "USART_GetITStatus"                            16

The following functions appear to be called, but have no stack
usage information:

  "vPortEnableVFP": 0x08024541
  "vPortStartFirstTask": 0x08024529

The following functions perform unknown indirect calls:

  "prvProcessExpiredTimer" in timers.o [1]: 0x08024195
  "prvProcessReceivedCommands" in timers.o [1]: 0x08024309
  "prvSwitchTimerLists" in timers.o [1]: 0x080243cd


*******************************************************************************
*** MODULE SUMMARY
***

    Module                    ro code  ro data  rw data
    ------                    -------  -------  -------
H:\cp_data\STM32\develop_stm32f405\project\Debug\Obj: [1]
    CNetManagement.o              174       56
    CUartProtocol.o             5 000      102        8
    CUdpProtocol.o                718        4        8
    IUarts.o                      854      158       26
    delay.o                        92                 3
    heap_4.o                      536        4   20 504
    led.o                          60
    list.o                        154
    main.o                        480      220    2 112
    misc.o                        172
    port.o                        424        8        9
    portasm.o                     168
    queue.o                     1 848                64
    startup_stm32f40_41xxx.o      728
    stm32f4xx_gpio.o              270
    stm32f4xx_it.o                 12
    stm32f4xx_rcc.o               956       16       16
    stm32f4xx_usart.o             754
    sys.o                         172
    system_stm32f4xx.o            340        4        4
    tasks.o                     2 736        8      800
    timers.o                      968       16       60
    usart.o                       476      105
    ---------------------------------------------------
    Total:                     18 092      701   23 614

command line: [2]
    ---------------------------------------------------
    Total:

dl7M_tlf.a: [3]
    abort.o                         6
    cppinit.o                      24
    dlmalloc.o                  5 332               496
    exit.o                          4
    heaptramp0.o                    4
    low_level_init.o                4
    putchar.o                      12
    vprintf.o                      32
    xfail_s.o                      64                 4
    xfiles.o                                72      152
    xgetmemchunk.o                 44                 4
    xlocale_c.o                     8       60       56
    xprintffull_nomb.o          3 618
    xprout.o                       22
    ---------------------------------------------------
    Total:                      9 174      132      712

dlpp7M_tl_fc.a: [4]
    delop_0.o                      10
    new.o                                             4
    newop_0.o                      36
    nomemory.o                      4
    ---------------------------------------------------
    Total:                         50                 4

m7M_tls.a: [5]
    DblAdd.o                      360
    DblCmpGe.o                     46
    DblCmpLe.o                     46
    DblDiv.o                      582
    DblMul.o                      418
    DblSub.o                      226
    DblToS32.o                     58
    DblToU32.o                     40
    S32ToDbl.o                     34
    U32ToDbl.o                     26
    fpinit_M.o                     34
    frexp.o                       112
    ldexp.o                       314
    ---------------------------------------------------
    Total:                      2 296

rt7M_tl.a: [6]
    ABImemcpy.o                   166
    ABImemset.o                   102
    I64DivMod.o                   558
    I64DivZer.o                     2
    cexit.o                        10
    cmain.o                        30
    cmain_call_ctors.o             32
    copy_init3.o                   44
    cstartup_M.o                   12
    data_init.o                    40
    memchr.o                       88
    strchr.o                       22
    strlen.o                       54
    zero_init3.o                   64
    ---------------------------------------------------
    Total:                      1 224

shb_l.a: [7]
    exit.o                         20
    unwind_debug.o                           1
    ---------------------------------------------------
    Total:                         20        1

    Gaps                           44        4
    Linker created                          42   49 152
-------------------------------------------------------
    Grand Total:               30 900      880   73 482


*******************************************************************************
*** ENTRY LIST
***

Entry                      Address    Size  Type      Object
-----                      -------    ----  ----      ------
.iar.init_table$$Base   0x08027620           --   Gb  - Linker created -
.iar.init_table$$Limit  0x08027648           --   Gb  - Linker created -
?main                   0x08027715          Code  Gb  cmain.o [6]
APBAHBPrescTable        0x200000a8    0x10  Data  Lc  stm32f4xx_rcc.o [1]
BusFault_Handler        0x0802798b     0x2  Code  Gb  stm32f4xx_it.o [1]
CNetManagement::Agreement()
                        0x08026c69    0x36  Code  Gb  CNetManagement.o [1]
CNetManagement::CNetManagement(NetParaType_t *, CSuperAppInterface *, CSuperNetInterface *)
                        0x08026bf1    0x2a  Code  Gb  CNetManagement.o [1]
CNetManagement::ComSend()
                        0x08026c4d    0x1c  Code  Gb  CNetManagement.o [1]
CNetManagement::Config(NetParaType_t *)
                        0x08026c29    0x24  Code  Gb  CNetManagement.o [1]
CONNECTTask_Handler     0x20005e98     0x4  Data  Gb  main.o [1]
CSTACK$$Base            0x10000000           --   Gb  - Linker created -
CSTACK$$Limit           0x10007000           --   Gb  - Linker created -
CSuperAppInterface::CSuperAppInterface()
                        0x08026d5d     0x2  Code  Gb  CUdpProtocol.o [1]
CSuperAppInterface::CSuperAppInterface() [subobject]
                        0x08026cb7     0xc  Code  Gb  CUdpProtocol.o [1]
CSuperNetInterface::CSuperNetInterface()
                        0x08025a31     0x2  Code  Gb  IUarts.o [1]
CSuperNetInterface::CSuperNetInterface() [subobject]
                        0x08025399     0xc  Code  Gb  IUarts.o [1]
CUartProtocol::Agreement()
                        0x08026b83    0x2a  Code  Gb  CUartProtocol.o [1]
CUartProtocol::CUartProtocol()
                        0x08026ac7    0x36  Code  Gb  CUartProtocol.o [1]
CUartProtocol::ComSend()
                        0x08026b65    0x10  Code  Gb  CUartProtocol.o [1]
CUartProtocol::Init(CNetManagement *, void *)
                        0x08026afd    0x52  Code  Gb  CUartProtocol.o [1]
CUartProtocol::ReceiveCheck(RECEIVE_FRAME *)
                        0x08026b7d     0x6  Code  Gb  CUartProtocol.o [1]
CUartProtocol::Ret_ReceBuf()
                        0x08026b75     0x4  Code  Gb  CUartProtocol.o [1]
CUartProtocol::Ret_SendBuf()
                        0x08026b79     0x4  Code  Gb  CUartProtocol.o [1]
CUartProtocol::SendFrame(unsigned short, unsigned char *, unsigned char)
                        0x08026bad    0x2e  Code  Gb  CUartProtocol.o [1]
CUartProtocol::TestReturnInfo(RECEIVE_FRAME *)
                        0x08026bdb    0x16  Code  Gb  CUartProtocol.o [1]
DebugMon_Handler        0x0802798f     0x2  Code  Gb  stm32f4xx_it.o [1]
Dprintf                 0x08025955    0x9e  Code  Gb  usart.o [1]
Driver_MCU_Init         0x08026955    0xac  Code  Gb  sys.o [1]
EN_LOG                  0x080224c6     0x1  Data  Lc  usart.o [1]
FLOATTask_Handler       0x20005e94     0x4  Data  Gb  main.o [1]
GPIO_Init               0x08025699    0xa8  Code  Gb  stm32f4xx_gpio.o [1]
GPIO_PinAFConfig        0x08025745    0x62  Code  Gb  stm32f4xx_gpio.o [1]
GPIO_ResetBits          0x08025741     0x4  Code  Gb  stm32f4xx_gpio.o [1]
HEAP$$Base              0x20005f10           --   Gb  - Linker created -
HEAP$$Limit             0x2000af10           --   Gb  - Linker created -
HardFault_Handler       0x08027987     0x2  Code  Gb  stm32f4xx_it.o [1]
IUarts::IUarts()        0x08025051    0x12  Code  Gb  IUarts.o [1]
IUarts::Init(void *)    0x08025063    0xf2  Code  Gb  IUarts.o [1]
IUarts::ReceData(NetPackageStruct_t *)
                        0x08025207    0x8c  Code  Gb  IUarts.o [1]
IUarts::SendData(NetPackageStruct_t *)
                        0x08025155    0xb2  Code  Gb  IUarts.o [1]
LED0Task_Handler        0x20005e8c     0x4  Data  Gb  main.o [1]
LED1Task_Handler        0x20005e90     0x4  Data  Gb  main.o [1]
LED_Init                0x08026a5d    0x3c  Code  Gb  led.o [1]
LoadInt                 0x08021857    0x7a  Code  Lc  xprintffull_nomb.o [3]
MemManage_Handler       0x08027989     0x2  Code  Gb  stm32f4xx_it.o [1]
NMI_Handler             0x08027985     0x2  Code  Gb  stm32f4xx_it.o [1]
NVIC_Init               0x080257b3    0x68  Code  Gb  misc.o [1]
NVIC_PriorityGroupConfig
                        0x080257a9     0xa  Code  Gb  misc.o [1]
PendSV_Handler          0x080244b5          Code  Gb  portasm.o [1]
RCC_AHB1PeriphClockCmd  0x08024f03    0x28  Code  Gb  stm32f4xx_rcc.o [1]
RCC_APB1PeriphClockCmd  0x08024f2b    0x20  Code  Gb  stm32f4xx_rcc.o [1]
RCC_APB1PeriphResetCmd  0x08024f6b    0x20  Code  Gb  stm32f4xx_rcc.o [1]
RCC_APB2PeriphClockCmd  0x08024f4b    0x20  Code  Gb  stm32f4xx_rcc.o [1]
RCC_APB2PeriphResetCmd  0x08024f8b    0x20  Code  Gb  stm32f4xx_rcc.o [1]
RCC_DeInit              0x08024c95    0x6a  Code  Gb  stm32f4xx_rcc.o [1]
RCC_GetClocksFreq       0x08024deb   0x118  Code  Gb  stm32f4xx_rcc.o [1]
RCC_GetFlagStatus       0x08024fab    0x46  Code  Gb  stm32f4xx_rcc.o [1]
RCC_GetSYSCLKSource     0x08024d9b     0xc  Code  Gb  stm32f4xx_rcc.o [1]
RCC_HCLKConfig          0x08024da7    0x16  Code  Gb  stm32f4xx_rcc.o [1]
RCC_HSEConfig           0x08024cff    0x10  Code  Gb  stm32f4xx_rcc.o [1]
RCC_HSICmd              0x08024d4b     0xc  Code  Gb  stm32f4xx_rcc.o [1]
RCC_PCLK1Config         0x08024dbd    0x16  Code  Gb  stm32f4xx_rcc.o [1]
RCC_PCLK2Config         0x08024dd3    0x18  Code  Gb  stm32f4xx_rcc.o [1]
RCC_PLLCmd              0x08024d79     0xc  Code  Gb  stm32f4xx_rcc.o [1]
RCC_PLLConfig           0x08024d57    0x22  Code  Gb  stm32f4xx_rcc.o [1]
RCC_SYSCLKConfig        0x08024d85    0x16  Code  Gb  stm32f4xx_rcc.o [1]
RCC_WaitForHSEStartUp   0x08024d0f    0x3c  Code  Gb  stm32f4xx_rcc.o [1]
Region$$Table$$Base     0x08027620           --   Gb  - Linker created -
Region$$Table$$Limit    0x08027648           --   Gb  - Linker created -
SHT$$INIT_ARRAY$$Base   0x08027a0c           --   Gb  - Linker created -
SHT$$INIT_ARRAY$$Limit  0x08027a14           --   Gb  - Linker created -
SHT$$PREINIT_ARRAY$$Base
                        0x08027a0c           --   Gb  - Linker created -
SHT$$PREINIT_ARRAY$$Limit
                        0x08027a0c           --   Gb  - Linker created -
SVC_Handler             0x0802450d          Code  Gb  portasm.o [1]
SetSysClock             0x080272c1    0xce  Code  Lc  system_stm32f4xx.o [1]
StartTask_Handler       0x20005e88     0x4  Data  Gb  main.o [1]
SysTick_CLKSourceConfig
                        0x0802581b    0x20  Code  Gb  misc.o [1]
SysTick_Handler         0x08026a01    0x10  Code  Gb  delay.o [1]
SystemCoreClock         0x200000bc     0x4  Data  Gb  system_stm32f4xx.o [1]
SystemInit              0x08027271    0x50  Code  Gb  system_stm32f4xx.o [1]
TAG                     0x0802799c     0x8  Data  Lc  CNetManagement.o [1]
TAG                     0x08027930     0xc  Data  Lc  CUartProtocol.o [1]
TAG                     0x0802793c     0xc  Data  Lc  IUarts.o [1]
TAG                     0x08027978     0xc  Data  Lc  main.o [1]
TAG                     0x08027900    0x10  Data  Lc  usart.o [1]
U2_HaveReceLen          0x20005f02     0x2  Data  Lc  IUarts.o [1]
U2_HaveSenLen           0x200000c0     0x2  Data  Lc  IUarts.o [1]
U2_ReceFinsh            0x20005f09     0x1  Data  Lc  IUarts.o [1]
U2_RnRece               0x20005e70     0x8  Data  Lc  IUarts.o [1]
U2_RnSend               0x20005e68     0x8  Data  Lc  IUarts.o [1]
U2_SendFinsh            0x20005f0a     0x1  Data  Lc  IUarts.o [1]
U2_max_rxbuf            0x20005f04     0x2  Data  Lc  IUarts.o [1]
U2_max_txbuf            0x20005f06     0x2  Data  Lc  IUarts.o [1]
USART1_IRQHandler       0x0802591d    0x26  Code  Gb  usart.o [1]
USART2_IRQHandler       0x08025293    0xba  Code  Gb  IUarts.o [1]
USART_ClearFlag         0x0802561b    0x10  Code  Gb  stm32f4xx_usart.o [1]
USART_Cmd               0x0802557d    0x1e  Code  Gb  stm32f4xx_usart.o [1]
USART_DeInit            0x080253a5    0xdc  Code  Gb  stm32f4xx_usart.o [1]
USART_GetITStatus       0x0802562b    0x6c  Code  Gb  stm32f4xx_usart.o [1]
USART_ITConfig          0x080255ab    0x70  Code  Gb  stm32f4xx_usart.o [1]
USART_Init              0x08025481    0xd6  Code  Gb  stm32f4xx_usart.o [1]
USART_ReceiveData       0x080255a3     0x8  Code  Gb  stm32f4xx_usart.o [1]
USART_SendData          0x0802559b     0x8  Code  Gb  stm32f4xx_usart.o [1]
UsageFault_Handler      0x0802798d     0x2  Code  Gb  stm32f4xx_it.o [1]
Virtual function table for CNetManagement
                        0x080277b8    0x18  Data  Gb  CNetManagement.o [1]
Virtual function table for CUartProtocol
                        0x08027648    0x20  Data  Gb  CUartProtocol.o [1]
Virtual function table for IUarts
                        0x08027668    0x20  Data  Gb  IUarts.o [1]
[local to CUartProtocol_cpp]::std::piecewise_construct
                        0x08021663     0x1  Data  Lc  CUartProtocol.o [1]
_GenldFullNoMb          0x080221c5   0x274  Code  Lc  xprintffull_nomb.o [3]
_LdtobFullNoMb          0x08021d99   0x3fe  Code  Lc  xprintffull_nomb.o [3]
_LitobFullNoMb          0x08021c41   0x112  Code  Lc  xprintffull_nomb.o [3]
_Locale_lconv           0x20000048    0x38  Data  Lc  xlocale_c.o [3]
_PrintfFullNoMb         0x080216a5   0x1a4  Code  Gb  xprintffull_nomb.o [3]
_Prout                  0x08027853    0x16  Code  Gb  xprout.o [3]
_PutcharsFullNoMb       0x08022439    0x2e  Code  Lc  xprintffull_nomb.o [3]
_PutfldFullNoMb         0x080218d1   0x264  Code  Lc  xprintffull_nomb.o [3]
_PuttxtFullNoMb         0x08021b35   0x10c  Code  Lc  xprintffull_nomb.o [3]
__aeabi_cdcmple         0x08022a9d          Code  Gb  DblCmpLe.o [5]
__aeabi_cdrcmple        0x08022acd          Code  Gb  DblCmpGe.o [5]
__aeabi_d2iz            0x08022c39          Code  Gb  DblToS32.o [5]
__aeabi_d2uiz           0x08022fc5          Code  Gb  DblToU32.o [5]
__aeabi_ddiv            0x08022d7d          Code  Gb  DblDiv.o [5]
__aeabi_dmul            0x080227e1          Code  Gb  DblMul.o [5]
__aeabi_dsub            0x08022c99          Code  Gb  DblSub.o [5]
__aeabi_i2d             0x08022c75          Code  Gb  S32ToDbl.o [5]
__aeabi_ldiv0           0x08023011          Code  Gb  I64DivZer.o [6]
__aeabi_memcpy          0x08022985          Code  Gb  ABImemcpy.o [6]
__aeabi_memcpy4         0x080229a5          Code  Gb  ABImemcpy.o [6]
__aeabi_memcpy8         0x080229a5          Code  Gb  ABImemcpy.o [6]
__aeabi_memset          0x08023e45          Code  Gb  ABImemset.o [6]
__aeabi_ui2d            0x08022fed          Code  Gb  U32ToDbl.o [5]
__aeabi_uldivmod        0x080225b1          Code  Gb  I64DivMod.o [6]
__call_ctors            0x080276fd    0x18  Code  Gb  cppinit.o [3]
__cmain                 0x08027715          Code  Gb  cmain.o [6]
__data_GetMemChunk      0x08021665    0x2c  Code  Gb  xgetmemchunk.o [3]
__data_GetMemChunk::start
                        0x20005ef8     0x4  Data  Lc  xgetmemchunk.o [3]
__exit                  0x08021691    0x14  Code  Gb  exit.o [7]
__iar_Fail_s            0x080224e1    0x1c  Code  Gb  xfail_s.o [3]
__iar_Memchr            0x08022559          Code  Gb  memchr.o [6]
__iar_Memset            0x08023e45          Code  Gb  ABImemset.o [6]
__iar_Memset_word       0x08023e4d          Code  Gb  ABImemset.o [6]
__iar_Stdout            0x20000000    0x48  Data  Gb  xfiles.o [3]
__iar_Strchr            0x080224c9          Code  Gb  strchr.o [6]
__iar_copy_init3        0x080275a9    0x2c  Code  Gb  copy_init3.o [6]
__iar_cstart_call_ctors
                        0x080276dd    0x20  Code  Gb  cmain_call_ctors.o [6]
__iar_dadd              0x08022ca9          Code  Gb  DblSub.o [5]
__iar_data_init3        0x080275d5    0x28  Code  Gb  data_init.o [6]
__iar_debug_exceptions  0x080224c7     0x1  Data  Gb  unwind_debug.o [7]
__iar_dlfree            0x08021163   0x4f6  Code  Gb  dlmalloc.o [3]
__iar_dlmalloc          0x08020ead   0x2b6  Code  Gb  dlmalloc.o [3]
__iar_dsub              0x08023015          Code  Gb  DblAdd.o [5]
__iar_dsubStart         0x08023027          Code  Gb  DblAdd.o [5]
__iar_frexp             0x08022a39          Code  Gb  frexp.o [5]
__iar_frexpl            0x08022a39          Code  Gb  frexp.o [5]
__iar_init_vfp          0x080275fd          Code  Gb  fpinit_M.o [5]
__iar_ldexp64           0x08022afd          Code  Gb  ldexp.o [5]
__iar_program_start     0x08027991          Code  Gb  cstartup_M.o [6]
__iar_scalbln64         0x08022afd          Code  Gb  ldexp.o [5]
__iar_scalbn64          0x08022afd          Code  Gb  ldexp.o [5]
__iar_softfp___iar_frexp64
                        0x08022a2d          Code  Gb  frexp.o [5]
__iar_softfp_frexp      0x08022a2d          Code  Gb  frexp.o [5]
__iar_softfp_frexpl     0x08022a2d          Code  Gb  frexp.o [5]
__iar_systems$$module {Abs}
                        0x00000001          Data  Gb  command line/config [2]
__iar_tls$$INIT_ARRAY$$Base
                        0x08027a14           --   Gb  - Linker created -
__iar_tls$$INIT_ARRAY$$Limit
                        0x08027a14           --   Gb  - Linker created -
__iar_zero_init3        0x08027501    0x40  Code  Gb  zero_init3.o [6]
__low_level_init        0x08027733     0x4  Code  Gb  low_level_init.o [3]
__sti__routine          0x08026abd     0xa  Code  Lc  CUartProtocol.o [1]
__sti__routine          0x08027911     0xa  Code  Lc  CUdpProtocol.o [1]
__vector_table          0x08020000          Data  Gb  startup_stm32f40_41xxx.o [1]
_call_main              0x08027721          Code  Gb  cmain.o [6]
_exit                   0x0802773d          Code  Gb  cexit.o [6]
_gm_                    0x20005b44   0x1d8  Data  Lc  dlmalloc.o [3]
_main                   0x0802772f          Code  Gb  cmain.o [6]
abort                   0x0802165d     0x6  Code  Gb  abort.o [3]
add_segment             0x0802054d   0x1f2  Code  Lc  dlmalloc.o [3]
bool && std::forward<bool>(std::remove_reference<bool>::type &)
                        0x080266d1     0x2  Code  Gb  CUdpProtocol.o [1]
connect_task(void *)    0x080268a1    0x64  Code  Gb  main.o [1]
const std::allocator<std::pair<void *const , CUartProtocol *>>& && std::forward<const std::allocator<std::pair<void *const , CUartProtocol *>>&>(std::remove_reference<const std::allocator<std::pair<void *const , CUartProtocol *>>&>::type &)
                        0x08027137     0x2  Code  Gb  CUartProtocol.o [1]
const std::allocator<std::pair<void *const , CUdpProtocol *>>& && std::forward<const std::allocator<std::pair<void *const , CUdpProtocol *>>&>(std::remove_reference<const std::allocator<std::pair<void *const , CUdpProtocol *>>&>::type &)
                        0x08027571     0x2  Code  Gb  CUdpProtocol.o [1]
delay_init              0x08026a11    0x3c  Code  Gb  delay.o [1]
exit                    0x08027737     0x4  Code  Gb  exit.o [3]
fac_ms                  0x20005f00     0x2  Data  Lc  delay.o [1]
fac_us                  0x20005f08     0x1  Data  Lc  delay.o [1]
float_task(void *)      0x08026875    0x2c  Code  Gb  main.o [1]
float_task(void *)::float_num
                        0x20005e9c     0x4  Data  Lc  main.o [1]
fputc                   0x08025943    0x12  Code  Gb  usart.o [1]
free                    0x0802676d     0x4  Code  Gb  heaptramp0.o [3]
init_mparams            0x080201a7    0x32  Code  Lc  dlmalloc.o [3]
init_top                0x080201d9    0x32  Code  Lc  dlmalloc.o [3]
ldexp                   0x08022afd          Code  Gb  ldexp.o [5]
ldexpl                  0x08022afd          Code  Gb  ldexp.o [5]
led0_task(void *)       0x08026831    0x22  Code  Gb  main.o [1]
led1_task(void *)       0x08026855    0x1e  Code  Gb  main.o [1]
localeconv              0x08023009     0x4  Code  Gb  xlocale_c.o [3]
m_udpmap                0x20005e50     0x8  Data  Lc  CUartProtocol.o [1]
m_udpmap                0x20005e58     0x8  Data  Lc  CUdpProtocol.o [1]
main                    0x08026775    0x46  Code  Gb  main.o [1]
memchr                  0x08022559          Code  Gb  memchr.o [6]
mparams                 0x20005dac    0x18  Data  Lc  dlmalloc.o [3]
obuf                    0x20005d1c    0x50  Data  Lc  xfiles.o [3]
operator delete (void *)
                        0x0802674d     0xa  Code  Gb  delop_0.o [4]
operator new (unsigned int)
                        0x08026a99    0x24  Code  Gb  newop_0.o [4]
operator new (unsigned int, void *)
                        0x08027043     0x4  Code  Gb  CUdpProtocol.o [1]
para                    0x20000094    0x14  Data  Gb  main.o [1]
pcInterruptPriorityRegisters
                        0x08027a18     0x4  Data  Lc  port.o [1]
prepend_alloc           0x0802020b   0x342  Code  Lc  dlmalloc.o [3]
prvAddCurrentTaskToDelayedList
                        0x08023b6d    0x7e  Code  Lc  tasks.o [1]
prvAddNewTaskToReadyList
                        0x080232b5    0xc2  Code  Lc  tasks.o [1]
prvCheckForValidListAndQueue
                        0x0802443f    0x4c  Code  Lc  timers.o [1]
prvCheckTasksWaitingTermination
                        0x0802391d    0x64  Code  Lc  tasks.o [1]
prvCopyDataFromQueue    0x08024ad1    0x30  Code  Lc  queue.o [1]
prvCopyDataToQueue      0x08024a39    0x98  Code  Lc  queue.o [1]
prvDeleteTCB            0x08023991    0x12  Code  Lc  tasks.o [1]
prvGetNextExpireTime    0x08024267    0x2a  Code  Lc  timers.o [1]
prvHeapInit             0x08023d5f    0x66  Code  Lc  heap_4.o [1]
prvIdleTask             0x0802388d    0x26  Code  Lc  tasks.o [1]
prvInitialiseNewQueue   0x08024623    0x3c  Code  Lc  queue.o [1]
prvInitialiseNewTask    0x080231f1    0xc4  Code  Lc  tasks.o [1]
prvInitialiseTaskLists  0x080238bd    0x56  Code  Lc  tasks.o [1]
prvInsertBlockIntoFreeList
                        0x08023dc5    0x60  Code  Lc  heap_4.o [1]
prvInsertTimerInActiveList
                        0x080242b9    0x50  Code  Lc  timers.o [1]
prvIsQueueEmpty         0x08024b8f    0x1c  Code  Lc  queue.o [1]
prvIsQueueFull          0x08024bab    0x1e  Code  Lc  queue.o [1]
prvNotifyQueueSetContainer
                        0x08024c45    0x50  Code  Lc  queue.o [1]
prvProcessExpiredTimer  0x08024195    0x48  Code  Lc  timers.o [1]
prvProcessReceivedCommands
                        0x08024309    0xc4  Code  Lc  timers.o [1]
prvProcessTimerOrBlockTask
                        0x080241f7    0x70  Code  Lc  timers.o [1]
prvResetNextTaskUnblockTime
                        0x080239a3    0x2a  Code  Lc  tasks.o [1]
prvSampleTimeNow        0x08024291    0x28  Code  Lc  timers.o [1]
prvSampleTimeNow::xLastTime
                        0x20005ef0     0x4  Data  Lc  timers.o [1]
prvSwitchTimerLists     0x080243cd    0x72  Code  Lc  timers.o [1]
prvTaskExitError        0x08023f6d    0x10  Code  Lc  port.o [1]
prvTimerTask            0x080241dd    0x1a  Code  Lc  timers.o [1]
prvUnlockQueue          0x08024b01    0x8e  Code  Lc  queue.o [1]
putchar                 0x08027869     0xc  Code  Gb  putchar.o [3]
pvPortMalloc            0x08023c2d    0xe8  Code  Gb  heap_4.o [1]
pvTaskIncrementMutexHeldCount
                        0x08023b2d    0x1e  Code  Gb  tasks.o [1]
pxCurrentTCB            0x20005ea4     0x4  Data  Gb  tasks.o [1]
pxCurrentTimerList      0x20005ee0     0x4  Data  Lc  timers.o [1]
pxDelayedTaskList       0x20005ea8     0x4  Data  Lc  tasks.o [1]
pxEnd                   0x20005e78     0x4  Data  Lc  heap_4.o [1]
pxOverflowDelayedTaskList
                        0x20005eac     0x4  Data  Lc  tasks.o [1]
pxOverflowTimerList     0x20005ee4     0x4  Data  Lc  timers.o [1]
pxPortInitialiseStack   0x08023f45    0x28  Code  Gb  port.o [1]
pxReadyTasksLists       0x200050c4   0x280  Data  Lc  tasks.o [1]
scalbln                 0x08022afd          Code  Gb  ldexp.o [5]
scalblnl                0x08022afd          Code  Gb  ldexp.o [5]
scalbn                  0x08022afd          Code  Gb  ldexp.o [5]
scalbnl                 0x08022afd          Code  Gb  ldexp.o [5]
scale                   0x08021d53    0x46  Code  Lc  xprintffull_nomb.o [3]
sec_hand                0x20005efc     0x4  Data  Lc  xfail_s.o [3]
segment_holding         0x08020189    0x1e  Code  Lc  dlmalloc.o [3]
start_task(void *)      0x080267bd    0x72  Code  Gb  main.o [1]
std::_Compressed_pair<std::_Wrap_alloc<std::allocator<std::_Tree_node<std::pair<void *const , CUartProtocol *>, void *>>>, std::_Tree_val<std::_Tree_simple_types<std::pair<void *const , CUartProtocol *>>>, (bool)1>::_Compressed_pair<const std::allocator<std::pair<void *const , CUartProtocol *>>&, >(std::_One_then_variadic_args_t, const std::allocator<std::pair<void *const , CUartProtocol *>>& &&,  &&...)
                        0x0802713b    0x1e  Code  Gb  CUartProtocol.o [1]
std::_Compressed_pair<std::_Wrap_alloc<std::allocator<std::_Tree_node<std::pair<void *const , CUartProtocol *>, void *>>>, std::_Tree_val<std::_Tree_simple_types<std::pair<void *const , CUartProtocol *>>>, (bool)1>::_Get_first()
                        0x080266e9     0x2  Code  Gb  CUartProtocol.o [1]
std::_Compressed_pair<std::_Wrap_alloc<std::allocator<std::_Tree_node<std::pair<void *const , CUartProtocol *>, void *>>>, std::_Tree_val<std::_Tree_simple_types<std::pair<void *const , CUartProtocol *>>>, (bool)1>::_Get_first() const
                        0x080266d9     0x2  Code  Gb  CUartProtocol.o [1]
std::_Compressed_pair<std::_Wrap_alloc<std::allocator<std::_Tree_node<std::pair<void *const , CUartProtocol *>, void *>>>, std::_Tree_val<std::_Tree_simple_types<std::pair<void *const , CUartProtocol *>>>, (bool)1>::_Get_second()
                        0x0802660b     0x2  Code  Gb  CUartProtocol.o [1]
std::_Compressed_pair<std::_Wrap_alloc<std::allocator<std::_Tree_node<std::pair<void *const , CUartProtocol *>, void *>>>, std::_Tree_val<std::_Tree_simple_types<std::pair<void *const , CUartProtocol *>>>, (bool)1>::_Get_second() const
                        0x080266d7     0x2  Code  Gb  CUartProtocol.o [1]
std::_Compressed_pair<std::_Wrap_alloc<std::allocator<std::_Tree_node<std::pair<void *const , CUdpProtocol *>, void *>>>, std::_Tree_val<std::_Tree_simple_types<std::pair<void *const , CUdpProtocol *>>>, (bool)1>::_Compressed_pair<const std::allocator<std::pair<void *const , CUdpProtocol *>>&, >(std::_One_then_variadic_args_t, const std::allocator<std::pair<void *const , CUdpProtocol *>>& &&,  &&...)
                        0x08027573    0x1e  Code  Gb  CUdpProtocol.o [1]
std::_Compressed_pair<std::_Wrap_alloc<std::allocator<std::_Tree_node<std::pair<void *const , CUdpProtocol *>, void *>>>, std::_Tree_val<std::_Tree_simple_types<std::pair<void *const , CUdpProtocol *>>>, (bool)1>::_Get_first()
                        0x080274ad     0x2  Code  Gb  CUdpProtocol.o [1]
std::_Compressed_pair<std::_Wrap_alloc<std::allocator<std::_Tree_node<std::pair<void *const , CUdpProtocol *>, void *>>>, std::_Tree_val<std::_Tree_simple_types<std::pair<void *const , CUdpProtocol *>>>, (bool)1>::_Get_second()
                        0x080276db     0x2  Code  Gb  CUdpProtocol.o [1]
std::_Compressed_pair<std::less<void *>, std::_Compressed_pair<std::_Wrap_alloc<std::allocator<std::_Tree_node<std::pair<void *const , CUartProtocol *>, void *>>>, std::_Tree_val<std::_Tree_simple_types<std::pair<void *const , CUartProtocol *>>>, (bool)1>, (bool)1>::_Compressed_pair<std::less<void *> const &, std::_One_then_variadic_args_t, const std::allocator<std::pair<void *const , CUartProtocol *>>&>(std::_One_then_variadic_args_t, std::less<void *> const & &&, std::_One_then_variadic_args_t, const std::allocator<std::pair<void *const , CUartProtocol *>>& &&...)
                        0x08027081    0x30  Code  Gb  CUartProtocol.o [1]
[...]
                        0x0802666b     0x4  Code  Gb  CUartProtocol.o [1]
std::_Tree_val<std::_Tree_simple_types<std::pair<void *const , CUartProtocol *>>>::_Right(std::_Tree_node<std::pair<void *const , CUartProtocol *>, void *> *)
                        0x0802653d     0x4  Code  Gb  CUartProtocol.o [1]
std::_Tree_val<std::_Tree_simple_types<std::pair<void *const , CUartProtocol *>>>::_Tree_val()
                        0x08027239     0xa  Code  Gb  CUartProtocol.o [1]
std::_Tree_val<std::_Tree_simple_types<std::pair<void *const , CUdpProtocol *>>>::_Color(std::_Tree_node<std::pair<void *const , CUdpProtocol *>, void *> *)
                        0x080274cd     0x4  Code  Gb  CUdpProtocol.o [1]
std::_Tree_val<std::_Tree_simple_types<std::pair<void *const , CUdpProtocol *>>>::_Isnil(std::_Tree_node<std::pair<void *const , CUdpProtocol *>, void *> *)
                        0x080274d1     0x4  Code  Gb  CUdpProtocol.o [1]
std::_Tree_val<std::_Tree_simple_types<std::pair<void *const , CUdpProtocol *>>>::_Left(std::_Tree_node<std::pair<void *const , CUdpProtocol *>, void *> *)
                        0x080274c1     0x2  Code  Gb  CUdpProtocol.o [1]
std::_Tree_val<std::_Tree_simple_types<std::pair<void *const , CUdpProtocol *>>>::_Parent(std::_Tree_node<std::pair<void *const , CUdpProtocol *>, void *> *)
                        0x080274c5     0x4  Code  Gb  CUdpProtocol.o [1]
std::_Tree_val<std::_Tree_simple_types<std::pair<void *const , CUdpProtocol *>>>::_Right(std::_Tree_node<std::pair<void *const , CUdpProtocol *>, void *> *)
                        0x080274c9     0x4  Code  Gb  CUdpProtocol.o [1]
std::_Tree_val<std::_Tree_simple_types<std::pair<void *const , CUdpProtocol *>>>::_Tree_val()
                        0x0802759d     0xa  Code  Gb  CUdpProtocol.o [1]
std::_Tuple_val<void *const &>::_Tuple_val<void *const &>(void *const & &&)
                        0x08026f1b    0x12  Code  Gb  CUdpProtocol.o [1]
std::_Wrap_alloc<std::allocator<std::_Tree_node<std::pair<void *const , CUartProtocol *>, void *>>>::_Wrap_alloc<std::allocator<std::pair<void *const , CUartProtocol *>>>(std::allocator<std::pair<void *const , CUartProtocol *>> const &)
                        0x08027261     0x2  Code  Gb  CUartProtocol.o [1]
std::_Wrap_alloc<std::allocator<std::_Tree_node<std::pair<void *const , CUartProtocol *>, void *>>>::_Wrap_alloc<std::allocator<std::pair<void *const , CUartProtocol *>>>(std::allocator<std::pair<void *const , CUartProtocol *>> const &) [subobject]
                        0x0802722d     0xc  Code  Gb  CUartProtocol.o [1]
std::_Wrap_alloc<std::allocator<std::_Tree_node<std::pair<void *const , CUartProtocol *>, void *>>>::allocate(unsigned int)
                        0x08027027    0x10  Code  Gb  CUartProtocol.o [1]
std::_Wrap_alloc<std::allocator<std::_Tree_node<std::pair<void *const , CUartProtocol *>, void *>>>::deallocate(std::_Tree_node<std::pair<void *const , CUartProtocol *>, void *> *, unsigned int)
                        0x08026655    0x14  Code  Gb  CUartProtocol.o [1]
std::_Wrap_alloc<std::allocator<std::_Tree_node<std::pair<void *const , CUartProtocol *>, void *>>>::max_size(std::_Nil) const
                        0x0802661d     0xc  Code  Gb  CUartProtocol.o [1]
std::_Wrap_alloc<std::allocator<std::_Tree_node<std::pair<void *const , CUdpProtocol *>, void *>>>::_Wrap_alloc<std::allocator<std::pair<void *const , CUdpProtocol *>>>(std::allocator<std::pair<void *const , CUdpProtocol *>> const &)
                        0x080275a7     0x2  Code  Gb  CUdpProtocol.o [1]
std::_Wrap_alloc<std::allocator<std::_Tree_node<std::pair<void *const , CUdpProtocol *>, void *>>>::_Wrap_alloc<std::allocator<std::pair<void *const , CUdpProtocol *>>>(std::allocator<std::pair<void *const , CUdpProtocol *>> const &) [subobject]
                        0x08027591     0xc  Code  Gb  CUdpProtocol.o [1]
std::_Wrap_alloc<std::allocator<std::_Tree_node<std::pair<void *const , CUdpProtocol *>, void *>>>::allocate(unsigned int)
                        0x08027453    0x10  Code  Gb  CUdpProtocol.o [1]
std::__iar_New_hand     0x20005ef4     0x4  Data  Gb  new.o [4]
std::allocator<std::_Tree_node<std::pair<void *const , CUartProtocol *>, void *>>::allocate(unsigned int)
                        0x080270c9    0x12  Code  Gb  CUartProtocol.o [1]
std::allocator<std::_Tree_node<std::pair<void *const , CUartProtocol *>, void *>>::deallocate(std::_Tree_node<std::pair<void *const , CUartProtocol *>, void *> *, unsigned int)
                        0x080266fb    0x12  Code  Gb  CUartProtocol.o [1]
std::allocator<std::_Tree_node<std::pair<void *const , CUartProtocol *>, void *>>::max_size() const
                        0x08026725     0xc  Code  Gb  CUartProtocol.o [1]
std::allocator<std::_Tree_node<std::pair<void *const , CUdpProtocol *>, void *>>::allocate(unsigned int)
                        0x080274af    0x12  Code  Gb  CUdpProtocol.o [1]
std::allocator_traits<std::allocator<std::_Tree_node<std::pair<void *const , CUartProtocol *>, void *>>>::max_size(const std::allocator<std::_Tree_node<std::pair<void *const , CUartProtocol *>, void *>>&)
                        0x080266db     0xc  Code  Gb  CUartProtocol.o [1]
std::less<void *> const & && std::forward<std::less<void *> const &>(std::remove_reference<std::less<void *> const &>::type &)
                        0x08027135     0x2  Code  Gb  CUdpProtocol.o [1]
std::less<void *>::operator ()(void *const &, void *const &) const
                        0x0802605b    0x12  Code  Gb  CUdpProtocol.o [1]
std::map<void *, CUartProtocol *, std::less<void *>, std::allocator<std::pair<void *const , CUartProtocol *>>>::map()
                        0x08026ca3    0x14  Code  Gb  CUartProtocol.o [1]
std::map<void *, CUartProtocol *, std::less<void *>, std::allocator<std::pair<void *const , CUartProtocol *>>>::operator [](void *const &)
                        0x08026cc5    0x8c  Code  Gb  CUartProtocol.o [1]
std::map<void *, CUdpProtocol *, std::less<void *>, std::allocator<std::pair<void *const , CUdpProtocol *>>>::map()
                        0x080278b1    0x14  Code  Gb  CUdpProtocol.o [1]
std::pair<std::_Tree_iterator<std::_Tree_val<std::_Tree_simple_types<std::pair<void *const , CUartProtocol *>>>>, bool> std::_Tree<std::_Tmap_traits<void *, CUartProtocol *, std::less<void *>, std::allocator<std::pair<void *const , CUartProtocol *>>, (bool)0>>::_Insert_nohint<std::pair<void *const , CUartProtocol *> &, std::_Tree_node<std::pair<void *const , CUartProtocol *>, void *> *>(bool, std::pair<void *const , CUartProtocol *> & &&, std::_Tree_node<std::pair<void *const , CUartProtocol *>, void *> *)
                        0x080260d3   0x1a6  Code  Gb  CUartProtocol.o [1]
std::pair<std::_Tree_iterator<std::_Tree_val<std::_Tree_simple_types<std::pair<void *const , CUartProtocol *>>>>, bool>::pair<std::_Tree_iterator<std::_Tree_val<std::_Tree_simple_types<std::pair<void *const , CUartProtocol *>>>> &, bool, void>(std::_Tree_iterator<std::_Tree_val<std::_Tree_simple_types<std::pair<void *const , CUartProtocol *>>>> & &&, bool &&)
                        0x080265d3    0x20  Code  Gb  CUartProtocol.o [1]
std::pair<std::_Tree_iterator<std::_Tree_val<std::_Tree_simple_types<std::pair<void *const , CUartProtocol *>>>>, bool>::pair<std::_Tree_iterator<std::_Tree_val<std::_Tree_simple_types<std::pair<void *const , CUartProtocol *>>>>, bool, void>(std::_Tree_iterator<std::_Tree_val<std::_Tree_simple_types<std::pair<void *const , CUartProtocol *>>>> &&, bool &&)
                        0x080265a5    0x20  Code  Gb  CUartProtocol.o [1]
std::pair<void *const , CUartProtocol *> & && std::forward<std::pair<void *const , CUartProtocol *> &>(std::remove_reference<std::pair<void *const , CUartProtocol *> &>::type &)
                        0x08025d33     0x2  Code  Gb  CUartProtocol.o [1]
std::pair<void *const , CUartProtocol *> * std::_Addressof<std::pair<void *const , CUartProtocol *>>(std::pair<void *const , CUartProtocol *> &, std::integral_constant<bool, (bool)0>)
                        0x080266e7     0x2  Code  Gb  CUartProtocol.o [1]
std::pair<void *const , CUartProtocol *> * std::addressof<std::pair<void *const , CUartProtocol *>>(std::pair<void *const , CUartProtocol *> &)
                        0x08026629     0xc  Code  Gb  CUartProtocol.o [1]
std::pair<void *const , CUartProtocol *>::pair<std::tuple<void *const &>, std::tuple<>, (unsigned int)0, >(std::tuple<void *const &> &, std::tuple<> &, std::integer_sequence<unsigned int, (unsigned int)0>, std::integer_sequence<unsigned int, >)
                        0x08027243    0x1e  Code  Gb  CUartProtocol.o [1]
std::pair<void *const , CUartProtocol *>::pair<void *const &, >(std::piecewise_construct_t, std::tuple<void *const &...>, std::tuple<...>)
                        0x0802720d    0x20  Code  Gb  CUartProtocol.o [1]
std::piecewise_construct_t const & && std::forward<std::piecewise_construct_t const &>(std::remove_reference<std::piecewise_construct_t const &>::type &)
                        0x08026e77     0x2  Code  Gb  CUdpProtocol.o [1]
std::pointer_traits<std::pair<void *const , CUartProtocol *> *>::pointer_to(std::pair<void *const , CUartProtocol *> &)
                        0x08026eeb     0xc  Code  Gb  CUartProtocol.o [1]
std::remove_reference<std::tuple<void *const &> &>::type && std::move<std::tuple<void *const &> &>(std::tuple<void *const &> & &&)
                        0x08027263     0x2  Code  Gb  CUdpProtocol.o [1]
std::tuple<> && std::forward<std::tuple<>>(std::remove_reference<std::tuple<>>::type &)
                        0x08026e73     0x2  Code  Gb  CUdpProtocol.o [1]
std::tuple<>::tuple(const std::tuple<>&)
                        0x08027205     0x2  Code  Gb  CUdpProtocol.o [1]
std::tuple<void *const & &&...> std::forward_as_tuple<void *const &>(void *const & &&...)
                        0x08026d83    0x16  Code  Gb  CUdpProtocol.o [1]
std::tuple<void *const &> && std::forward<std::tuple<void *const &>>(std::remove_reference<std::tuple<void *const &>>::type &)
                        0x08026e75     0x2  Code  Gb  CUdpProtocol.o [1]
std::tuple<void *const &>::tuple(std::tuple<void *const &>&&)
                        0x08027207     0x6  Code  Gb  CUdpProtocol.o [1]
std::tuple<void *const &>::tuple(void *const &)
                        0x08026e61    0x12  Code  Gb  CUdpProtocol.o [1]
std::tuple_element<(unsigned int)0, std::tuple<void *const &...>>::type && std::get<(unsigned int)0, void *const &>(std::tuple<void *const &...> &&)
                        0x08027265     0xc  Code  Gb  CUdpProtocol.o [1]
strchr                  0x080224c9          Code  Gb  strchr.o [6]
strlen                  0x08022521          Code  Gb  strlen.o [6]
sys_alloc               0x08020745   0x164  Code  Lc  dlmalloc.o [3]
sys_trim                0x080208a9    0x66  Code  Lc  dlmalloc.o [3]
tmalloc_large           0x0802091d   0x384  Code  Lc  dlmalloc.o [3]
tmalloc_small           0x08020ca1   0x1fe  Code  Lc  dlmalloc.o [3]
uart_app_rxbuf          0x20005344   0x200  Data  Lc  main.o [1]
uart_app_txbuf          0x20005544   0x200  Data  Lc  main.o [1]
uart_com                0x20000080    0x14  Data  Lc  main.o [1]
uart_drv_rxbuf          0x20005744   0x200  Data  Lc  main.o [1]
uart_drv_txbuf          0x20005944   0x200  Data  Lc  main.o [1]
uart_init               0x08025855    0xc8  Code  Gb  usart.o [1]
ucHeap                  0x200000c4  0x5000  Data  Lc  heap_4.o [1]
ucMaxSysCallPriority    0x20005f0b     0x1  Data  Lc  port.o [1]
ulMaxPRIGROUPValue      0x20005ea0     0x4  Data  Lc  port.o [1]
uxCriticalNesting       0x200000b8     0x4  Data  Lc  port.o [1]
uxCurrentNumberOfTasks  0x20005eb4     0x4  Data  Lc  tasks.o [1]
uxDeletedTasksWaitingCleanUp
                        0x20005eb0     0x4  Data  Lc  tasks.o [1]
uxListRemove            0x08023f1d    0x28  Code  Gb  list.o [1]
uxPendedTicks           0x20005ec4     0x4  Data  Lc  tasks.o [1]
uxSchedulerSuspended    0x20005edc     0x4  Data  Lc  tasks.o [1]
uxTaskNumber            0x20005ed0     0x4  Data  Lc  tasks.o [1]
uxTopReadyPriority      0x20005ebc     0x4  Data  Lc  tasks.o [1]
vListInitialise         0x08023eab    0x1e  Code  Gb  list.o [1]
vListInitialiseItem     0x08023ec9     0x6  Code  Gb  list.o [1]
vListInsert             0x08023ee7    0x36  Code  Gb  list.o [1]
vListInsertEnd          0x08023ecf    0x18  Code  Gb  list.o [1]
vPortEnableVFP          0x08024541          Code  Gb  portasm.o [1]
vPortEnterCritical      0x0802401b    0x26  Code  Gb  port.o [1]
vPortExitCritical       0x08024041    0x1a  Code  Gb  port.o [1]
vPortFree               0x08023d15    0x4a  Code  Gb  heap_4.o [1]
vPortStartFirstTask     0x08024529          Code  Gb  portasm.o [1]
vPortValidateInterruptPriority
                        0x08024085    0x16  Code  Gb  port.o [1]
vQueueAddToRegistry     0x08024bc9    0x26  Code  Gb  queue.o [1]
vQueueWaitForMessageRestricted
                        0x08024bf9    0x4c  Code  Gb  queue.o [1]
vTaskDelay              0x08023445    0x3a  Code  Gb  tasks.o [1]
vTaskDelete             0x08023377    0xce  Code  Gb  tasks.o [1]
vTaskMissedYield        0x08023881     0xa  Code  Gb  tasks.o [1]
vTaskPlaceOnEventList   0x08023745    0x20  Code  Gb  tasks.o [1]
vTaskPlaceOnEventListRestricted
                        0x08023765    0x2c  Code  Gb  tasks.o [1]
vTaskPriorityInherit    0x080239ed    0xae  Code  Gb  tasks.o [1]
vTaskSetTimeOutState    0x0802380d    0x12  Code  Gb  tasks.o [1]
vTaskStartScheduler     0x0802347f    0x5c  Code  Gb  tasks.o [1]
vTaskSuspendAll         0x080234db    0x10  Code  Gb  tasks.o [1]
vTaskSwitchContext      0x080236f5    0x50  Code  Gb  tasks.o [1]
void *const & && std::forward<void *const &>(std::remove_reference<void *const &>::type &)
                        0x08026e5f     0x2  Code  Gb  CUdpProtocol.o [1]
void *const & std::_Tmap_traits<void *, CUartProtocol *, std::less<void *>, std::allocator<std::pair<void *const , CUartProtocol *>>, (bool)0>::_Kfn<void *const , CUartProtocol *>(const std::pair<void *const , CUartProtocol *>&)
                        0x080264b5     0x2  Code  Gb  CUartProtocol.o [1]
void std::_Deallocate<std::_Tree_node<std::pair<void *const , CUartProtocol *>, void *>>(std::_Tree_node<std::pair<void *const , CUartProtocol *>, void *> *, unsigned int)
                        0x08026733     0xe  Code  Gb  CUartProtocol.o [1]
void std::_Wrap_alloc<std::allocator<std::_Tree_node<std::pair<void *const , CUartProtocol *>, void *>>>::construct<std::pair<void *const , CUartProtocol *>, std::piecewise_construct_t const &, std::tuple<void *const &>, std::tuple<>>(std::pair<void *const , CUartProtocol *> *, std::piecewise_construct_t const &, std::tuple<void *const &>, std::tuple<> &&...)
                        0x08026fb5    0x3a  Code  Gb  CUartProtocol.o [1]
void std::_Wrap_alloc<std::allocator<std::_Tree_node<std::pair<void *const , CUartProtocol *>, void *>>>::destroy<std::pair<void *const , CUartProtocol *>>(std::pair<void *const , CUartProtocol *> *)
                        0x08026645    0x10  Code  Gb  CUartProtocol.o [1]
void std::allocator<std::_Tree_node<std::pair<void *const , CUartProtocol *>, void *>>::construct<std::pair<void *const , CUartProtocol *>, std::piecewise_construct_t const &, std::tuple<void *const &>, std::tuple<>>(std::pair<void *const , CUartProtocol *> *, std::piecewise_construct_t const &, std::tuple<void *const &>, std::tuple<> &&...)
                        0x080270dd    0x58  Code  Gb  CUartProtocol.o [1]
void std::allocator<std::_Tree_node<std::pair<void *const , CUartProtocol *>, void *>>::destroy<std::pair<void *const , CUartProtocol *>>(std::pair<void *const , CUartProtocol *> *)
                        0x08026731     0x2  Code  Gb  CUartProtocol.o [1]
void std::allocator_traits<std::allocator<std::_Tree_node<std::pair<void *const , CUartProtocol *>, void *>>>::construct<std::pair<void *const , CUartProtocol *>, std::piecewise_construct_t const &, std::tuple<void *const &>, std::tuple<>>(std::allocator<std::_Tree_node<std::pair<void *const , CUartProtocol *>, void *>>&, std::pair<void *const , CUartProtocol *> *, std::piecewise_construct_t const &, std::tuple<void *const &>, std::tuple<> &&...)
                        0x08027047    0x3a  Code  Gb  CUartProtocol.o [1]
void std::allocator_traits<std::allocator<std::_Tree_node<std::pair<void *const , CUartProtocol *>, void *>>>::destroy<std::pair<void *const , CUartProtocol *>>(std::allocator<std::_Tree_node<std::pair<void *const , CUartProtocol *>, void *>>&, std::pair<void *const , CUartProtocol *> *)
                        0x080266eb    0x10  Code  Gb  CUartProtocol.o [1]
vprintf                 0x08025a35    0x20  Code  Gb  vprintf.o [3]
xActiveTimerList1       0x20005e28    0x14  Data  Lc  timers.o [1]
xActiveTimerList2       0x20005e3c    0x14  Data  Lc  timers.o [1]
xBlockAllocatedBit      0x20005e84     0x4  Data  Lc  heap_4.o [1]
xDelayedTaskList1       0x20005dc4    0x14  Data  Lc  tasks.o [1]
xDelayedTaskList2       0x20005dd8    0x14  Data  Lc  tasks.o [1]
xFreeBytesRemaining     0x20005e7c     0x4  Data  Lc  heap_4.o [1]
xHeapStructSize         0x08027a14     0x4  Data  Lc  heap_4.o [1]
xIdleTaskHandle         0x20005ed8     0x4  Data  Lc  tasks.o [1]
xMinimumEverFreeBytesRemaining
                        0x20005e80     0x4  Data  Lc  heap_4.o [1]
xNextTaskUnblockTime    0x20005ed4     0x4  Data  Lc  tasks.o [1]
xNumOfOverflows         0x20005ecc     0x4  Data  Lc  tasks.o [1]
xPendingReadyList       0x20005dec    0x14  Data  Lc  tasks.o [1]
xPortStartScheduler     0x08023f7d    0x9e  Code  Gb  port.o [1]
xPortSysTickHandler     0x0802405b    0x28  Code  Gb  port.o [1]
xQueueGenericCreate     0x080245e1    0x42  Code  Gb  queue.o [1]
xQueueGenericReceive    0x080248a5   0x194  Code  Gb  queue.o [1]
xQueueGenericReset      0x0802455d    0x84  Code  Gb  queue.o [1]
xQueueGenericSend       0x0802465f   0x184  Code  Gb  queue.o [1]
xQueueGenericSendFromISR
                        0x080247e3    0xc2  Code  Gb  queue.o [1]
xQueueRegistry          0x20005d6c    0x40  Data  Gb  queue.o [1]
xSchedulerRunning       0x20005ec0     0x4  Data  Lc  tasks.o [1]
xStart                  0x20005e60     0x8  Data  Lc  heap_4.o [1]
xSuspendedTaskList      0x20005e14    0x14  Data  Lc  tasks.o [1]
xTaskCheckForTimeOut    0x08023829    0x58  Code  Gb  tasks.o [1]
xTaskCreate             0x0802317d    0x74  Code  Gb  tasks.o [1]
xTaskGetSchedulerState  0x080239cd    0x20  Code  Gb  tasks.o [1]
xTaskGetTickCount       0x080235d7     0x8  Code  Gb  tasks.o [1]
xTaskIncrementTick      0x080235df   0x116  Code  Gb  tasks.o [1]
xTaskPriorityDisinherit
                        0x08023a9b    0x90  Code  Gb  tasks.o [1]
xTaskRemoveFromEventList
                        0x08023791    0x6a  Code  Gb  tasks.o [1]
xTaskResumeAll          0x080234eb    0xec  Code  Gb  tasks.o [1]
xTasksWaitingTermination
                        0x20005e00    0x14  Data  Lc  tasks.o [1]
xTickCount              0x20005eb8     0x4  Data  Lc  tasks.o [1]
xTimerCreateTimerTask   0x080240ed    0x34  Code  Gb  timers.o [1]
xTimerGenericCommand    0x08024121    0x74  Code  Gb  timers.o [1]
xTimerQueue             0x20005ee8     0x4  Data  Lc  timers.o [1]
xTimerTaskHandle        0x20005eec     0x4  Data  Lc  timers.o [1]
xYieldPending           0x20005ec8     0x4  Data  Lc  tasks.o [1]


[1] = H:\cp_data\STM32\develop_stm32f405\project\Debug\Obj
[2] = command line
[3] = dl7M_tlf.a
[4] = dlpp7M_tl_fc.a
[5] = m7M_tls.a
[6] = rt7M_tl.a
[7] = shb_l.a

  30 900 bytes of readonly  code memory
     880 bytes of readonly  data memory
  73 482 bytes of readwrite data memory

Errors: none
Warnings: 2
